
===========================================================================
 report_power
============================================================================
======================= Fastest Corner ===================================

Group                  Internal  Switching    Leakage      Total
                          Power      Power      Power      Power (Watts)
----------------------------------------------------------------
Sequential             5.91e-03   3.43e-04   1.09e-05   6.26e-03  30.5%
Combinational          6.28e-03   7.97e-03   1.25e-07   1.42e-02  69.5%
Macro                  0.00e+00   0.00e+00   0.00e+00   0.00e+00   0.0%
Pad                    0.00e+00   0.00e+00   0.00e+00   0.00e+00   0.0%
----------------------------------------------------------------
Total                  1.22e-02   8.31e-03   1.10e-05   2.05e-02 100.0%
                          59.4%      40.5%       0.1%

======================= Slowest Corner ===================================

Group                  Internal  Switching    Leakage      Total
                          Power      Power      Power      Power (Watts)
----------------------------------------------------------------
Sequential             3.93e-03   2.23e-04   4.35e-05   4.20e-03  30.0%
Combinational          4.50e-03   5.26e-03   5.60e-05   9.81e-03  70.0%
Macro                  0.00e+00   0.00e+00   0.00e+00   0.00e+00   0.0%
Pad                    0.00e+00   0.00e+00   0.00e+00   0.00e+00   0.0%
----------------------------------------------------------------
Total                  8.43e-03   5.48e-03   9.95e-05   1.40e-02 100.0%
                          60.2%      39.1%       0.7%

======================= Typical Corner ===================================

Group                  Internal  Switching    Leakage      Total
                          Power      Power      Power      Power (Watts)
----------------------------------------------------------------
Sequential             5.08e-03   2.87e-04   1.09e-05   5.38e-03  30.5%
Combinational          5.53e-03   6.73e-03   5.65e-08   1.23e-02  69.5%
Macro                  0.00e+00   0.00e+00   0.00e+00   0.00e+00   0.0%
Pad                    0.00e+00   0.00e+00   0.00e+00   0.00e+00   0.0%
----------------------------------------------------------------
Total                  1.06e-02   7.01e-03   1.09e-05   1.76e-02 100.0%
                          60.2%      39.8%       0.1%

