
 /----------------------------------------------------------------------------\
 |                                                                            |
 |  yosys -- Yosys Open SYnthesis Suite                                       |
 |                                                                            |
 |  Copyright (C) 2012 - 2020  Claire Xenia Wolf <claire@yosyshq.com>         |
 |                                                                            |
 |  Permission to use, copy, modify, and/or distribute this software for any  |
 |  purpose with or without fee is hereby granted, provided that the above    |
 |  copyright notice and this permission notice appear in all copies.         |
 |                                                                            |
 |  THE SOFTWARE IS PROVIDED "AS IS" AND THE AUTHOR DISCLAIMS ALL WARRANTIES  |
 |  WITH REGARD TO THIS SOFTWARE INCLUDING ALL IMPLIED WARRANTIES OF          |
 |  MERCHANTABILITY AND FITNESS. IN NO EVENT SHALL THE AUTHOR BE LIABLE FOR   |
 |  ANY SPECIAL, DIRECT, INDIRECT, OR CONSEQUENTIAL DAMAGES OR ANY DAMAGES    |
 |  WHATSOEVER RESULTING FROM LOSS OF USE, DATA OR PROFITS, WHETHER IN AN     |
 |  ACTION OF CONTRACT, NEGLIGENCE OR OTHER TORTIOUS ACTION, ARISING OUT OF   |
 |  OR IN CONNECTION WITH THE USE OR PERFORMANCE OF THIS SOFTWARE.            |
 |                                                                            |
 \----------------------------------------------------------------------------/

 Yosys 0.30+48 (git sha1 14d50a176d5, gcc 8.3.1 -fPIC -Os)

[TCL: yosys -import] Command name collision: found pre-existing command `cd' -> skip.
[TCL: yosys -import] Command name collision: found pre-existing command `eval' -> skip.
[TCL: yosys -import] Command name collision: found pre-existing command `exec' -> skip.
[TCL: yosys -import] Command name collision: found pre-existing command `read' -> skip.
[TCL: yosys -import] Command name collision: found pre-existing command `trace' -> skip.

1. Executing Verilog-2005 frontend: /openlane/designs/Singgle_cycle/src/Adder.sv
Parsing SystemVerilog input from `/openlane/designs/Singgle_cycle/src/Adder.sv' to AST representation.
Generating RTLIL representation for module `\Adder'.
Successfully finished Verilog frontend.

2. Executing Verilog-2005 frontend: /openlane/designs/Singgle_cycle/src/ALU_Control.sv
Parsing SystemVerilog input from `/openlane/designs/Singgle_cycle/src/ALU_Control.sv' to AST representation.
Generating RTLIL representation for module `\ALU_Control'.
Successfully finished Verilog frontend.

3. Executing Verilog-2005 frontend: /openlane/designs/Singgle_cycle/src/ALU_unit.sv
Parsing SystemVerilog input from `/openlane/designs/Singgle_cycle/src/ALU_unit.sv' to AST representation.
Generating RTLIL representation for module `\ALU_unit'.
Successfully finished Verilog frontend.

4. Executing Verilog-2005 frontend: /openlane/designs/Singgle_cycle/src/Control_Unit.sv
Parsing SystemVerilog input from `/openlane/designs/Singgle_cycle/src/Control_Unit.sv' to AST representation.
Generating RTLIL representation for module `\Control_Unit'.
Successfully finished Verilog frontend.

5. Executing Verilog-2005 frontend: /openlane/designs/Singgle_cycle/src/Data_Memory.sv
Parsing SystemVerilog input from `/openlane/designs/Singgle_cycle/src/Data_Memory.sv' to AST representation.
Generating RTLIL representation for module `\Data_Memory'.
Warning: Replacing memory \D_Memory with list of registers. See /openlane/designs/Singgle_cycle/src/Data_Memory.sv:12
Successfully finished Verilog frontend.

6. Executing Verilog-2005 frontend: /openlane/designs/Singgle_cycle/src/ImmGen.sv
Parsing SystemVerilog input from `/openlane/designs/Singgle_cycle/src/ImmGen.sv' to AST representation.
Generating RTLIL representation for module `\ImmGen'.
Successfully finished Verilog frontend.

7. Executing Verilog-2005 frontend: /openlane/designs/Singgle_cycle/src/Instruction_Mem.sv
/openlane/designs/Singgle_cycle/src/Instruction_Mem.sv:0: ERROR: Can not open file `mem.dump` for \$readmemh.
