OpenROAD 41a51eaf4ca2171c92ff38afb91eb37bbd3f36da 
This program is licensed under the BSD-3 license. See the LICENSE file for details.
Components of this program may be licensed under more restrictive licenses which must be honored.
[INFO]: Reading ODB at '/openlane/designs/Singgle_cycle/runs/RUN_2026.10.05_13.20.55/results/floorplan/top.odb'…
define_corners Typical
read_liberty -corner Typical /home/thiennb/.ciel/sky130A/libs.ref/sky130_fd_sc_hd/lib/sky130_fd_sc_hd__tt_025C_1v80.lib
Using 1e-12 for capacitance...
Using 1e+03 for resistance...
Using 1e-09 for time...
Using 1e+00 for voltage...
Using 1e-03 for current...
Using 1e-09 for power...
Using 1e-06 for distance...
Reading design constraints file at '/openlane/designs/Singgle_cycle/runs/RUN_2026.10.05_13.20.55/tmp/floorplan/3-initial_fp.sdc'…
[WARN] All instances are FIXED/FIRM.
[WARN] No need to perform global placement.
[WARN] Skipping...
Setting global connections for newly added cells…
Writing OpenROAD database to '/openlane/designs/Singgle_cycle/runs/RUN_2026.10.05_13.20.55/tmp/placement/7-global.odb'…
Writing netlist to '/openlane/designs/Singgle_cycle/runs/RUN_2026.10.05_13.20.55/tmp/placement/7-global.nl.v'…
Writing powered netlist to '/openlane/designs/Singgle_cycle/runs/RUN_2026.10.05_13.20.55/tmp/placement/7-global.pnl.v'…
Writing layout to '/openlane/designs/Singgle_cycle/runs/RUN_2026.10.05_13.20.55/tmp/placement/7-global.def'…
