[ERROR]: during executing yosys script /openlane/scripts/yosys/synth.tcl
[ERROR]: Log: designs/Singgle_cycle/runs/RUN_2026.10.05_12.59.33/logs/synthesis/1-synthesis.log
[ERROR]: Last 10 lines:
Warning: Replacing memory \Registers with list of registers. See /openlane/designs/Singgle_cycle/src/Reg_file.sv:13
Successfully finished Verilog frontend.

12. Executing Verilog-2005 frontend: /openlane/designs/Singgle_cycle/src/tb_top.sv
Parsing SystemVerilog input from `/openlane/designs/Singgle_cycle/src/tb_top.sv' to AST representation.
Generating RTLIL representation for module `\tb_top'.
/openlane/designs/Singgle_cycle/src/tb_top.sv:0: Warning: Ignoring call to system task $dumpfile.
/openlane/designs/Singgle_cycle/src/tb_top.sv:0: Warning: Ignoring call to system task $dumpvars.
/openlane/designs/Singgle_cycle/src/tb_top.sv:0: ERROR: System task `$finish' executed.
child process exited abnormally

[ERROR]: Creating issue reproducible...
[ERROR]: Step 1 (synthesis) failed with error:
-code 1 -level 0 -errorcode NONE -errorinfo {
    while executing
"throw_error"
    (procedure "run_tcl_script" line 219)
    invoked from within
"run_tcl_script -tool yosys -no_consume {*}$args"
    (procedure "run_yosys_script" line 2)
    invoked from within
"run_yosys_script $::env(SYNTH_SCRIPT) -indexed_log $arg_values(-indexed_log)"
    (procedure "run_yosys" line 44)
    invoked from within
"run_yosys -indexed_log $log"
    (procedure "run_synthesis" line 13)
    invoked from within
"run_synthesis"} -errorline 1
[ERROR]: Flow failed.
