
===========================================================================
 report_power
============================================================================
======================= Fastest Corner ===================================

Group                  Internal  Switching    Leakage      Total
                          Power      Power      Power      Power (Watts)
----------------------------------------------------------------
Sequential             5.91e-03   3.57e-04   1.09e-05   6.27e-03  30.1%
Combinational          6.29e-03   8.26e-03   1.25e-07   1.45e-02  69.9%
Macro                  0.00e+00   0.00e+00   0.00e+00   0.00e+00   0.0%
Pad                    0.00e+00   0.00e+00   0.00e+00   0.00e+00   0.0%
----------------------------------------------------------------
Total                  1.22e-02   8.62e-03   1.10e-05   2.08e-02 100.0%
                          58.6%      41.4%       0.1%

======================= Slowest Corner ===================================

Group                  Internal  Switching    Leakage      Total
                          Power      Power      Power      Power (Watts)
----------------------------------------------------------------
Sequential             3.93e-03   2.33e-04   4.35e-05   4.20e-03  29.6%
Combinational          4.50e-03   5.46e-03   5.60e-05   1.00e-02  70.4%
Macro                  0.00e+00   0.00e+00   0.00e+00   0.00e+00   0.0%
Pad                    0.00e+00   0.00e+00   0.00e+00   0.00e+00   0.0%
----------------------------------------------------------------
Total                  8.42e-03   5.69e-03   9.95e-05   1.42e-02 100.0%
                          59.3%      40.0%       0.7%

======================= Typical Corner ===================================

Group                  Internal  Switching    Leakage      Total
                          Power      Power      Power      Power (Watts)
----------------------------------------------------------------
Sequential             5.08e-03   2.99e-04   1.09e-05   5.39e-03  30.1%
Combinational          5.53e-03   6.98e-03   5.65e-08   1.25e-02  69.9%
Macro                  0.00e+00   0.00e+00   0.00e+00   0.00e+00   0.0%
Pad                    0.00e+00   0.00e+00   0.00e+00   0.00e+00   0.0%
----------------------------------------------------------------
Total                  1.06e-02   7.28e-03   1.09e-05   1.79e-02 100.0%
                          59.3%      40.7%       0.1%

