[INFO]: Run Directory: /openlane/designs/Singgle_cycle/runs/RUN_2026.10.05_12.51.03
[INFO]: Saving runtime environment...
[INFO]: Preparing LEF files for the nom corner...
[INFO]: Preparing LEF files for the min corner...
[INFO]: Preparing LEF files for the max corner...
[INFO]: Running linter (Verilator) (log: designs/Singgle_cycle/runs/RUN_2026.10.05_12.51.03/logs/synthesis/linter.log)...
[INFO]: 0 errors found by linter
[WARNING]: 25 warnings found by linter
[INFO]: Running Synthesis (log: designs/Singgle_cycle/runs/RUN_2026.10.05_12.51.03/logs/synthesis/1-synthesis.log)...
[ERROR]: during executing yosys script /openlane/scripts/yosys/synth.tcl
[ERROR]: Log: designs/Singgle_cycle/runs/RUN_2026.10.05_12.51.03/logs/synthesis/1-synthesis.log
[ERROR]: Last 10 lines:
Successfully finished Verilog frontend.

6. Executing Verilog-2005 frontend: /openlane/designs/Singgle_cycle/src/ImmGen.sv
Parsing SystemVerilog input from `/openlane/designs/Singgle_cycle/src/ImmGen.sv' to AST representation.
Generating RTLIL representation for module `\ImmGen'.
Successfully finished Verilog frontend.

7. Executing Verilog-2005 frontend: /openlane/designs/Singgle_cycle/src/Instruction_Mem.sv
/openlane/designs/Singgle_cycle/src/Instruction_Mem.sv:0: ERROR: Can not open file `mem.dump` for \$readmemh.
child process exited abnormally

[ERROR]: Creating issue reproducible...
[INFO]: Saving runtime environment...
[INFO]: Reproducible packaged: Please tarball and upload 'designs/Singgle_cycle/runs/RUN_2026.10.05_12.51.03/issue_reproducible' if you're going to submit an issue.
[ERROR]: Step 1 (synthesis) failed with error:
-code 1 -level 0 -errorcode NONE -errorinfo {
    while executing
"throw_error"
    (procedure "run_tcl_script" line 219)
    invoked from within
"run_tcl_script -tool yosys -no_consume {*}$args"
    (procedure "run_yosys_script" line 2)
    invoked from within
"run_yosys_script $::env(SYNTH_SCRIPT) -indexed_log $arg_values(-indexed_log)"
    (procedure "run_yosys" line 44)
    invoked from within
"run_yosys -indexed_log $log"
    (procedure "run_synthesis" line 13)
    invoked from within
"run_synthesis"} -errorline 1
[INFO]: Saving current set of views in 'designs/Singgle_cycle/runs/RUN_2026.10.05_12.51.03/results/final'...
[INFO]: Generating final set of reports...
[INFO]: Created manufacturability report at 'designs/Singgle_cycle/runs/RUN_2026.10.05_12.51.03/reports/manufacturability.rpt'.
[INFO]: Created metrics report at 'designs/Singgle_cycle/runs/RUN_2026.10.05_12.51.03/reports/metrics.csv'.
[INFO]: Saving runtime environment...
[ERROR]: Flow failed.
[INFO]: The failure may have been because of the following warnings:
