
 /----------------------------------------------------------------------------\
 |                                                                            |
 |  yosys -- Yosys Open SYnthesis Suite                                       |
 |                                                                            |
 |  Copyright (C) 2012 - 2020  Claire Xenia Wolf <claire@yosyshq.com>         |
 |                                                                            |
 |  Permission to use, copy, modify, and/or distribute this software for any  |
 |  purpose with or without fee is hereby granted, provided that the above    |
 |  copyright notice and this permission notice appear in all copies.         |
 |                                                                            |
 |  THE SOFTWARE IS PROVIDED "AS IS" AND THE AUTHOR DISCLAIMS ALL WARRANTIES  |
 |  WITH REGARD TO THIS SOFTWARE INCLUDING ALL IMPLIED WARRANTIES OF          |
 |  MERCHANTABILITY AND FITNESS. IN NO EVENT SHALL THE AUTHOR BE LIABLE FOR   |
 |  ANY SPECIAL, DIRECT, INDIRECT, OR CONSEQUENTIAL DAMAGES OR ANY DAMAGES    |
 |  WHATSOEVER RESULTING FROM LOSS OF USE, DATA OR PROFITS, WHETHER IN AN     |
 |  ACTION OF CONTRACT, NEGLIGENCE OR OTHER TORTIOUS ACTION, ARISING OUT OF   |
 |  OR IN CONNECTION WITH THE USE OR PERFORMANCE OF THIS SOFTWARE.            |
 |                                                                            |
 \----------------------------------------------------------------------------/

 Yosys 0.30+48 (git sha1 14d50a176d5, gcc 8.3.1 -fPIC -Os)

[TCL: yosys -import] Command name collision: found pre-existing command `cd' -> skip.
[TCL: yosys -import] Command name collision: found pre-existing command `eval' -> skip.
[TCL: yosys -import] Command name collision: found pre-existing command `exec' -> skip.
[TCL: yosys -import] Command name collision: found pre-existing command `read' -> skip.
[TCL: yosys -import] Command name collision: found pre-existing command `trace' -> skip.

1. Executing Verilog-2005 frontend: /openlane/designs/Singgle_cycle/src/Adder.sv
Parsing SystemVerilog input from `/openlane/designs/Singgle_cycle/src/Adder.sv' to AST representation.
Generating RTLIL representation for module `\Adder'.
Successfully finished Verilog frontend.

2. Executing Verilog-2005 frontend: /openlane/designs/Singgle_cycle/src/ALU_Control.sv
Parsing SystemVerilog input from `/openlane/designs/Singgle_cycle/src/ALU_Control.sv' to AST representation.
Generating RTLIL representation for module `\ALU_Control'.
Successfully finished Verilog frontend.

3. Executing Verilog-2005 frontend: /openlane/designs/Singgle_cycle/src/ALU_unit.sv
Parsing SystemVerilog input from `/openlane/designs/Singgle_cycle/src/ALU_unit.sv' to AST representation.
Generating RTLIL representation for module `\ALU_unit'.
Successfully finished Verilog frontend.

4. Executing Verilog-2005 frontend: /openlane/designs/Singgle_cycle/src/Control_Unit.sv
Parsing SystemVerilog input from `/openlane/designs/Singgle_cycle/src/Control_Unit.sv' to AST representation.
Generating RTLIL representation for module `\Control_Unit'.
Successfully finished Verilog frontend.

5. Executing Verilog-2005 frontend: /openlane/designs/Singgle_cycle/src/Data_Memory.sv
Parsing SystemVerilog input from `/openlane/designs/Singgle_cycle/src/Data_Memory.sv' to AST representation.
Generating RTLIL representation for module `\Data_Memory'.
Warning: Replacing memory \D_Memory with list of registers. See /openlane/designs/Singgle_cycle/src/Data_Memory.sv:12
Successfully finished Verilog frontend.

6. Executing Verilog-2005 frontend: /openlane/designs/Singgle_cycle/src/ImmGen.sv
Parsing SystemVerilog input from `/openlane/designs/Singgle_cycle/src/ImmGen.sv' to AST representation.
Generating RTLIL representation for module `\ImmGen'.
Successfully finished Verilog frontend.

7. Executing Verilog-2005 frontend: /openlane/designs/Singgle_cycle/src/Instruction_Mem.sv
Parsing SystemVerilog input from `/openlane/designs/Singgle_cycle/src/Instruction_Mem.sv' to AST representation.
Generating RTLIL representation for module `\Instruction_Mem'.
Successfully finished Verilog frontend.

8. Executing Verilog-2005 frontend: /openlane/designs/Singgle_cycle/src/Mux2to1.sv
Parsing SystemVerilog input from `/openlane/designs/Singgle_cycle/src/Mux2to1.sv' to AST representation.
Generating RTLIL representation for module `\Mux2to1'.
Successfully finished Verilog frontend.

9. Executing Verilog-2005 frontend: /openlane/designs/Singgle_cycle/src/PCplus4.sv
Parsing SystemVerilog input from `/openlane/designs/Singgle_cycle/src/PCplus4.sv' to AST representation.
Generating RTLIL representation for module `\PCplus4'.
Successfully finished Verilog frontend.

10. Executing Verilog-2005 frontend: /openlane/designs/Singgle_cycle/src/Program_Counter.sv
Parsing SystemVerilog input from `/openlane/designs/Singgle_cycle/src/Program_Counter.sv' to AST representation.
Generating RTLIL representation for module `\Program_Counter'.
Successfully finished Verilog frontend.

11. Executing Verilog-2005 frontend: /openlane/designs/Singgle_cycle/src/Reg_file.sv
Parsing SystemVerilog input from `/openlane/designs/Singgle_cycle/src/Reg_file.sv' to AST representation.
Generating RTLIL representation for module `\Reg_file'.
Warning: Replacing memory \Registers with list of registers. See /openlane/designs/Singgle_cycle/src/Reg_file.sv:13
Successfully finished Verilog frontend.

12. Executing Verilog-2005 frontend: /openlane/designs/Singgle_cycle/src/top.sv
Parsing SystemVerilog input from `/openlane/designs/Singgle_cycle/src/top.sv' to AST representation.
Generating RTLIL representation for module `\top'.
Successfully finished Verilog frontend.

13. Generating Graphviz representation of design.
Writing dot description to `/openlane/designs/Singgle_cycle/runs/RUN_2026.10.05_13.01.03/tmp/synthesis/hierarchy.dot'.
Dumping module top to page 1.

14. Executing HIERARCHY pass (managing design hierarchy).

14.1. Analyzing design hierarchy..
Top module:  \top
Used module:     \Mux2to1
Used module:     \Data_Memory
Used module:     \Adder
Used module:     \ALU_unit
Used module:     \ALU_Control
Used module:     \Control_Unit
Used module:     \ImmGen
Used module:     \Reg_file
Used module:     \Instruction_Mem
Used module:     \PCplus4
Used module:     \Program_Counter

14.2. Analyzing design hierarchy..
Top module:  \top
Used module:     \Mux2to1
Used module:     \Data_Memory
Used module:     \Adder
Used module:     \ALU_unit
Used module:     \ALU_Control
Used module:     \Control_Unit
Used module:     \ImmGen
Used module:     \Reg_file
Used module:     \Instruction_Mem
Used module:     \PCplus4
Used module:     \Program_Counter
Removed 0 unused modules.

15. Executing TRIBUF pass.

16. Executing HIERARCHY pass (managing design hierarchy).

16.1. Analyzing design hierarchy..
Top module:  \top
Used module:     \Mux2to1
Used module:     \Data_Memory
Used module:     \Adder
Used module:     \ALU_unit
Used module:     \ALU_Control
Used module:     \Control_Unit
Used module:     \ImmGen
Used module:     \Reg_file
Used module:     \Instruction_Mem
Used module:     \PCplus4
Used module:     \Program_Counter

16.2. Analyzing design hierarchy..
Top module:  \top
Used module:     \Mux2to1
Used module:     \Data_Memory
Used module:     \Adder
Used module:     \ALU_unit
Used module:     \ALU_Control
Used module:     \Control_Unit
Used module:     \ImmGen
Used module:     \Reg_file
Used module:     \Instruction_Mem
Used module:     \PCplus4
Used module:     \Program_Counter
Removed 0 unused modules.

17. Executing PROC_CLEAN pass (remove empty switches from decision trees).
Removing empty process `Instruction_Mem.$proc$/openlane/designs/Singgle_cycle/src/Instruction_Mem.sv:0$28'.
Cleaned up 0 empty switches.

18. Executing PROC_RMDEAD pass (remove dead branches from decision trees).
Removed 1 dead cases from process $proc$/openlane/designs/Singgle_cycle/src/Reg_file.sv:0$52 in module Reg_file.
Marked 1 switch rules as full_case in process $proc$/openlane/designs/Singgle_cycle/src/Reg_file.sv:0$52 in module Reg_file.
Removed 1 dead cases from process $proc$/openlane/designs/Singgle_cycle/src/Reg_file.sv:0$49 in module Reg_file.
Marked 1 switch rules as full_case in process $proc$/openlane/designs/Singgle_cycle/src/Reg_file.sv:0$49 in module Reg_file.
Marked 3 switch rules as full_case in process $proc$/openlane/designs/Singgle_cycle/src/Reg_file.sv:10$36 in module Reg_file.
Marked 1 switch rules as full_case in process $proc$/openlane/designs/Singgle_cycle/src/Program_Counter.sv:8$31 in module Program_Counter.
Marked 1 switch rules as full_case in process $proc$/openlane/designs/Singgle_cycle/src/ImmGen.sv:0$25 in module ImmGen.
Removed 1 dead cases from process $proc$/openlane/designs/Singgle_cycle/src/Data_Memory.sv:0$22 in module Data_Memory.
Marked 1 switch rules as full_case in process $proc$/openlane/designs/Singgle_cycle/src/Data_Memory.sv:0$22 in module Data_Memory.
Marked 3 switch rules as full_case in process $proc$/openlane/designs/Singgle_cycle/src/Data_Memory.sv:9$14 in module Data_Memory.
Marked 1 switch rules as full_case in process $proc$/openlane/designs/Singgle_cycle/src/Control_Unit.sv:0$10 in module Control_Unit.
Marked 1 switch rules as full_case in process $proc$/openlane/designs/Singgle_cycle/src/ALU_unit.sv:0$4 in module ALU_unit.
Marked 2 switch rules as full_case in process $proc$/openlane/designs/Singgle_cycle/src/ALU_Control.sv:0$2 in module ALU_Control.
Removed a total of 3 dead cases.

19. Executing PROC_PRUNE pass (remove redundant assignments in processes).
Removed 1 redundant assignment.
Promoted 20 assignments to connections.

20. Executing PROC_INIT pass (extract init attributes).

21. Executing PROC_ARST pass (detect async resets in processes).
Found async reset \rst in `\Reg_file.$proc$/openlane/designs/Singgle_cycle/src/Reg_file.sv:10$36'.
Found async reset \rst in `\Program_Counter.$proc$/openlane/designs/Singgle_cycle/src/Program_Counter.sv:8$31'.
Found async reset \reset in `\Data_Memory.$proc$/openlane/designs/Singgle_cycle/src/Data_Memory.sv:9$14'.

22. Executing PROC_ROM pass (convert switches to ROMs).
Converted 0 switches.
<suppressed ~12 debug messages>

23. Executing PROC_MUX pass (convert decision trees to multiplexers).
Creating decoders for process `\Reg_file.$proc$/openlane/designs/Singgle_cycle/src/Reg_file.sv:0$52'.
     1/1: $1$mem2reg_rd$\Registers$/openlane/designs/Singgle_cycle/src/Reg_file.sv:22$35_DATA[31:0]$54
Creating decoders for process `\Reg_file.$proc$/openlane/designs/Singgle_cycle/src/Reg_file.sv:0$49'.
     1/1: $1$mem2reg_rd$\Registers$/openlane/designs/Singgle_cycle/src/Reg_file.sv:21$34_DATA[31:0]$51
Creating decoders for process `\Reg_file.$proc$/openlane/designs/Singgle_cycle/src/Reg_file.sv:10$36'.
     1/37: $2$mem2reg_wr$\Registers$/openlane/designs/Singgle_cycle/src/Reg_file.sv:17$33_ADDR[4:0]$43
     2/37: $2$mem2reg_wr$\Registers$/openlane/designs/Singgle_cycle/src/Reg_file.sv:17$33_DATA[31:0]$44
     3/37: $1$mem2reg_wr$\Registers$/openlane/designs/Singgle_cycle/src/Reg_file.sv:17$33_DATA[31:0]$40
     4/37: $1$mem2reg_wr$\Registers$/openlane/designs/Singgle_cycle/src/Reg_file.sv:17$33_ADDR[4:0]$39
     5/37: $1\i[31:0]
     6/37: $0\Registers[31][31:0]
     7/37: $0\Registers[30][31:0]
     8/37: $0\Registers[29][31:0]
     9/37: $0\Registers[28][31:0]
    10/37: $0\Registers[27][31:0]
    11/37: $0\Registers[26][31:0]
    12/37: $0\Registers[25][31:0]
    13/37: $0\Registers[24][31:0]
    14/37: $0\Registers[23][31:0]
    15/37: $0\Registers[22][31:0]
    16/37: $0\Registers[21][31:0]
    17/37: $0\Registers[20][31:0]
    18/37: $0\Registers[19][31:0]
    19/37: $0\Registers[18][31:0]
    20/37: $0\Registers[17][31:0]
    21/37: $0\Registers[16][31:0]
    22/37: $0\Registers[15][31:0]
    23/37: $0\Registers[14][31:0]
    24/37: $0\Registers[13][31:0]
    25/37: $0\Registers[12][31:0]
    26/37: $0\Registers[11][31:0]
    27/37: $0\Registers[10][31:0]
    28/37: $0\Registers[9][31:0]
    29/37: $0\Registers[8][31:0]
    30/37: $0\Registers[7][31:0]
    31/37: $0\Registers[6][31:0]
    32/37: $0\Registers[5][31:0]
    33/37: $0\Registers[4][31:0]
    34/37: $0\Registers[3][31:0]
    35/37: $0\Registers[2][31:0]
    36/37: $0\Registers[1][31:0]
    37/37: $0\Registers[0][31:0]
Creating decoders for process `\Program_Counter.$proc$/openlane/designs/Singgle_cycle/src/Program_Counter.sv:8$31'.
     1/1: $0\PC_out[31:0]
Creating decoders for process `\ImmGen.$proc$/openlane/designs/Singgle_cycle/src/ImmGen.sv:0$25'.
     1/1: $1\ImmExt[31:0]
Creating decoders for process `\Data_Memory.$proc$/openlane/designs/Singgle_cycle/src/Data_Memory.sv:0$22'.
     1/1: $1$mem2reg_rd$\D_Memory$/openlane/designs/Singgle_cycle/src/Data_Memory.sv:20$13_DATA[31:0]$24
Creating decoders for process `\Data_Memory.$proc$/openlane/designs/Singgle_cycle/src/Data_Memory.sv:9$14'.
     1/69: $2$mem2reg_wr$\D_Memory$/openlane/designs/Singgle_cycle/src/Data_Memory.sv:16$12_ADDR[5:0]$19
     2/69: $2$mem2reg_wr$\D_Memory$/openlane/designs/Singgle_cycle/src/Data_Memory.sv:16$12_DATA[31:0]$20
     3/69: $1$mem2reg_wr$\D_Memory$/openlane/designs/Singgle_cycle/src/Data_Memory.sv:16$12_DATA[31:0]$18
     4/69: $1$mem2reg_wr$\D_Memory$/openlane/designs/Singgle_cycle/src/Data_Memory.sv:16$12_ADDR[5:0]$17
     5/69: $1\i[31:0]
     6/69: $0\D_Memory[63][31:0]
     7/69: $0\D_Memory[62][31:0]
     8/69: $0\D_Memory[61][31:0]
     9/69: $0\D_Memory[60][31:0]
    10/69: $0\D_Memory[59][31:0]
    11/69: $0\D_Memory[58][31:0]
    12/69: $0\D_Memory[57][31:0]
    13/69: $0\D_Memory[56][31:0]
    14/69: $0\D_Memory[55][31:0]
    15/69: $0\D_Memory[54][31:0]
    16/69: $0\D_Memory[53][31:0]
    17/69: $0\D_Memory[52][31:0]
    18/69: $0\D_Memory[51][31:0]
    19/69: $0\D_Memory[50][31:0]
    20/69: $0\D_Memory[49][31:0]
    21/69: $0\D_Memory[48][31:0]
    22/69: $0\D_Memory[47][31:0]
    23/69: $0\D_Memory[46][31:0]
    24/69: $0\D_Memory[45][31:0]
    25/69: $0\D_Memory[44][31:0]
    26/69: $0\D_Memory[43][31:0]
    27/69: $0\D_Memory[42][31:0]
    28/69: $0\D_Memory[41][31:0]
    29/69: $0\D_Memory[40][31:0]
    30/69: $0\D_Memory[39][31:0]
    31/69: $0\D_Memory[38][31:0]
    32/69: $0\D_Memory[37][31:0]
    33/69: $0\D_Memory[36][31:0]
    34/69: $0\D_Memory[35][31:0]
    35/69: $0\D_Memory[34][31:0]
    36/69: $0\D_Memory[33][31:0]
    37/69: $0\D_Memory[32][31:0]
    38/69: $0\D_Memory[31][31:0]
    39/69: $0\D_Memory[30][31:0]
    40/69: $0\D_Memory[29][31:0]
    41/69: $0\D_Memory[28][31:0]
    42/69: $0\D_Memory[27][31:0]
    43/69: $0\D_Memory[26][31:0]
    44/69: $0\D_Memory[25][31:0]
    45/69: $0\D_Memory[24][31:0]
    46/69: $0\D_Memory[23][31:0]
    47/69: $0\D_Memory[22][31:0]
    48/69: $0\D_Memory[21][31:0]
    49/69: $0\D_Memory[20][31:0]
    50/69: $0\D_Memory[19][31:0]
    51/69: $0\D_Memory[18][31:0]
    52/69: $0\D_Memory[17][31:0]
    53/69: $0\D_Memory[16][31:0]
    54/69: $0\D_Memory[15][31:0]
    55/69: $0\D_Memory[14][31:0]
    56/69: $0\D_Memory[13][31:0]
    57/69: $0\D_Memory[12][31:0]
    58/69: $0\D_Memory[11][31:0]
    59/69: $0\D_Memory[10][31:0]
    60/69: $0\D_Memory[9][31:0]
    61/69: $0\D_Memory[8][31:0]
    62/69: $0\D_Memory[7][31:0]
    63/69: $0\D_Memory[6][31:0]
    64/69: $0\D_Memory[5][31:0]
    65/69: $0\D_Memory[4][31:0]
    66/69: $0\D_Memory[3][31:0]
    67/69: $0\D_Memory[2][31:0]
    68/69: $0\D_Memory[1][31:0]
    69/69: $0\D_Memory[0][31:0]
Creating decoders for process `\Control_Unit.$proc$/openlane/designs/Singgle_cycle/src/Control_Unit.sv:0$10'.
     1/1: { $1\ALUSrc[0:0] $1\MemtoReg[0:0] $1\RegWrite[0:0] $1\MemRead[0:0] $1\MemWrite[0:0] $1\Branch[0:0] $1\ALUOp[1:0] }
Creating decoders for process `\ALU_unit.$proc$/openlane/designs/Singgle_cycle/src/ALU_unit.sv:0$4'.
     1/1: $1\ALU_Result[31:0]
Creating decoders for process `\ALU_Control.$proc$/openlane/designs/Singgle_cycle/src/ALU_Control.sv:0$2'.
     1/2: $2\Control_out[3:0]
     2/2: $1\Control_out[3:0]

24. Executing PROC_DLATCH pass (convert process syncs to latches).
No latch inferred for signal `\Reg_file.$mem2reg_rd$\Registers$/openlane/designs/Singgle_cycle/src/Reg_file.sv:22$35_DATA' from process `\Reg_file.$proc$/openlane/designs/Singgle_cycle/src/Reg_file.sv:0$52'.
No latch inferred for signal `\Reg_file.$mem2reg_rd$\Registers$/openlane/designs/Singgle_cycle/src/Reg_file.sv:21$34_DATA' from process `\Reg_file.$proc$/openlane/designs/Singgle_cycle/src/Reg_file.sv:0$49'.
No latch inferred for signal `\ImmGen.\ImmExt' from process `\ImmGen.$proc$/openlane/designs/Singgle_cycle/src/ImmGen.sv:0$25'.
No latch inferred for signal `\Data_Memory.$mem2reg_rd$\D_Memory$/openlane/designs/Singgle_cycle/src/Data_Memory.sv:20$13_DATA' from process `\Data_Memory.$proc$/openlane/designs/Singgle_cycle/src/Data_Memory.sv:0$22'.
No latch inferred for signal `\Control_Unit.\ALUOp' from process `\Control_Unit.$proc$/openlane/designs/Singgle_cycle/src/Control_Unit.sv:0$10'.
No latch inferred for signal `\Control_Unit.\Branch' from process `\Control_Unit.$proc$/openlane/designs/Singgle_cycle/src/Control_Unit.sv:0$10'.
No latch inferred for signal `\Control_Unit.\MemRead' from process `\Control_Unit.$proc$/openlane/designs/Singgle_cycle/src/Control_Unit.sv:0$10'.
No latch inferred for signal `\Control_Unit.\MemtoReg' from process `\Control_Unit.$proc$/openlane/designs/Singgle_cycle/src/Control_Unit.sv:0$10'.
No latch inferred for signal `\Control_Unit.\MemWrite' from process `\Control_Unit.$proc$/openlane/designs/Singgle_cycle/src/Control_Unit.sv:0$10'.
No latch inferred for signal `\Control_Unit.\ALUSrc' from process `\Control_Unit.$proc$/openlane/designs/Singgle_cycle/src/Control_Unit.sv:0$10'.
No latch inferred for signal `\Control_Unit.\RegWrite' from process `\Control_Unit.$proc$/openlane/designs/Singgle_cycle/src/Control_Unit.sv:0$10'.
No latch inferred for signal `\ALU_unit.\ALU_Result' from process `\ALU_unit.$proc$/openlane/designs/Singgle_cycle/src/ALU_unit.sv:0$4'.
No latch inferred for signal `\ALU_unit.\zero' from process `\ALU_unit.$proc$/openlane/designs/Singgle_cycle/src/ALU_unit.sv:0$4'.
No latch inferred for signal `\ALU_Control.\Control_out' from process `\ALU_Control.$proc$/openlane/designs/Singgle_cycle/src/ALU_Control.sv:0$2'.

25. Executing PROC_DFF pass (convert process syncs to FFs).
Creating register for signal `\Reg_file.\i' using process `\Reg_file.$proc$/openlane/designs/Singgle_cycle/src/Reg_file.sv:10$36'.
  created $adff cell `$procdff$3223' with positive edge clock and positive level reset.
Creating register for signal `\Reg_file.\Registers[0]' using process `\Reg_file.$proc$/openlane/designs/Singgle_cycle/src/Reg_file.sv:10$36'.
  created $adff cell `$procdff$3224' with positive edge clock and positive level reset.
Creating register for signal `\Reg_file.\Registers[1]' using process `\Reg_file.$proc$/openlane/designs/Singgle_cycle/src/Reg_file.sv:10$36'.
  created $adff cell `$procdff$3225' with positive edge clock and positive level reset.
Creating register for signal `\Reg_file.\Registers[2]' using process `\Reg_file.$proc$/openlane/designs/Singgle_cycle/src/Reg_file.sv:10$36'.
  created $adff cell `$procdff$3226' with positive edge clock and positive level reset.
Creating register for signal `\Reg_file.\Registers[3]' using process `\Reg_file.$proc$/openlane/designs/Singgle_cycle/src/Reg_file.sv:10$36'.
  created $adff cell `$procdff$3227' with positive edge clock and positive level reset.
Creating register for signal `\Reg_file.\Registers[4]' using process `\Reg_file.$proc$/openlane/designs/Singgle_cycle/src/Reg_file.sv:10$36'.
  created $adff cell `$procdff$3228' with positive edge clock and positive level reset.
Creating register for signal `\Reg_file.\Registers[5]' using process `\Reg_file.$proc$/openlane/designs/Singgle_cycle/src/Reg_file.sv:10$36'.
  created $adff cell `$procdff$3229' with positive edge clock and positive level reset.
Creating register for signal `\Reg_file.\Registers[6]' using process `\Reg_file.$proc$/openlane/designs/Singgle_cycle/src/Reg_file.sv:10$36'.
  created $adff cell `$procdff$3230' with positive edge clock and positive level reset.
Creating register for signal `\Reg_file.\Registers[7]' using process `\Reg_file.$proc$/openlane/designs/Singgle_cycle/src/Reg_file.sv:10$36'.
  created $adff cell `$procdff$3231' with positive edge clock and positive level reset.
Creating register for signal `\Reg_file.\Registers[8]' using process `\Reg_file.$proc$/openlane/designs/Singgle_cycle/src/Reg_file.sv:10$36'.
  created $adff cell `$procdff$3232' with positive edge clock and positive level reset.
Creating register for signal `\Reg_file.\Registers[9]' using process `\Reg_file.$proc$/openlane/designs/Singgle_cycle/src/Reg_file.sv:10$36'.
  created $adff cell `$procdff$3233' with positive edge clock and positive level reset.
Creating register for signal `\Reg_file.\Registers[10]' using process `\Reg_file.$proc$/openlane/designs/Singgle_cycle/src/Reg_file.sv:10$36'.
  created $adff cell `$procdff$3234' with positive edge clock and positive level reset.
Creating register for signal `\Reg_file.\Registers[11]' using process `\Reg_file.$proc$/openlane/designs/Singgle_cycle/src/Reg_file.sv:10$36'.
  created $adff cell `$procdff$3235' with positive edge clock and positive level reset.
Creating register for signal `\Reg_file.\Registers[12]' using process `\Reg_file.$proc$/openlane/designs/Singgle_cycle/src/Reg_file.sv:10$36'.
  created $adff cell `$procdff$3236' with positive edge clock and positive level reset.
Creating register for signal `\Reg_file.\Registers[13]' using process `\Reg_file.$proc$/openlane/designs/Singgle_cycle/src/Reg_file.sv:10$36'.
  created $adff cell `$procdff$3237' with positive edge clock and positive level reset.
Creating register for signal `\Reg_file.\Registers[14]' using process `\Reg_file.$proc$/openlane/designs/Singgle_cycle/src/Reg_file.sv:10$36'.
  created $adff cell `$procdff$3238' with positive edge clock and positive level reset.
Creating register for signal `\Reg_file.\Registers[15]' using process `\Reg_file.$proc$/openlane/designs/Singgle_cycle/src/Reg_file.sv:10$36'.
  created $adff cell `$procdff$3239' with positive edge clock and positive level reset.
Creating register for signal `\Reg_file.\Registers[16]' using process `\Reg_file.$proc$/openlane/designs/Singgle_cycle/src/Reg_file.sv:10$36'.
  created $adff cell `$procdff$3240' with positive edge clock and positive level reset.
Creating register for signal `\Reg_file.\Registers[17]' using process `\Reg_file.$proc$/openlane/designs/Singgle_cycle/src/Reg_file.sv:10$36'.
  created $adff cell `$procdff$3241' with positive edge clock and positive level reset.
Creating register for signal `\Reg_file.\Registers[18]' using process `\Reg_file.$proc$/openlane/designs/Singgle_cycle/src/Reg_file.sv:10$36'.
  created $adff cell `$procdff$3242' with positive edge clock and positive level reset.
Creating register for signal `\Reg_file.\Registers[19]' using process `\Reg_file.$proc$/openlane/designs/Singgle_cycle/src/Reg_file.sv:10$36'.
  created $adff cell `$procdff$3243' with positive edge clock and positive level reset.
Creating register for signal `\Reg_file.\Registers[20]' using process `\Reg_file.$proc$/openlane/designs/Singgle_cycle/src/Reg_file.sv:10$36'.
  created $adff cell `$procdff$3244' with positive edge clock and positive level reset.
Creating register for signal `\Reg_file.\Registers[21]' using process `\Reg_file.$proc$/openlane/designs/Singgle_cycle/src/Reg_file.sv:10$36'.
  created $adff cell `$procdff$3245' with positive edge clock and positive level reset.
Creating register for signal `\Reg_file.\Registers[22]' using process `\Reg_file.$proc$/openlane/designs/Singgle_cycle/src/Reg_file.sv:10$36'.
  created $adff cell `$procdff$3246' with positive edge clock and positive level reset.
Creating register for signal `\Reg_file.\Registers[23]' using process `\Reg_file.$proc$/openlane/designs/Singgle_cycle/src/Reg_file.sv:10$36'.
  created $adff cell `$procdff$3247' with positive edge clock and positive level reset.
Creating register for signal `\Reg_file.\Registers[24]' using process `\Reg_file.$proc$/openlane/designs/Singgle_cycle/src/Reg_file.sv:10$36'.
  created $adff cell `$procdff$3248' with positive edge clock and positive level reset.
Creating register for signal `\Reg_file.\Registers[25]' using process `\Reg_file.$proc$/openlane/designs/Singgle_cycle/src/Reg_file.sv:10$36'.
  created $adff cell `$procdff$3249' with positive edge clock and positive level reset.
Creating register for signal `\Reg_file.\Registers[26]' using process `\Reg_file.$proc$/openlane/designs/Singgle_cycle/src/Reg_file.sv:10$36'.
  created $adff cell `$procdff$3250' with positive edge clock and positive level reset.
Creating register for signal `\Reg_file.\Registers[27]' using process `\Reg_file.$proc$/openlane/designs/Singgle_cycle/src/Reg_file.sv:10$36'.
  created $adff cell `$procdff$3251' with positive edge clock and positive level reset.
Creating register for signal `\Reg_file.\Registers[28]' using process `\Reg_file.$proc$/openlane/designs/Singgle_cycle/src/Reg_file.sv:10$36'.
  created $adff cell `$procdff$3252' with positive edge clock and positive level reset.
Creating register for signal `\Reg_file.\Registers[29]' using process `\Reg_file.$proc$/openlane/designs/Singgle_cycle/src/Reg_file.sv:10$36'.
  created $adff cell `$procdff$3253' with positive edge clock and positive level reset.
Creating register for signal `\Reg_file.\Registers[30]' using process `\Reg_file.$proc$/openlane/designs/Singgle_cycle/src/Reg_file.sv:10$36'.
  created $adff cell `$procdff$3254' with positive edge clock and positive level reset.
Creating register for signal `\Reg_file.\Registers[31]' using process `\Reg_file.$proc$/openlane/designs/Singgle_cycle/src/Reg_file.sv:10$36'.
  created $adff cell `$procdff$3255' with positive edge clock and positive level reset.
Creating register for signal `\Reg_file.$mem2reg_wr$\Registers$/openlane/designs/Singgle_cycle/src/Reg_file.sv:17$33_ADDR' using process `\Reg_file.$proc$/openlane/designs/Singgle_cycle/src/Reg_file.sv:10$36'.
  created $adff cell `$procdff$3256' with positive edge clock and positive level reset.
Creating register for signal `\Reg_file.$mem2reg_wr$\Registers$/openlane/designs/Singgle_cycle/src/Reg_file.sv:17$33_DATA' using process `\Reg_file.$proc$/openlane/designs/Singgle_cycle/src/Reg_file.sv:10$36'.
  created $adff cell `$procdff$3257' with positive edge clock and positive level reset.
Creating register for signal `\Program_Counter.\PC_out' using process `\Program_Counter.$proc$/openlane/designs/Singgle_cycle/src/Program_Counter.sv:8$31'.
  created $adff cell `$procdff$3258' with positive edge clock and positive level reset.
Creating register for signal `\Data_Memory.\i' using process `\Data_Memory.$proc$/openlane/designs/Singgle_cycle/src/Data_Memory.sv:9$14'.
  created $adff cell `$procdff$3259' with positive edge clock and positive level reset.
Creating register for signal `\Data_Memory.\D_Memory[0]' using process `\Data_Memory.$proc$/openlane/designs/Singgle_cycle/src/Data_Memory.sv:9$14'.
  created $adff cell `$procdff$3260' with positive edge clock and positive level reset.
Creating register for signal `\Data_Memory.\D_Memory[1]' using process `\Data_Memory.$proc$/openlane/designs/Singgle_cycle/src/Data_Memory.sv:9$14'.
  created $adff cell `$procdff$3261' with positive edge clock and positive level reset.
Creating register for signal `\Data_Memory.\D_Memory[2]' using process `\Data_Memory.$proc$/openlane/designs/Singgle_cycle/src/Data_Memory.sv:9$14'.
  created $adff cell `$procdff$3262' with positive edge clock and positive level reset.
Creating register for signal `\Data_Memory.\D_Memory[3]' using process `\Data_Memory.$proc$/openlane/designs/Singgle_cycle/src/Data_Memory.sv:9$14'.
  created $adff cell `$procdff$3263' with positive edge clock and positive level reset.
Creating register for signal `\Data_Memory.\D_Memory[4]' using process `\Data_Memory.$proc$/openlane/designs/Singgle_cycle/src/Data_Memory.sv:9$14'.
  created $adff cell `$procdff$3264' with positive edge clock and positive level reset.
Creating register for signal `\Data_Memory.\D_Memory[5]' using process `\Data_Memory.$proc$/openlane/designs/Singgle_cycle/src/Data_Memory.sv:9$14'.
  created $adff cell `$procdff$3265' with positive edge clock and positive level reset.
Creating register for signal `\Data_Memory.\D_Memory[6]' using process `\Data_Memory.$proc$/openlane/designs/Singgle_cycle/src/Data_Memory.sv:9$14'.
  created $adff cell `$procdff$3266' with positive edge clock and positive level reset.
Creating register for signal `\Data_Memory.\D_Memory[7]' using process `\Data_Memory.$proc$/openlane/designs/Singgle_cycle/src/Data_Memory.sv:9$14'.
  created $adff cell `$procdff$3267' with positive edge clock and positive level reset.
Creating register for signal `\Data_Memory.\D_Memory[8]' using process `\Data_Memory.$proc$/openlane/designs/Singgle_cycle/src/Data_Memory.sv:9$14'.
  created $adff cell `$procdff$3268' with positive edge clock and positive level reset.
Creating register for signal `\Data_Memory.\D_Memory[9]' using process `\Data_Memory.$proc$/openlane/designs/Singgle_cycle/src/Data_Memory.sv:9$14'.
  created $adff cell `$procdff$3269' with positive edge clock and positive level reset.
Creating register for signal `\Data_Memory.\D_Memory[10]' using process `\Data_Memory.$proc$/openlane/designs/Singgle_cycle/src/Data_Memory.sv:9$14'.
  created $adff cell `$procdff$3270' with positive edge clock and positive level reset.
Creating register for signal `\Data_Memory.\D_Memory[11]' using process `\Data_Memory.$proc$/openlane/designs/Singgle_cycle/src/Data_Memory.sv:9$14'.
  created $adff cell `$procdff$3271' with positive edge clock and positive level reset.
Creating register for signal `\Data_Memory.\D_Memory[12]' using process `\Data_Memory.$proc$/openlane/designs/Singgle_cycle/src/Data_Memory.sv:9$14'.
  created $adff cell `$procdff$3272' with positive edge clock and positive level reset.
Creating register for signal `\Data_Memory.\D_Memory[13]' using process `\Data_Memory.$proc$/openlane/designs/Singgle_cycle/src/Data_Memory.sv:9$14'.
  created $adff cell `$procdff$3273' with positive edge clock and positive level reset.
Creating register for signal `\Data_Memory.\D_Memory[14]' using process `\Data_Memory.$proc$/openlane/designs/Singgle_cycle/src/Data_Memory.sv:9$14'.
  created $adff cell `$procdff$3274' with positive edge clock and positive level reset.
Creating register for signal `\Data_Memory.\D_Memory[15]' using process `\Data_Memory.$proc$/openlane/designs/Singgle_cycle/src/Data_Memory.sv:9$14'.
  created $adff cell `$procdff$3275' with positive edge clock and positive level reset.
Creating register for signal `\Data_Memory.\D_Memory[16]' using process `\Data_Memory.$proc$/openlane/designs/Singgle_cycle/src/Data_Memory.sv:9$14'.
  created $adff cell `$procdff$3276' with positive edge clock and positive level reset.
Creating register for signal `\Data_Memory.\D_Memory[17]' using process `\Data_Memory.$proc$/openlane/designs/Singgle_cycle/src/Data_Memory.sv:9$14'.
  created $adff cell `$procdff$3277' with positive edge clock and positive level reset.
Creating register for signal `\Data_Memory.\D_Memory[18]' using process `\Data_Memory.$proc$/openlane/designs/Singgle_cycle/src/Data_Memory.sv:9$14'.
  created $adff cell `$procdff$3278' with positive edge clock and positive level reset.
Creating register for signal `\Data_Memory.\D_Memory[19]' using process `\Data_Memory.$proc$/openlane/designs/Singgle_cycle/src/Data_Memory.sv:9$14'.
  created $adff cell `$procdff$3279' with positive edge clock and positive level reset.
Creating register for signal `\Data_Memory.\D_Memory[20]' using process `\Data_Memory.$proc$/openlane/designs/Singgle_cycle/src/Data_Memory.sv:9$14'.
  created $adff cell `$procdff$3280' with positive edge clock and positive level reset.
Creating register for signal `\Data_Memory.\D_Memory[21]' using process `\Data_Memory.$proc$/openlane/designs/Singgle_cycle/src/Data_Memory.sv:9$14'.
  created $adff cell `$procdff$3281' with positive edge clock and positive level reset.
Creating register for signal `\Data_Memory.\D_Memory[22]' using process `\Data_Memory.$proc$/openlane/designs/Singgle_cycle/src/Data_Memory.sv:9$14'.
  created $adff cell `$procdff$3282' with positive edge clock and positive level reset.
Creating register for signal `\Data_Memory.\D_Memory[23]' using process `\Data_Memory.$proc$/openlane/designs/Singgle_cycle/src/Data_Memory.sv:9$14'.
  created $adff cell `$procdff$3283' with positive edge clock and positive level reset.
Creating register for signal `\Data_Memory.\D_Memory[24]' using process `\Data_Memory.$proc$/openlane/designs/Singgle_cycle/src/Data_Memory.sv:9$14'.
  created $adff cell `$procdff$3284' with positive edge clock and positive level reset.
Creating register for signal `\Data_Memory.\D_Memory[25]' using process `\Data_Memory.$proc$/openlane/designs/Singgle_cycle/src/Data_Memory.sv:9$14'.
  created $adff cell `$procdff$3285' with positive edge clock and positive level reset.
Creating register for signal `\Data_Memory.\D_Memory[26]' using process `\Data_Memory.$proc$/openlane/designs/Singgle_cycle/src/Data_Memory.sv:9$14'.
  created $adff cell `$procdff$3286' with positive edge clock and positive level reset.
Creating register for signal `\Data_Memory.\D_Memory[27]' using process `\Data_Memory.$proc$/openlane/designs/Singgle_cycle/src/Data_Memory.sv:9$14'.
  created $adff cell `$procdff$3287' with positive edge clock and positive level reset.
Creating register for signal `\Data_Memory.\D_Memory[28]' using process `\Data_Memory.$proc$/openlane/designs/Singgle_cycle/src/Data_Memory.sv:9$14'.
  created $adff cell `$procdff$3288' with positive edge clock and positive level reset.
Creating register for signal `\Data_Memory.\D_Memory[29]' using process `\Data_Memory.$proc$/openlane/designs/Singgle_cycle/src/Data_Memory.sv:9$14'.
  created $adff cell `$procdff$3289' with positive edge clock and positive level reset.
Creating register for signal `\Data_Memory.\D_Memory[30]' using process `\Data_Memory.$proc$/openlane/designs/Singgle_cycle/src/Data_Memory.sv:9$14'.
  created $adff cell `$procdff$3290' with positive edge clock and positive level reset.
Creating register for signal `\Data_Memory.\D_Memory[31]' using process `\Data_Memory.$proc$/openlane/designs/Singgle_cycle/src/Data_Memory.sv:9$14'.
  created $adff cell `$procdff$3291' with positive edge clock and positive level reset.
Creating register for signal `\Data_Memory.\D_Memory[32]' using process `\Data_Memory.$proc$/openlane/designs/Singgle_cycle/src/Data_Memory.sv:9$14'.
  created $adff cell `$procdff$3292' with positive edge clock and positive level reset.
Creating register for signal `\Data_Memory.\D_Memory[33]' using process `\Data_Memory.$proc$/openlane/designs/Singgle_cycle/src/Data_Memory.sv:9$14'.
  created $adff cell `$procdff$3293' with positive edge clock and positive level reset.
Creating register for signal `\Data_Memory.\D_Memory[34]' using process `\Data_Memory.$proc$/openlane/designs/Singgle_cycle/src/Data_Memory.sv:9$14'.
  created $adff cell `$procdff$3294' with positive edge clock and positive level reset.
Creating register for signal `\Data_Memory.\D_Memory[35]' using process `\Data_Memory.$proc$/openlane/designs/Singgle_cycle/src/Data_Memory.sv:9$14'.
  created $adff cell `$procdff$3295' with positive edge clock and positive level reset.
Creating register for signal `\Data_Memory.\D_Memory[36]' using process `\Data_Memory.$proc$/openlane/designs/Singgle_cycle/src/Data_Memory.sv:9$14'.
  created $adff cell `$procdff$3296' with positive edge clock and positive level reset.
Creating register for signal `\Data_Memory.\D_Memory[37]' using process `\Data_Memory.$proc$/openlane/designs/Singgle_cycle/src/Data_Memory.sv:9$14'.
  created $adff cell `$procdff$3297' with positive edge clock and positive level reset.
Creating register for signal `\Data_Memory.\D_Memory[38]' using process `\Data_Memory.$proc$/openlane/designs/Singgle_cycle/src/Data_Memory.sv:9$14'.
  created $adff cell `$procdff$3298' with positive edge clock and positive level reset.
Creating register for signal `\Data_Memory.\D_Memory[39]' using process `\Data_Memory.$proc$/openlane/designs/Singgle_cycle/src/Data_Memory.sv:9$14'.
  created $adff cell `$procdff$3299' with positive edge clock and positive level reset.
Creating register for signal `\Data_Memory.\D_Memory[40]' using process `\Data_Memory.$proc$/openlane/designs/Singgle_cycle/src/Data_Memory.sv:9$14'.
  created $adff cell `$procdff$3300' with positive edge clock and positive level reset.
Creating register for signal `\Data_Memory.\D_Memory[41]' using process `\Data_Memory.$proc$/openlane/designs/Singgle_cycle/src/Data_Memory.sv:9$14'.
  created $adff cell `$procdff$3301' with positive edge clock and positive level reset.
Creating register for signal `\Data_Memory.\D_Memory[42]' using process `\Data_Memory.$proc$/openlane/designs/Singgle_cycle/src/Data_Memory.sv:9$14'.
  created $adff cell `$procdff$3302' with positive edge clock and positive level reset.
Creating register for signal `\Data_Memory.\D_Memory[43]' using process `\Data_Memory.$proc$/openlane/designs/Singgle_cycle/src/Data_Memory.sv:9$14'.
  created $adff cell `$procdff$3303' with positive edge clock and positive level reset.
Creating register for signal `\Data_Memory.\D_Memory[44]' using process `\Data_Memory.$proc$/openlane/designs/Singgle_cycle/src/Data_Memory.sv:9$14'.
  created $adff cell `$procdff$3304' with positive edge clock and positive level reset.
Creating register for signal `\Data_Memory.\D_Memory[45]' using process `\Data_Memory.$proc$/openlane/designs/Singgle_cycle/src/Data_Memory.sv:9$14'.
  created $adff cell `$procdff$3305' with positive edge clock and positive level reset.
Creating register for signal `\Data_Memory.\D_Memory[46]' using process `\Data_Memory.$proc$/openlane/designs/Singgle_cycle/src/Data_Memory.sv:9$14'.
  created $adff cell `$procdff$3306' with positive edge clock and positive level reset.
Creating register for signal `\Data_Memory.\D_Memory[47]' using process `\Data_Memory.$proc$/openlane/designs/Singgle_cycle/src/Data_Memory.sv:9$14'.
  created $adff cell `$procdff$3307' with positive edge clock and positive level reset.
Creating register for signal `\Data_Memory.\D_Memory[48]' using process `\Data_Memory.$proc$/openlane/designs/Singgle_cycle/src/Data_Memory.sv:9$14'.
  created $adff cell `$procdff$3308' with positive edge clock and positive level reset.
Creating register for signal `\Data_Memory.\D_Memory[49]' using process `\Data_Memory.$proc$/openlane/designs/Singgle_cycle/src/Data_Memory.sv:9$14'.
  created $adff cell `$procdff$3309' with positive edge clock and positive level reset.
Creating register for signal `\Data_Memory.\D_Memory[50]' using process `\Data_Memory.$proc$/openlane/designs/Singgle_cycle/src/Data_Memory.sv:9$14'.
  created $adff cell `$procdff$3310' with positive edge clock and positive level reset.
Creating register for signal `\Data_Memory.\D_Memory[51]' using process `\Data_Memory.$proc$/openlane/designs/Singgle_cycle/src/Data_Memory.sv:9$14'.
  created $adff cell `$procdff$3311' with positive edge clock and positive level reset.
Creating register for signal `\Data_Memory.\D_Memory[52]' using process `\Data_Memory.$proc$/openlane/designs/Singgle_cycle/src/Data_Memory.sv:9$14'.
  created $adff cell `$procdff$3312' with positive edge clock and positive level reset.
Creating register for signal `\Data_Memory.\D_Memory[53]' using process `\Data_Memory.$proc$/openlane/designs/Singgle_cycle/src/Data_Memory.sv:9$14'.
  created $adff cell `$procdff$3313' with positive edge clock and positive level reset.
Creating register for signal `\Data_Memory.\D_Memory[54]' using process `\Data_Memory.$proc$/openlane/designs/Singgle_cycle/src/Data_Memory.sv:9$14'.
  created $adff cell `$procdff$3314' with positive edge clock and positive level reset.
Creating register for signal `\Data_Memory.\D_Memory[55]' using process `\Data_Memory.$proc$/openlane/designs/Singgle_cycle/src/Data_Memory.sv:9$14'.
  created $adff cell `$procdff$3315' with positive edge clock and positive level reset.
Creating register for signal `\Data_Memory.\D_Memory[56]' using process `\Data_Memory.$proc$/openlane/designs/Singgle_cycle/src/Data_Memory.sv:9$14'.
  created $adff cell `$procdff$3316' with positive edge clock and positive level reset.
Creating register for signal `\Data_Memory.\D_Memory[57]' using process `\Data_Memory.$proc$/openlane/designs/Singgle_cycle/src/Data_Memory.sv:9$14'.
  created $adff cell `$procdff$3317' with positive edge clock and positive level reset.
Creating register for signal `\Data_Memory.\D_Memory[58]' using process `\Data_Memory.$proc$/openlane/designs/Singgle_cycle/src/Data_Memory.sv:9$14'.
  created $adff cell `$procdff$3318' with positive edge clock and positive level reset.
Creating register for signal `\Data_Memory.\D_Memory[59]' using process `\Data_Memory.$proc$/openlane/designs/Singgle_cycle/src/Data_Memory.sv:9$14'.
  created $adff cell `$procdff$3319' with positive edge clock and positive level reset.
Creating register for signal `\Data_Memory.\D_Memory[60]' using process `\Data_Memory.$proc$/openlane/designs/Singgle_cycle/src/Data_Memory.sv:9$14'.
  created $adff cell `$procdff$3320' with positive edge clock and positive level reset.
Creating register for signal `\Data_Memory.\D_Memory[61]' using process `\Data_Memory.$proc$/openlane/designs/Singgle_cycle/src/Data_Memory.sv:9$14'.
  created $adff cell `$procdff$3321' with positive edge clock and positive level reset.
Creating register for signal `\Data_Memory.\D_Memory[62]' using process `\Data_Memory.$proc$/openlane/designs/Singgle_cycle/src/Data_Memory.sv:9$14'.
  created $adff cell `$procdff$3322' with positive edge clock and positive level reset.
Creating register for signal `\Data_Memory.\D_Memory[63]' using process `\Data_Memory.$proc$/openlane/designs/Singgle_cycle/src/Data_Memory.sv:9$14'.
  created $adff cell `$procdff$3323' with positive edge clock and positive level reset.
Creating register for signal `\Data_Memory.$mem2reg_wr$\D_Memory$/openlane/designs/Singgle_cycle/src/Data_Memory.sv:16$12_ADDR' using process `\Data_Memory.$proc$/openlane/designs/Singgle_cycle/src/Data_Memory.sv:9$14'.
  created $adff cell `$procdff$3324' with positive edge clock and positive level reset.
Creating register for signal `\Data_Memory.$mem2reg_wr$\D_Memory$/openlane/designs/Singgle_cycle/src/Data_Memory.sv:16$12_DATA' using process `\Data_Memory.$proc$/openlane/designs/Singgle_cycle/src/Data_Memory.sv:9$14'.
  created $adff cell `$procdff$3325' with positive edge clock and positive level reset.

26. Executing PROC_MEMWR pass (convert process memory writes to cells).

27. Executing PROC_CLEAN pass (remove empty switches from decision trees).
Found and cleaned up 1 empty switch in `\Reg_file.$proc$/openlane/designs/Singgle_cycle/src/Reg_file.sv:0$52'.
Removing empty process `Reg_file.$proc$/openlane/designs/Singgle_cycle/src/Reg_file.sv:0$52'.
Found and cleaned up 1 empty switch in `\Reg_file.$proc$/openlane/designs/Singgle_cycle/src/Reg_file.sv:0$49'.
Removing empty process `Reg_file.$proc$/openlane/designs/Singgle_cycle/src/Reg_file.sv:0$49'.
Found and cleaned up 2 empty switches in `\Reg_file.$proc$/openlane/designs/Singgle_cycle/src/Reg_file.sv:10$36'.
Removing empty process `Reg_file.$proc$/openlane/designs/Singgle_cycle/src/Reg_file.sv:10$36'.
Removing empty process `Program_Counter.$proc$/openlane/designs/Singgle_cycle/src/Program_Counter.sv:8$31'.
Found and cleaned up 1 empty switch in `\ImmGen.$proc$/openlane/designs/Singgle_cycle/src/ImmGen.sv:0$25'.
Removing empty process `ImmGen.$proc$/openlane/designs/Singgle_cycle/src/ImmGen.sv:0$25'.
Found and cleaned up 1 empty switch in `\Data_Memory.$proc$/openlane/designs/Singgle_cycle/src/Data_Memory.sv:0$22'.
Removing empty process `Data_Memory.$proc$/openlane/designs/Singgle_cycle/src/Data_Memory.sv:0$22'.
Found and cleaned up 2 empty switches in `\Data_Memory.$proc$/openlane/designs/Singgle_cycle/src/Data_Memory.sv:9$14'.
Removing empty process `Data_Memory.$proc$/openlane/designs/Singgle_cycle/src/Data_Memory.sv:9$14'.
Found and cleaned up 1 empty switch in `\Control_Unit.$proc$/openlane/designs/Singgle_cycle/src/Control_Unit.sv:0$10'.
Removing empty process `Control_Unit.$proc$/openlane/designs/Singgle_cycle/src/Control_Unit.sv:0$10'.
Found and cleaned up 1 empty switch in `\ALU_unit.$proc$/openlane/designs/Singgle_cycle/src/ALU_unit.sv:0$4'.
Removing empty process `ALU_unit.$proc$/openlane/designs/Singgle_cycle/src/ALU_unit.sv:0$4'.
Found and cleaned up 2 empty switches in `\ALU_Control.$proc$/openlane/designs/Singgle_cycle/src/ALU_Control.sv:0$2'.
Removing empty process `ALU_Control.$proc$/openlane/designs/Singgle_cycle/src/ALU_Control.sv:0$2'.
Cleaned up 12 empty switches.

28. Executing CHECK pass (checking for obvious problems).
Checking module top...
Checking module Reg_file...
Checking module Program_Counter...
Checking module PCplus4...
Checking module Mux2to1...
Checking module Instruction_Mem...
Checking module ImmGen...
Checking module Data_Memory...
Checking module Control_Unit...
Checking module ALU_unit...
Checking module ALU_Control...
Checking module Adder...
Found and reported 0 problems.

29. Executing OPT_EXPR pass (perform const folding).
Optimizing module top.
Optimizing module Reg_file.
<suppressed ~6 debug messages>
Optimizing module Program_Counter.
Optimizing module PCplus4.
Optimizing module Mux2to1.
Optimizing module Instruction_Mem.
Optimizing module ImmGen.
Optimizing module Data_Memory.
<suppressed ~2 debug messages>
Optimizing module Control_Unit.
Optimizing module ALU_unit.
<suppressed ~2 debug messages>
Optimizing module ALU_Control.
<suppressed ~1 debug messages>
Optimizing module Adder.

30. Executing FLATTEN pass (flatten design).
Deleting now unused module Reg_file.
Deleting now unused module Program_Counter.
Deleting now unused module PCplus4.
Deleting now unused module Mux2to1.
Deleting now unused module Instruction_Mem.
Deleting now unused module ImmGen.
Deleting now unused module Data_Memory.
Deleting now unused module Control_Unit.
Deleting now unused module ALU_unit.
Deleting now unused module ALU_Control.
Deleting now unused module Adder.
<suppressed ~13 debug messages>

31. Executing OPT_EXPR pass (perform const folding).
Optimizing module top.

32. Executing OPT_CLEAN pass (remove unused cells and wires).
Finding unused cells or wires in module \top..
Removed 578 unused cells and 889 unused wires.
<suppressed ~747 debug messages>

33. Executing OPT pass (performing simple optimizations).

33.1. Executing OPT_EXPR pass (perform const folding).
Optimizing module top.

33.2. Executing OPT_MERGE pass (detect identical cells).
Finding identical cells in module `\top'.
Removed a total of 0 cells.

33.3. Executing OPT_MUXTREE pass (detect dead branches in mux trees).
Running muxtree optimizer on module \top..
  Creating internal representation of mux trees.
  No muxes found in this module.
Removed 0 multiplexer ports.

33.4. Executing OPT_REDUCE pass (consolidate $*mux and $reduce_* inputs).
  Optimizing cells in module \top.
Performed a total of 0 changes.

33.5. Executing OPT_MERGE pass (detect identical cells).
Finding identical cells in module `\top'.
Removed a total of 0 cells.

33.6. Executing OPT_DFF pass (perform DFF optimizations).

33.7. Executing OPT_CLEAN pass (remove unused cells and wires).
Finding unused cells or wires in module \top..

33.8. Executing OPT_EXPR pass (perform const folding).
Optimizing module top.

33.9. Finished OPT passes. (There is nothing left to do.)

34. Executing FSM pass (extract and optimize FSM).

34.1. Executing FSM_DETECT pass (finding FSMs in design).

34.2. Executing FSM_EXTRACT pass (extracting FSM from design).

34.3. Executing FSM_OPT pass (simple optimizations of FSMs).

34.4. Executing OPT_CLEAN pass (remove unused cells and wires).
Finding unused cells or wires in module \top..

34.5. Executing FSM_OPT pass (simple optimizations of FSMs).

34.6. Executing FSM_RECODE pass (re-assigning FSM state encoding).

34.7. Executing FSM_INFO pass (dumping all available information on FSM cells).

34.8. Executing FSM_MAP pass (mapping FSMs to basic logic).

35. Executing OPT pass (performing simple optimizations).

35.1. Executing OPT_EXPR pass (perform const folding).
Optimizing module top.

35.2. Executing OPT_MERGE pass (detect identical cells).
Finding identical cells in module `\top'.
Removed a total of 0 cells.

35.3. Executing OPT_MUXTREE pass (detect dead branches in mux trees).
Running muxtree optimizer on module \top..
  Creating internal representation of mux trees.
  No muxes found in this module.
Removed 0 multiplexer ports.

35.4. Executing OPT_REDUCE pass (consolidate $*mux and $reduce_* inputs).
  Optimizing cells in module \top.
Performed a total of 0 changes.

35.5. Executing OPT_MERGE pass (detect identical cells).
Finding identical cells in module `\top'.
Removed a total of 0 cells.

35.6. Executing OPT_DFF pass (perform DFF optimizations).

35.7. Executing OPT_CLEAN pass (remove unused cells and wires).
Finding unused cells or wires in module \top..

35.8. Executing OPT_EXPR pass (perform const folding).
Optimizing module top.

35.9. Finished OPT passes. (There is nothing left to do.)

36. Executing WREDUCE pass (reducing word size of cells).

37. Executing PEEPOPT pass (run peephole optimizers).

38. Executing OPT_CLEAN pass (remove unused cells and wires).
Finding unused cells or wires in module \top..

39. Executing ALUMACC pass (create $alu and $macc cells).
Extracting $alu and $macc cells in module top:
  created 0 $alu and 0 $macc cells.

40. Executing SHARE pass (SAT-based resource sharing).

41. Executing OPT pass (performing simple optimizations).

41.1. Executing OPT_EXPR pass (perform const folding).
Optimizing module top.

41.2. Executing OPT_MERGE pass (detect identical cells).
Finding identical cells in module `\top'.
Removed a total of 0 cells.

41.3. Executing OPT_MUXTREE pass (detect dead branches in mux trees).
Running muxtree optimizer on module \top..
  Creating internal representation of mux trees.
  No muxes found in this module.
Removed 0 multiplexer ports.

41.4. Executing OPT_REDUCE pass (consolidate $*mux and $reduce_* inputs).
  Optimizing cells in module \top.
Performed a total of 0 changes.

41.5. Executing OPT_MERGE pass (detect identical cells).
Finding identical cells in module `\top'.
Removed a total of 0 cells.

41.6. Executing OPT_DFF pass (perform DFF optimizations).

41.7. Executing OPT_CLEAN pass (remove unused cells and wires).
Finding unused cells or wires in module \top..

41.8. Executing OPT_EXPR pass (perform const folding).
Optimizing module top.

41.9. Finished OPT passes. (There is nothing left to do.)

42. Executing MEMORY pass.

42.1. Executing OPT_MEM pass (optimize memories).
Performed a total of 0 transformations.

42.2. Executing OPT_MEM_PRIORITY pass (removing unnecessary memory write priority relations).
Performed a total of 0 transformations.

42.3. Executing OPT_MEM_FEEDBACK pass (finding memory read-to-write feedback paths).

42.4. Executing MEMORY_BMUX2ROM pass (converting muxes to ROMs).

42.5. Executing MEMORY_DFF pass (merging $dff cells to $memrd).

42.6. Executing OPT_CLEAN pass (remove unused cells and wires).
Finding unused cells or wires in module \top..

42.7. Executing MEMORY_SHARE pass (consolidating $memrd/$memwr cells).

42.8. Executing OPT_MEM_WIDEN pass (optimize memories where all ports are wide).
Performed a total of 0 transformations.

42.9. Executing OPT_CLEAN pass (remove unused cells and wires).
Finding unused cells or wires in module \top..

42.10. Executing MEMORY_COLLECT pass (generating $mem cells).

43. Executing OPT_CLEAN pass (remove unused cells and wires).
Finding unused cells or wires in module \top..

44. Executing OPT pass (performing simple optimizations).

44.1. Executing OPT_EXPR pass (perform const folding).
Optimizing module top.
<suppressed ~19 debug messages>

44.2. Executing OPT_MERGE pass (detect identical cells).
Finding identical cells in module `\top'.
Removed a total of 0 cells.

44.3. Executing OPT_DFF pass (perform DFF optimizations).

44.4. Executing OPT_CLEAN pass (remove unused cells and wires).
Finding unused cells or wires in module \top..

44.5. Finished fast OPT passes.

45. Executing MEMORY_MAP pass (converting memories to logic and flip-flops).

46. Executing OPT pass (performing simple optimizations).

46.1. Executing OPT_EXPR pass (perform const folding).
Optimizing module top.

46.2. Executing OPT_MERGE pass (detect identical cells).
Finding identical cells in module `\top'.
Removed a total of 0 cells.

46.3. Executing OPT_MUXTREE pass (detect dead branches in mux trees).
Running muxtree optimizer on module \top..
  Creating internal representation of mux trees.
  No muxes found in this module.
Removed 0 multiplexer ports.

46.4. Executing OPT_REDUCE pass (consolidate $*mux and $reduce_* inputs).
  Optimizing cells in module \top.
Performed a total of 0 changes.

46.5. Executing OPT_MERGE pass (detect identical cells).
Finding identical cells in module `\top'.
Removed a total of 0 cells.

46.6. Executing OPT_SHARE pass.

46.7. Executing OPT_DFF pass (perform DFF optimizations).

46.8. Executing OPT_CLEAN pass (remove unused cells and wires).
Finding unused cells or wires in module \top..

46.9. Executing OPT_EXPR pass (perform const folding).
Optimizing module top.

46.10. Finished OPT passes. (There is nothing left to do.)

47. Executing TECHMAP pass (map to technology primitives).

47.1. Executing Verilog-2005 frontend: /build/bin/../share/yosys/techmap.v
Parsing Verilog input from `/build/bin/../share/yosys/techmap.v' to AST representation.
Generating RTLIL representation for module `\_90_simplemap_bool_ops'.
Generating RTLIL representation for module `\_90_simplemap_reduce_ops'.
Generating RTLIL representation for module `\_90_simplemap_logic_ops'.
Generating RTLIL representation for module `\_90_simplemap_compare_ops'.
Generating RTLIL representation for module `\_90_simplemap_various'.
Generating RTLIL representation for module `\_90_simplemap_registers'.
Generating RTLIL representation for module `\_90_shift_ops_shr_shl_sshl_sshr'.
Generating RTLIL representation for module `\_90_shift_shiftx'.
Generating RTLIL representation for module `\_90_fa'.
Generating RTLIL representation for module `\_90_lcu'.
Generating RTLIL representation for module `\_90_alu'.
Generating RTLIL representation for module `\_90_macc'.
Generating RTLIL representation for module `\_90_alumacc'.
Generating RTLIL representation for module `\$__div_mod_u'.
Generating RTLIL representation for module `\$__div_mod_trunc'.
Generating RTLIL representation for module `\_90_div'.
Generating RTLIL representation for module `\_90_mod'.
Generating RTLIL representation for module `\$__div_mod_floor'.
Generating RTLIL representation for module `\_90_divfloor'.
Generating RTLIL representation for module `\_90_modfloor'.
Generating RTLIL representation for module `\_90_pow'.
Generating RTLIL representation for module `\_90_pmux'.
Generating RTLIL representation for module `\_90_demux'.
Generating RTLIL representation for module `\_90_lut'.
Successfully finished Verilog frontend.

47.2. Continuing TECHMAP pass.
No more expansions possible.
<suppressed ~73 debug messages>

48. Executing OPT pass (performing simple optimizations).

48.1. Executing OPT_EXPR pass (perform const folding).
Optimizing module top.

48.2. Executing OPT_MERGE pass (detect identical cells).
Finding identical cells in module `\top'.
Removed a total of 0 cells.

48.3. Executing OPT_DFF pass (perform DFF optimizations).

48.4. Executing OPT_CLEAN pass (remove unused cells and wires).
Finding unused cells or wires in module \top..

48.5. Finished fast OPT passes.

49. Executing ABC pass (technology mapping using ABC).

49.1. Extracting gate netlist of module `\top' to `<abc-temp-dir>/input.blif'..
Extracted 0 gates and 0 wires to a netlist network with 0 inputs and 0 outputs.
Don't call ABC as there is nothing to map.
Removing temp directory.

50. Executing OPT pass (performing simple optimizations).

50.1. Executing OPT_EXPR pass (perform const folding).
Optimizing module top.

50.2. Executing OPT_MERGE pass (detect identical cells).
Finding identical cells in module `\top'.
Removed a total of 0 cells.

50.3. Executing OPT_DFF pass (perform DFF optimizations).

50.4. Executing OPT_CLEAN pass (remove unused cells and wires).
Finding unused cells or wires in module \top..

50.5. Finished fast OPT passes.

51. Executing HIERARCHY pass (managing design hierarchy).

51.1. Analyzing design hierarchy..
Top module:  \top

51.2. Analyzing design hierarchy..
Top module:  \top
Removed 0 unused modules.

52. Printing statistics.

=== top ===

   Number of wires:                 19
   Number of wire bits:            279
   Number of public wires:          19
   Number of public wire bits:     279
   Number of memories:               0
   Number of memory bits:            0
   Number of processes:              0
   Number of cells:                  0

53. Executing CHECK pass (checking for obvious problems).
Checking module top...
Found and reported 0 problems.

54. Generating Graphviz representation of design.
Writing dot description to `/openlane/designs/Singgle_cycle/runs/RUN_2026.10.05_13.01.03/tmp/synthesis/post_techmap.dot'.
Dumping module top to page 1.

55. Executing SHARE pass (SAT-based resource sharing).

56. Executing OPT pass (performing simple optimizations).

56.1. Executing OPT_EXPR pass (perform const folding).
Optimizing module top.

56.2. Executing OPT_MERGE pass (detect identical cells).
Finding identical cells in module `\top'.
Removed a total of 0 cells.

56.3. Executing OPT_MUXTREE pass (detect dead branches in mux trees).
Running muxtree optimizer on module \top..
  Creating internal representation of mux trees.
  No muxes found in this module.
Removed 0 multiplexer ports.

56.4. Executing OPT_REDUCE pass (consolidate $*mux and $reduce_* inputs).
  Optimizing cells in module \top.
Performed a total of 0 changes.

56.5. Executing OPT_MERGE pass (detect identical cells).
Finding identical cells in module `\top'.
Removed a total of 0 cells.

56.6. Executing OPT_DFF pass (perform DFF optimizations).

56.7. Executing OPT_CLEAN pass (remove unused cells and wires).
Finding unused cells or wires in module \top..

56.8. Executing OPT_EXPR pass (perform const folding).
Optimizing module top.

56.9. Finished OPT passes. (There is nothing left to do.)

57. Executing OPT_CLEAN pass (remove unused cells and wires).
Finding unused cells or wires in module \top..
Removed 0 unused cells and 17 unused wires.
<suppressed ~17 debug messages>

58. Printing statistics.

=== top ===

   Number of wires:                  2
   Number of wire bits:              2
   Number of public wires:           2
   Number of public wire bits:       2
   Number of memories:               0
   Number of memory bits:            0
   Number of processes:              0
   Number of cells:                  0

mapping tbuf

59. Executing TECHMAP pass (map to technology primitives).

59.1. Executing Verilog-2005 frontend: /home/thiennb/.ciel/sky130A/libs.tech/openlane/sky130_fd_sc_hd/tribuff_map.v
Parsing Verilog input from `/home/thiennb/.ciel/sky130A/libs.tech/openlane/sky130_fd_sc_hd/tribuff_map.v' to AST representation.
Generating RTLIL representation for module `\$_TBUF_'.
Successfully finished Verilog frontend.

59.2. Continuing TECHMAP pass.
No more expansions possible.
<suppressed ~3 debug messages>

60. Executing SIMPLEMAP pass (map simple cells to gate primitives).

61. Executing TECHMAP pass (map to technology primitives).

61.1. Executing Verilog-2005 frontend: /home/thiennb/.ciel/sky130A/libs.tech/openlane/sky130_fd_sc_hd/latch_map.v
Parsing Verilog input from `/home/thiennb/.ciel/sky130A/libs.tech/openlane/sky130_fd_sc_hd/latch_map.v' to AST representation.
Generating RTLIL representation for module `\$_DLATCH_P_'.
Generating RTLIL representation for module `\$_DLATCH_N_'.
Successfully finished Verilog frontend.

61.2. Continuing TECHMAP pass.
No more expansions possible.
<suppressed ~4 debug messages>

62. Executing SIMPLEMAP pass (map simple cells to gate primitives).

63. Executing DFFLIBMAP pass (mapping DFF cells to sequential cells from liberty file).
  cell sky130_fd_sc_hd__dfxtp_2 (noninv, pins=3, area=21.27) is a direct match for cell type $_DFF_P_.
  cell sky130_fd_sc_hd__dfrtp_2 (noninv, pins=4, area=26.28) is a direct match for cell type $_DFF_PN0_.
  cell sky130_fd_sc_hd__dfstp_2 (noninv, pins=4, area=26.28) is a direct match for cell type $_DFF_PN1_.
  cell sky130_fd_sc_hd__dfbbn_2 (noninv, pins=6, area=35.03) is a direct match for cell type $_DFFSR_NNN_.
  final dff cell mappings:
    unmapped dff cell: $_DFF_N_
    \sky130_fd_sc_hd__dfxtp_2 _DFF_P_ (.CLK( C), .D( D), .Q( Q));
    unmapped dff cell: $_DFF_NN0_
    unmapped dff cell: $_DFF_NN1_
    unmapped dff cell: $_DFF_NP0_
    unmapped dff cell: $_DFF_NP1_
    \sky130_fd_sc_hd__dfrtp_2 _DFF_PN0_ (.CLK( C), .D( D), .Q( Q), .RESET_B( R));
    \sky130_fd_sc_hd__dfstp_2 _DFF_PN1_ (.CLK( C), .D( D), .Q( Q), .SET_B( R));
    unmapped dff cell: $_DFF_PP0_
    unmapped dff cell: $_DFF_PP1_
    \sky130_fd_sc_hd__dfbbn_2 _DFFSR_NNN_ (.CLK_N( C), .D( D), .Q( Q), .Q_N(~Q), .RESET_B( R), .SET_B( S));
    unmapped dff cell: $_DFFSR_NNP_
    unmapped dff cell: $_DFFSR_NPN_
    unmapped dff cell: $_DFFSR_NPP_
    unmapped dff cell: $_DFFSR_PNN_
    unmapped dff cell: $_DFFSR_PNP_
    unmapped dff cell: $_DFFSR_PPN_
    unmapped dff cell: $_DFFSR_PPP_

63.1. Executing DFFLEGALIZE pass (convert FFs to types supported by the target).
Mapping DFF cells in module `\top':

64. Printing statistics.

=== top ===

   Number of wires:                  2
   Number of wire bits:              2
   Number of public wires:           2
   Number of public wire bits:       2
   Number of memories:               0
   Number of memory bits:            0
   Number of processes:              0
   Number of cells:                  0

[INFO]: USING STRATEGY AREA 0

65. Executing ABC pass (technology mapping using ABC).

65.1. Extracting gate netlist of module `\top' to `/tmp/yosys-abc-tZEw9t/input.blif'..
Extracted 0 gates and 0 wires to a netlist network with 0 inputs and 0 outputs.
Don't call ABC as there is nothing to map.
Removing temp directory.

66. Executing SETUNDEF pass (replace undef values with defined constants).

67. Executing HILOMAP pass (mapping to constant drivers).

68. Executing SPLITNETS pass (splitting up multi-bit signals).

69. Executing OPT_CLEAN pass (remove unused cells and wires).
Finding unused cells or wires in module \top..

70. Executing INSBUF pass (insert buffer cells for connected wires).

71. Executing CHECK pass (checking for obvious problems).
Checking module top...
Found and reported 0 problems.

72. Printing statistics.

=== top ===

   Number of wires:                  2
   Number of wire bits:              2
   Number of public wires:           2
   Number of public wire bits:       2
   Number of memories:               0
   Number of memory bits:            0
   Number of processes:              0
   Number of cells:                  0

73. Executing Verilog backend.
Dumping module `\top'.

Warnings: 2 unique messages, 2 total
End of script. Logfile hash: e0e82fe44b, CPU: user 0.60s system 0.05s, MEM: 29.06 MB peak
Yosys 0.30+48 (git sha1 14d50a176d5, gcc 8.3.1 -fPIC -Os)
Time spent: 20% 4x stat (0 sec), 19% 1x dfflibmap (0 sec), ...
