
===========================================================================
 report_power
============================================================================
======================= Fastest Corner ===================================

Group                  Internal  Switching    Leakage      Total
                          Power      Power      Power      Power (Watts)
----------------------------------------------------------------
Sequential             5.91e-03   3.25e-04   1.09e-05   6.25e-03  31.0%
Combinational          6.28e-03   7.63e-03   1.25e-07   1.39e-02  69.0%
Macro                  0.00e+00   0.00e+00   0.00e+00   0.00e+00   0.0%
Pad                    0.00e+00   0.00e+00   0.00e+00   0.00e+00   0.0%
----------------------------------------------------------------
Total                  1.22e-02   7.95e-03   1.10e-05   2.02e-02 100.0%
                          60.5%      39.5%       0.1%

======================= Slowest Corner ===================================

Group                  Internal  Switching    Leakage      Total
                          Power      Power      Power      Power (Watts)
----------------------------------------------------------------
Sequential             3.93e-03   2.11e-04   4.35e-05   4.19e-03  30.4%
Combinational          4.49e-03   5.03e-03   5.60e-05   9.58e-03  69.6%
Macro                  0.00e+00   0.00e+00   0.00e+00   0.00e+00   0.0%
Pad                    0.00e+00   0.00e+00   0.00e+00   0.00e+00   0.0%
----------------------------------------------------------------
Total                  8.43e-03   5.24e-03   9.95e-05   1.38e-02 100.0%
                          61.2%      38.1%       0.7%

======================= Typical Corner ===================================

Group                  Internal  Switching    Leakage      Total
                          Power      Power      Power      Power (Watts)
----------------------------------------------------------------
Sequential             5.09e-03   2.71e-04   1.09e-05   5.37e-03  31.0%
Combinational          5.53e-03   6.44e-03   5.65e-08   1.20e-02  69.0%
Macro                  0.00e+00   0.00e+00   0.00e+00   0.00e+00   0.0%
Pad                    0.00e+00   0.00e+00   0.00e+00   0.00e+00   0.0%
----------------------------------------------------------------
Total                  1.06e-02   6.71e-03   1.09e-05   1.73e-02 100.0%
                          61.2%      38.7%       0.1%

