
===========================================================================
report_checks -unconstrained
===========================================================================
======================= Fastest Corner ===================================

Startpoint: reset (input port clocked by clk)
Endpoint: _15867_ (recovery check against rising-edge clock clk)
Path Group: asynchronous
Path Type: max
Corner: Fastest

Fanout     Cap    Slew   Delay    Time   Description
-----------------------------------------------------------------------------
                          0.00    0.00   clock clk (rise edge)
                          0.00    0.00   clock network delay (propagated)
                          4.00    4.00 v input external delay
                  0.00    0.00    4.00 v reset (in)
     1    0.00                           reset (net)
                  0.00    0.00    4.00 v input1/A (sky130_fd_sc_hd__buf_1)
                  0.04    0.07    4.07 v input1/X (sky130_fd_sc_hd__buf_1)
     1    0.01                           net1 (net)
                  0.04    0.00    4.07 v _13241_/A (sky130_fd_sc_hd__buf_8)
                  0.07    0.12    4.19 v _13241_/X (sky130_fd_sc_hd__buf_8)
     9    0.11                           _06082_ (net)
                  0.07    0.02    4.20 v _13242_/A (sky130_fd_sc_hd__buf_6)
                  0.08    0.15    4.35 v _13242_/X (sky130_fd_sc_hd__buf_6)
    10    0.12                           _06083_ (net)
                  0.08    0.01    4.36 v _13310_/A (sky130_fd_sc_hd__buf_4)
                  0.07    0.16    4.53 v _13310_/X (sky130_fd_sc_hd__buf_4)
    10    0.07                           _06091_ (net)
                  0.07    0.00    4.53 v _13311_/A (sky130_fd_sc_hd__clkbuf_8)
                  0.06    0.15    4.68 v _13311_/X (sky130_fd_sc_hd__clkbuf_8)
    10    0.07                           _06092_ (net)
                  0.06    0.00    4.68 v _13318_/A (sky130_fd_sc_hd__inv_2)
                  0.03    0.04    4.72 ^ _13318_/Y (sky130_fd_sc_hd__inv_2)
     1    0.00                           _00066_ (net)
                  0.03    0.00    4.72 ^ _15867_/RESET_B (sky130_fd_sc_hd__dfrtp_1)
                                  4.72   data arrival time

                         20.00   20.00   clock clk (rise edge)
                          0.00   20.00   clock source latency
                  0.24    0.16   20.16 ^ clk (in)
     2    0.07                           clk (net)
                  0.24    0.00   20.16 ^ clkbuf_0_clk/A (sky130_fd_sc_hd__clkbuf_16)
                  0.10    0.17   20.33 ^ clkbuf_0_clk/X (sky130_fd_sc_hd__clkbuf_16)
     4    0.11                           clknet_0_clk (net)
                  0.10    0.00   20.33 ^ clkbuf_2_2_0_clk/A (sky130_fd_sc_hd__clkbuf_8)
                  0.16    0.19   20.52 ^ clkbuf_2_2_0_clk/X (sky130_fd_sc_hd__clkbuf_8)
     8    0.12                           clknet_2_2_0_clk (net)
                  0.16    0.00   20.52 ^ clkbuf_5_18__f_clk/A (sky130_fd_sc_hd__clkbuf_16)
                  0.10    0.16   20.67 ^ clkbuf_5_18__f_clk/X (sky130_fd_sc_hd__clkbuf_16)
    10    0.11                           clknet_5_18__leaf_clk (net)
                  0.10    0.00   20.68 ^ _15867_/CLK (sky130_fd_sc_hd__dfrtp_1)
                         -0.25   20.43   clock uncertainty
                          0.00   20.43   clock reconvergence pessimism
                          0.15   20.58   library recovery time
                                 20.58   data required time
-----------------------------------------------------------------------------
                                 20.58   data required time
                                 -4.72   data arrival time
-----------------------------------------------------------------------------
                                 15.86   slack (MET)


Startpoint: _15803_ (rising edge-triggered flip-flop clocked by clk)
Endpoint: ALU_out[31] (output port clocked by clk)
Path Group: clk
Path Type: max
Corner: Fastest

Fanout     Cap    Slew   Delay    Time   Description
-----------------------------------------------------------------------------
                          0.00    0.00   clock clk (rise edge)
                          0.00    0.00   clock source latency
                  0.24    0.17    0.17 ^ clk (in)
     2    0.07                           clk (net)
                  0.24    0.00    0.17 ^ clkbuf_0_clk/A (sky130_fd_sc_hd__clkbuf_16)
                  0.10    0.19    0.36 ^ clkbuf_0_clk/X (sky130_fd_sc_hd__clkbuf_16)
     4    0.11                           clknet_0_clk (net)
                  0.10    0.00    0.36 ^ clkbuf_2_0_0_clk/A (sky130_fd_sc_hd__clkbuf_8)
                  0.16    0.21    0.57 ^ clkbuf_2_0_0_clk/X (sky130_fd_sc_hd__clkbuf_8)
     8    0.12                           clknet_2_0_0_clk (net)
                  0.16    0.00    0.57 ^ clkbuf_5_7__f_clk/A (sky130_fd_sc_hd__clkbuf_16)
                  0.07    0.15    0.72 ^ clkbuf_5_7__f_clk/X (sky130_fd_sc_hd__clkbuf_16)
     6    0.08                           clknet_5_7__leaf_clk (net)
                  0.07    0.00    0.72 ^ clkbuf_leaf_236_clk/A (sky130_fd_sc_hd__clkbuf_16)
                  0.04    0.11    0.83 ^ clkbuf_leaf_236_clk/X (sky130_fd_sc_hd__clkbuf_16)
    10    0.03                           clknet_leaf_236_clk (net)
                  0.04    0.00    0.83 ^ _15803_/CLK (sky130_fd_sc_hd__dfrtp_4)
                  0.15    0.36    1.19 ^ _15803_/Q (sky130_fd_sc_hd__dfrtp_4)
     3    0.07                           net72 (net)
                  0.15    0.00    1.19 ^ _07847_/A (sky130_fd_sc_hd__buf_2)
                  0.15    0.19    1.38 ^ _07847_/X (sky130_fd_sc_hd__buf_2)
    10    0.04                           _06338_ (net)
                  0.15    0.00    1.38 ^ _11976_/A_N (sky130_fd_sc_hd__and3b_1)
                  0.04    0.14    1.52 v _11976_/X (sky130_fd_sc_hd__and3b_1)
     2    0.01                           _05150_ (net)
                  0.04    0.00    1.52 v _11978_/B (sky130_fd_sc_hd__nor3_2)
                  0.33    0.30    1.82 ^ _11978_/Y (sky130_fd_sc_hd__nor3_2)
     5    0.03                           _05152_ (net)
                  0.33    0.00    1.82 ^ max_cap120/A (sky130_fd_sc_hd__buf_2)
                  0.18    0.22    2.05 ^ max_cap120/X (sky130_fd_sc_hd__buf_2)
     6    0.05                           net120 (net)
                  0.18    0.00    2.05 ^ _11979_/A (sky130_fd_sc_hd__inv_4)
                  0.08    0.07    2.12 v _11979_/Y (sky130_fd_sc_hd__inv_4)
     4    0.05                           net39 (net)
                  0.08    0.00    2.12 v _11985_/A (sky130_fd_sc_hd__nor2_1)
                  0.18    0.18    2.30 ^ _11985_/Y (sky130_fd_sc_hd__nor2_1)
     3    0.01                           _05157_ (net)
                  0.18    0.00    2.30 ^ _12044_/A2 (sky130_fd_sc_hd__a21oi_1)
                  0.07    0.09    2.39 v _12044_/Y (sky130_fd_sc_hd__a21oi_1)
     2    0.01                           _05215_ (net)
                  0.07    0.00    2.39 v _12045_/B (sky130_fd_sc_hd__or2_1)
                  0.04    0.14    2.53 v _12045_/X (sky130_fd_sc_hd__or2_1)
     1    0.00                           _05216_ (net)
                  0.04    0.00    2.53 v _12046_/A (sky130_fd_sc_hd__clkbuf_2)
                  0.06    0.11    2.64 v _12046_/X (sky130_fd_sc_hd__clkbuf_2)
     5    0.02                           _05217_ (net)
                  0.06    0.00    2.64 v _12138_/D (sky130_fd_sc_hd__and4b_1)
                  0.07    0.19    2.83 v _12138_/X (sky130_fd_sc_hd__and4b_1)
     2    0.02                           _05309_ (net)
                  0.07    0.00    2.83 v _12141_/B (sky130_fd_sc_hd__and4_1)
                  0.05    0.15    2.98 v _12141_/X (sky130_fd_sc_hd__and4_1)
     2    0.01                           _05312_ (net)
                  0.05    0.00    2.98 v _12142_/A1 (sky130_fd_sc_hd__a21o_1)
                  0.04    0.13    3.11 v _12142_/X (sky130_fd_sc_hd__a21o_1)
     1    0.01                           _05313_ (net)
                  0.04    0.00    3.11 v _12143_/B (sky130_fd_sc_hd__xnor2_2)
                  0.17    0.16    3.27 ^ _12143_/Y (sky130_fd_sc_hd__xnor2_2)
     3    0.01                           _05314_ (net)
                  0.17    0.00    3.27 ^ _12144_/B (sky130_fd_sc_hd__xor2_2)
                  0.07    0.07    3.34 v _12144_/X (sky130_fd_sc_hd__xor2_2)
     4    0.01                           _05315_ (net)
                  0.07    0.00    3.34 v _12161_/A (sky130_fd_sc_hd__or4bb_1)
                  0.06    0.32    3.66 v _12161_/X (sky130_fd_sc_hd__or4bb_1)
     2    0.01                           _05332_ (net)
                  0.06    0.00    3.66 v _12255_/A1 (sky130_fd_sc_hd__o221a_2)
                  0.07    0.24    3.90 v _12255_/X (sky130_fd_sc_hd__o221a_2)
     5    0.02                           _05426_ (net)
                  0.07    0.00    3.90 v _12312_/A2 (sky130_fd_sc_hd__a211o_1)
                  0.08    0.26    4.15 v _12312_/X (sky130_fd_sc_hd__a211o_1)
     4    0.02                           _05483_ (net)
                  0.08    0.00    4.16 v _12351_/A1 (sky130_fd_sc_hd__a2111o_1)
                  0.08    0.29    4.45 v _12351_/X (sky130_fd_sc_hd__a2111o_1)
     2    0.01                           _05522_ (net)
                  0.08    0.00    4.45 v _12358_/A1 (sky130_fd_sc_hd__a21oi_4)
                  0.12    0.14    4.58 ^ _12358_/Y (sky130_fd_sc_hd__a21oi_4)
     5    0.01                           _05529_ (net)
                  0.12    0.00    4.59 ^ _12364_/A2 (sky130_fd_sc_hd__o211a_1)
                  0.09    0.14    4.73 ^ _12364_/X (sky130_fd_sc_hd__o211a_1)
     3    0.01                           _05535_ (net)
                  0.09    0.00    4.73 ^ _12375_/A2 (sky130_fd_sc_hd__o21ai_2)
                  0.05    0.05    4.78 v _12375_/Y (sky130_fd_sc_hd__o21ai_2)
     1    0.01                           _05545_ (net)
                  0.05    0.00    4.78 v _12390_/A1 (sky130_fd_sc_hd__a211oi_4)
                  0.31    0.30    5.08 ^ _12390_/Y (sky130_fd_sc_hd__a211oi_4)
     4    0.03                           _05560_ (net)
                  0.31    0.00    5.08 ^ _13117_/A (sky130_fd_sc_hd__buf_6)
                  0.06    0.11    5.19 ^ _13117_/X (sky130_fd_sc_hd__buf_6)
     6    0.03                           _05989_ (net)
                  0.06    0.00    5.19 ^ _13118_/A (sky130_fd_sc_hd__buf_6)
                  0.07    0.11    5.30 ^ _13118_/X (sky130_fd_sc_hd__buf_6)
    10    0.05                           _05990_ (net)
                  0.07    0.00    5.30 ^ _13119_/A (sky130_fd_sc_hd__inv_2)
                  0.05    0.05    5.36 v _13119_/Y (sky130_fd_sc_hd__inv_2)
     1    0.03                           net26 (net)
                  0.05    0.00    5.36 v output26/A (sky130_fd_sc_hd__clkbuf_4)
                  0.06    0.14    5.50 v output26/X (sky130_fd_sc_hd__clkbuf_4)
     1    0.03                           ALU_out[31] (net)
                  0.06    0.00    5.50 v ALU_out[31] (out)
                                  5.50   data arrival time

                         20.00   20.00   clock clk (rise edge)
                          0.00   20.00   clock network delay (propagated)
                         -0.25   19.75   clock uncertainty
                          0.00   19.75   clock reconvergence pessimism
                         -4.00   15.75   output external delay
                                 15.75   data required time
-----------------------------------------------------------------------------
                                 15.75   data required time
                                 -5.50   data arrival time
-----------------------------------------------------------------------------
                                 10.25   slack (MET)



======================= Slowest Corner ===================================

Startpoint: reset (input port clocked by clk)
Endpoint: _15867_ (recovery check against rising-edge clock clk)
Path Group: asynchronous
Path Type: max
Corner: Slowest

Fanout     Cap    Slew   Delay    Time   Description
-----------------------------------------------------------------------------
                          0.00    0.00   clock clk (rise edge)
                          0.00    0.00   clock network delay (propagated)
                          4.00    4.00 v input external delay
                  0.02    0.01    4.01 v reset (in)
     1    0.00                           reset (net)
                  0.02    0.00    4.01 v input1/A (sky130_fd_sc_hd__buf_1)
                  0.10    0.19    4.20 v input1/X (sky130_fd_sc_hd__buf_1)
     1    0.01                           net1 (net)
                  0.10    0.00    4.20 v _13241_/A (sky130_fd_sc_hd__buf_8)
                  0.15    0.33    4.53 v _13241_/X (sky130_fd_sc_hd__buf_8)
     9    0.11                           _06082_ (net)
                  0.15    0.02    4.55 v _13242_/A (sky130_fd_sc_hd__buf_6)
                  0.18    0.40    4.94 v _13242_/X (sky130_fd_sc_hd__buf_6)
    10    0.12                           _06083_ (net)
                  0.18    0.01    4.95 v _13310_/A (sky130_fd_sc_hd__buf_4)
                  0.17    0.43    5.39 v _13310_/X (sky130_fd_sc_hd__buf_4)
    10    0.07                           _06091_ (net)
                  0.17    0.00    5.39 v _13311_/A (sky130_fd_sc_hd__clkbuf_8)
                  0.15    0.40    5.79 v _13311_/X (sky130_fd_sc_hd__clkbuf_8)
    10    0.07                           _06092_ (net)
                  0.15    0.00    5.79 v _13318_/A (sky130_fd_sc_hd__inv_2)
                  0.06    0.11    5.90 ^ _13318_/Y (sky130_fd_sc_hd__inv_2)
     1    0.00                           _00066_ (net)
                  0.06    0.00    5.90 ^ _15867_/RESET_B (sky130_fd_sc_hd__dfrtp_1)
                                  5.90   data arrival time

                         20.00   20.00   clock clk (rise edge)
                          0.00   20.00   clock source latency
                  0.50    0.33   20.33 ^ clk (in)
     2    0.07                           clk (net)
                  0.50    0.00   20.33 ^ clkbuf_0_clk/A (sky130_fd_sc_hd__clkbuf_16)
                  0.20    0.49   20.82 ^ clkbuf_0_clk/X (sky130_fd_sc_hd__clkbuf_16)
     4    0.11                           clknet_0_clk (net)
                  0.20    0.00   20.82 ^ clkbuf_2_2_0_clk/A (sky130_fd_sc_hd__clkbuf_8)
                  0.33    0.46   21.29 ^ clkbuf_2_2_0_clk/X (sky130_fd_sc_hd__clkbuf_8)
     8    0.12                           clknet_2_2_0_clk (net)
                  0.33    0.00   21.29 ^ clkbuf_5_18__f_clk/A (sky130_fd_sc_hd__clkbuf_16)
                  0.19    0.42   21.71 ^ clkbuf_5_18__f_clk/X (sky130_fd_sc_hd__clkbuf_16)
    10    0.11                           clknet_5_18__leaf_clk (net)
                  0.19    0.00   21.71 ^ _15867_/CLK (sky130_fd_sc_hd__dfrtp_1)
                         -0.25   21.46   clock uncertainty
                          0.00   21.46   clock reconvergence pessimism
                          0.51   21.97   library recovery time
                                 21.97   data required time
-----------------------------------------------------------------------------
                                 21.97   data required time
                                 -5.90   data arrival time
-----------------------------------------------------------------------------
                                 16.07   slack (MET)


Startpoint: _15803_ (rising edge-triggered flip-flop clocked by clk)
Endpoint: WriteBack_out[30] (output port clocked by clk)
Path Group: clk
Path Type: max
Corner: Slowest

Fanout     Cap    Slew   Delay    Time   Description
-----------------------------------------------------------------------------
                          0.00    0.00   clock clk (rise edge)
                          0.00    0.00   clock source latency
                  0.50    0.37    0.37 ^ clk (in)
     2    0.07                           clk (net)
                  0.50    0.00    0.37 ^ clkbuf_0_clk/A (sky130_fd_sc_hd__clkbuf_16)
                  0.20    0.54    0.91 ^ clkbuf_0_clk/X (sky130_fd_sc_hd__clkbuf_16)
     4    0.11                           clknet_0_clk (net)
                  0.20    0.00    0.91 ^ clkbuf_2_0_0_clk/A (sky130_fd_sc_hd__clkbuf_8)
                  0.32    0.51    1.42 ^ clkbuf_2_0_0_clk/X (sky130_fd_sc_hd__clkbuf_8)
     8    0.12                           clknet_2_0_0_clk (net)
                  0.32    0.00    1.42 ^ clkbuf_5_7__f_clk/A (sky130_fd_sc_hd__clkbuf_16)
                  0.14    0.42    1.84 ^ clkbuf_5_7__f_clk/X (sky130_fd_sc_hd__clkbuf_16)
     6    0.08                           clknet_5_7__leaf_clk (net)
                  0.14    0.00    1.84 ^ clkbuf_leaf_236_clk/A (sky130_fd_sc_hd__clkbuf_16)
                  0.08    0.28    2.12 ^ clkbuf_leaf_236_clk/X (sky130_fd_sc_hd__clkbuf_16)
    10    0.03                           clknet_leaf_236_clk (net)
                  0.08    0.00    2.12 ^ _15803_/CLK (sky130_fd_sc_hd__dfrtp_4)
                  0.26    1.23    3.36 v _15803_/Q (sky130_fd_sc_hd__dfrtp_4)
     3    0.07                           net72 (net)
                  0.26    0.00    3.36 v _07847_/A (sky130_fd_sc_hd__buf_2)
                  0.18    0.47    3.83 v _07847_/X (sky130_fd_sc_hd__buf_2)
    10    0.04                           _06338_ (net)
                  0.18    0.00    3.83 v _11976_/A_N (sky130_fd_sc_hd__and3b_1)
                  0.17    0.56    4.39 ^ _11976_/X (sky130_fd_sc_hd__and3b_1)
     2    0.01                           _05150_ (net)
                  0.17    0.00    4.39 ^ _11978_/B (sky130_fd_sc_hd__nor3_2)
                  0.16    0.20    4.59 v _11978_/Y (sky130_fd_sc_hd__nor3_2)
     5    0.03                           _05152_ (net)
                  0.16    0.00    4.59 v max_cap120/A (sky130_fd_sc_hd__buf_2)
                  0.22    0.45    5.04 v max_cap120/X (sky130_fd_sc_hd__buf_2)
     6    0.05                           net120 (net)
                  0.22    0.00    5.04 v _11979_/A (sky130_fd_sc_hd__inv_4)
                  0.22    0.28    5.33 ^ _11979_/Y (sky130_fd_sc_hd__inv_4)
     4    0.05                           net39 (net)
                  0.22    0.00    5.33 ^ _11985_/A (sky130_fd_sc_hd__nor2_1)
                  0.13    0.22    5.55 v _11985_/Y (sky130_fd_sc_hd__nor2_1)
     3    0.01                           _05157_ (net)
                  0.13    0.00    5.55 v _11986_/A (sky130_fd_sc_hd__buf_4)
                  0.16    0.40    5.95 v _11986_/X (sky130_fd_sc_hd__buf_4)
    10    0.07                           _05158_ (net)
                  0.16    0.00    5.95 v _12049_/B1 (sky130_fd_sc_hd__a22o_1)
                  0.08    0.39    6.34 v _12049_/X (sky130_fd_sc_hd__a22o_1)
     1    0.00                           _05220_ (net)
                  0.08    0.00    6.34 v _12050_/A2 (sky130_fd_sc_hd__o21a_1)
                  0.19    0.45    6.80 v _12050_/X (sky130_fd_sc_hd__o21a_1)
     5    0.02                           _05221_ (net)
                  0.19    0.00    6.80 v _12055_/A (sky130_fd_sc_hd__or2_4)
                  0.13    0.62    7.42 v _12055_/X (sky130_fd_sc_hd__or2_4)
     5    0.02                           _05226_ (net)
                  0.13    0.00    7.42 v _12215_/A2 (sky130_fd_sc_hd__o31a_1)
                  0.14    0.64    8.06 v _12215_/X (sky130_fd_sc_hd__o31a_1)
     3    0.01                           _05386_ (net)
                  0.14    0.00    8.06 v _12218_/B (sky130_fd_sc_hd__or3_1)
                  0.17    0.92    8.98 v _12218_/X (sky130_fd_sc_hd__or3_1)
     2    0.01                           _05389_ (net)
                  0.17    0.00    8.98 v _12222_/C (sky130_fd_sc_hd__and3_1)
                  0.12    0.49    9.47 v _12222_/X (sky130_fd_sc_hd__and3_1)
     3    0.01                           _05393_ (net)
                  0.12    0.00    9.47 v _12227_/B (sky130_fd_sc_hd__or3_1)
                  0.18    0.92   10.39 v _12227_/X (sky130_fd_sc_hd__or3_1)
     2    0.01                           _05398_ (net)
                  0.18    0.00   10.39 v _12240_/B1 (sky130_fd_sc_hd__a2111o_1)
                  0.21    0.96   11.35 v _12240_/X (sky130_fd_sc_hd__a2111o_1)
     4    0.01                           _05411_ (net)
                  0.21    0.00   11.35 v _12241_/B (sky130_fd_sc_hd__or2_4)
                  0.13    0.59   11.94 v _12241_/X (sky130_fd_sc_hd__or2_4)
     5    0.02                           _05412_ (net)
                  0.13    0.00   11.94 v _12312_/A1 (sky130_fd_sc_hd__a211o_1)
                  0.22    0.69   12.63 v _12312_/X (sky130_fd_sc_hd__a211o_1)
     4    0.02                           _05483_ (net)
                  0.22    0.00   12.63 v _12351_/A1 (sky130_fd_sc_hd__a2111o_1)
                  0.21    0.95   13.58 v _12351_/X (sky130_fd_sc_hd__a2111o_1)
     2    0.01                           _05522_ (net)
                  0.21    0.00   13.58 v _12358_/A1 (sky130_fd_sc_hd__a21oi_4)
                  0.23    0.34   13.92 ^ _12358_/Y (sky130_fd_sc_hd__a21oi_4)
     5    0.01                           _05529_ (net)
                  0.23    0.00   13.92 ^ _12364_/A2 (sky130_fd_sc_hd__o211a_1)
                  0.20    0.46   14.38 ^ _12364_/X (sky130_fd_sc_hd__o211a_1)
     3    0.01                           _05535_ (net)
                  0.20    0.00   14.38 ^ _12449_/A (sky130_fd_sc_hd__nor2_1)
                  0.11    0.17   14.55 v _12449_/Y (sky130_fd_sc_hd__nor2_1)
     1    0.01                           _05612_ (net)
                  0.11    0.00   14.55 v _12453_/A2 (sky130_fd_sc_hd__a211o_4)
                  0.19    0.78   15.33 v _12453_/X (sky130_fd_sc_hd__a211o_4)
     3    0.06                           net25 (net)
                  0.19    0.00   15.33 v _12455_/A (sky130_fd_sc_hd__or2_1)
                  0.10    0.58   15.91 v _12455_/X (sky130_fd_sc_hd__or2_1)
     1    0.00                           _05617_ (net)
                  0.10    0.00   15.91 v _12456_/A (sky130_fd_sc_hd__buf_4)
                  0.11    0.34   16.26 v _12456_/X (sky130_fd_sc_hd__buf_4)
     3    0.04                           net105 (net)
                  0.11    0.00   16.26 v output105/A (sky130_fd_sc_hd__buf_4)
                  0.10    0.34   16.60 v output105/X (sky130_fd_sc_hd__buf_4)
     1    0.03                           WriteBack_out[30] (net)
                  0.10    0.00   16.60 v WriteBack_out[30] (out)
                                 16.60   data arrival time

                         20.00   20.00   clock clk (rise edge)
                          0.00   20.00   clock network delay (propagated)
                         -0.25   19.75   clock uncertainty
                          0.00   19.75   clock reconvergence pessimism
                         -4.00   15.75   output external delay
                                 15.75   data required time
-----------------------------------------------------------------------------
                                 15.75   data required time
                                -16.60   data arrival time
-----------------------------------------------------------------------------
                                 -0.85   slack (VIOLATED)



======================= Typical Corner ===================================

Startpoint: reset (input port clocked by clk)
Endpoint: _15867_ (recovery check against rising-edge clock clk)
Path Group: asynchronous
Path Type: max
Corner: Typical

Fanout     Cap    Slew   Delay    Time   Description
-----------------------------------------------------------------------------
                          0.00    0.00   clock clk (rise edge)
                          0.00    0.00   clock network delay (propagated)
                          4.00    4.00 v input external delay
                  0.01    0.00    4.00 v reset (in)
     1    0.00                           reset (net)
                  0.01    0.00    4.00 v input1/A (sky130_fd_sc_hd__buf_1)
                  0.05    0.10    4.10 v input1/X (sky130_fd_sc_hd__buf_1)
     1    0.01                           net1 (net)
                  0.05    0.00    4.10 v _13241_/A (sky130_fd_sc_hd__buf_8)
                  0.09    0.18    4.29 v _13241_/X (sky130_fd_sc_hd__buf_8)
     9    0.11                           _06082_ (net)
                  0.09    0.02    4.30 v _13242_/A (sky130_fd_sc_hd__buf_6)
                  0.10    0.22    4.52 v _13242_/X (sky130_fd_sc_hd__buf_6)
    10    0.12                           _06083_ (net)
                  0.11    0.01    4.53 v _13310_/A (sky130_fd_sc_hd__buf_4)
                  0.09    0.24    4.77 v _13310_/X (sky130_fd_sc_hd__buf_4)
    10    0.07                           _06091_ (net)
                  0.09    0.00    4.77 v _13311_/A (sky130_fd_sc_hd__clkbuf_8)
                  0.09    0.22    4.99 v _13311_/X (sky130_fd_sc_hd__clkbuf_8)
    10    0.07                           _06092_ (net)
                  0.09    0.00    4.99 v _13318_/A (sky130_fd_sc_hd__inv_2)
                  0.04    0.06    5.06 ^ _13318_/Y (sky130_fd_sc_hd__inv_2)
     1    0.00                           _00066_ (net)
                  0.04    0.00    5.06 ^ _15867_/RESET_B (sky130_fd_sc_hd__dfrtp_1)
                                  5.06   data arrival time

                         20.00   20.00   clock clk (rise edge)
                          0.00   20.00   clock source latency
                  0.32    0.21   20.21 ^ clk (in)
     2    0.07                           clk (net)
                  0.32    0.00   20.21 ^ clkbuf_0_clk/A (sky130_fd_sc_hd__clkbuf_16)
                  0.13    0.27   20.48 ^ clkbuf_0_clk/X (sky130_fd_sc_hd__clkbuf_16)
     4    0.11                           clknet_0_clk (net)
                  0.13    0.00   20.48 ^ clkbuf_2_2_0_clk/A (sky130_fd_sc_hd__clkbuf_8)
                  0.21    0.27   20.75 ^ clkbuf_2_2_0_clk/X (sky130_fd_sc_hd__clkbuf_8)
     8    0.12                           clknet_2_2_0_clk (net)
                  0.21    0.00   20.75 ^ clkbuf_5_18__f_clk/A (sky130_fd_sc_hd__clkbuf_16)
                  0.12    0.24   20.98 ^ clkbuf_5_18__f_clk/X (sky130_fd_sc_hd__clkbuf_16)
    10    0.11                           clknet_5_18__leaf_clk (net)
                  0.12    0.00   20.99 ^ _15867_/CLK (sky130_fd_sc_hd__dfrtp_1)
                         -0.25   20.74   clock uncertainty
                          0.00   20.74   clock reconvergence pessimism
                          0.26   20.99   library recovery time
                                 20.99   data required time
-----------------------------------------------------------------------------
                                 20.99   data required time
                                 -5.06   data arrival time
-----------------------------------------------------------------------------
                                 15.94   slack (MET)


Startpoint: _15803_ (rising edge-triggered flip-flop clocked by clk)
Endpoint: ALU_out[31] (output port clocked by clk)
Path Group: clk
Path Type: max
Corner: Typical

Fanout     Cap    Slew   Delay    Time   Description
-----------------------------------------------------------------------------
                          0.00    0.00   clock clk (rise edge)
                          0.00    0.00   clock source latency
                  0.32    0.23    0.23 ^ clk (in)
     2    0.07                           clk (net)
                  0.32    0.00    0.23 ^ clkbuf_0_clk/A (sky130_fd_sc_hd__clkbuf_16)
                  0.13    0.29    0.53 ^ clkbuf_0_clk/X (sky130_fd_sc_hd__clkbuf_16)
     4    0.11                           clknet_0_clk (net)
                  0.13    0.00    0.53 ^ clkbuf_2_0_0_clk/A (sky130_fd_sc_hd__clkbuf_8)
                  0.21    0.29    0.82 ^ clkbuf_2_0_0_clk/X (sky130_fd_sc_hd__clkbuf_8)
     8    0.12                           clknet_2_0_0_clk (net)
                  0.21    0.00    0.82 ^ clkbuf_5_7__f_clk/A (sky130_fd_sc_hd__clkbuf_16)
                  0.09    0.23    1.06 ^ clkbuf_5_7__f_clk/X (sky130_fd_sc_hd__clkbuf_16)
     6    0.08                           clknet_5_7__leaf_clk (net)
                  0.09    0.00    1.06 ^ clkbuf_leaf_236_clk/A (sky130_fd_sc_hd__clkbuf_16)
                  0.05    0.16    1.22 ^ clkbuf_leaf_236_clk/X (sky130_fd_sc_hd__clkbuf_16)
    10    0.03                           clknet_leaf_236_clk (net)
                  0.05    0.00    1.22 ^ _15803_/CLK (sky130_fd_sc_hd__dfrtp_4)
                  0.20    0.56    1.78 ^ _15803_/Q (sky130_fd_sc_hd__dfrtp_4)
     3    0.07                           net72 (net)
                  0.20    0.00    1.78 ^ _07847_/A (sky130_fd_sc_hd__buf_2)
                  0.20    0.28    2.06 ^ _07847_/X (sky130_fd_sc_hd__buf_2)
    10    0.04                           _06338_ (net)
                  0.20    0.00    2.06 ^ _11982_/B (sky130_fd_sc_hd__and4b_1)
                  0.06    0.22    2.28 ^ _11982_/X (sky130_fd_sc_hd__and4b_1)
     1    0.00                           _05154_ (net)
                  0.06    0.00    2.28 ^ _11983_/A (sky130_fd_sc_hd__clkbuf_4)
                  0.15    0.22    2.50 ^ _11983_/X (sky130_fd_sc_hd__clkbuf_4)
     8    0.05                           _05155_ (net)
                  0.15    0.00    2.50 ^ _11984_/C (sky130_fd_sc_hd__or3_4)
                  0.09    0.20    2.70 ^ _11984_/X (sky130_fd_sc_hd__or3_4)
     4    0.03                           _05156_ (net)
                  0.09    0.00    2.70 ^ _12024_/A (sky130_fd_sc_hd__inv_6)
                  0.08    0.10    2.80 v _12024_/Y (sky130_fd_sc_hd__inv_6)
    11    0.09                           net45 (net)
                  0.08    0.00    2.80 v _12065_/A3 (sky130_fd_sc_hd__a32o_1)
                  0.05    0.29    3.09 v _12065_/X (sky130_fd_sc_hd__a32o_1)
     1    0.00                           _05236_ (net)
                  0.05    0.00    3.09 v _12066_/A2 (sky130_fd_sc_hd__o21a_2)
                  0.08    0.25    3.34 v _12066_/X (sky130_fd_sc_hd__o21a_2)
     5    0.02                           _05237_ (net)
                  0.08    0.00    3.34 v _12073_/B (sky130_fd_sc_hd__or4_4)
                  0.10    0.57    3.91 v _12073_/X (sky130_fd_sc_hd__or4_4)
     3    0.01                           _05244_ (net)
                  0.10    0.00    3.91 v _12086_/B (sky130_fd_sc_hd__or4bb_4)
                  0.10    0.58    4.49 v _12086_/X (sky130_fd_sc_hd__or4bb_4)
     2    0.01                           _05257_ (net)
                  0.10    0.00    4.49 v _12087_/C (sky130_fd_sc_hd__nor3_4)
                  0.28    0.26    4.75 ^ _12087_/Y (sky130_fd_sc_hd__nor3_4)
     6    0.02                           _05258_ (net)
                  0.28    0.00    4.75 ^ _12299_/A1 (sky130_fd_sc_hd__a31o_1)
                  0.16    0.28    5.03 ^ _12299_/X (sky130_fd_sc_hd__a31o_1)
     3    0.02                           _05470_ (net)
                  0.16    0.00    5.03 ^ _12307_/B (sky130_fd_sc_hd__xnor2_1)
                  0.27    0.20    5.23 ^ _12307_/Y (sky130_fd_sc_hd__xnor2_1)
     3    0.01                           _05478_ (net)
                  0.27    0.00    5.23 ^ _12308_/B (sky130_fd_sc_hd__xnor2_1)
                  0.10    0.16    5.38 v _12308_/Y (sky130_fd_sc_hd__xnor2_1)
     3    0.01                           _05479_ (net)
                  0.10    0.00    5.39 v _12310_/B (sky130_fd_sc_hd__or3b_1)
                  0.09    0.41    5.80 v _12310_/X (sky130_fd_sc_hd__or3b_1)
     2    0.01                           _05481_ (net)
                  0.09    0.00    5.80 v _12311_/C (sky130_fd_sc_hd__or3_4)
                  0.07    0.37    6.16 v _12311_/X (sky130_fd_sc_hd__or3_4)
     2    0.01                           _05482_ (net)
                  0.07    0.00    6.16 v _12323_/A1 (sky130_fd_sc_hd__o221a_4)
                  0.06    0.33    6.49 v _12323_/X (sky130_fd_sc_hd__o221a_4)
     4    0.02                           _05494_ (net)
                  0.06    0.00    6.49 v _12351_/A2 (sky130_fd_sc_hd__a2111o_1)
                  0.12    0.50    6.99 v _12351_/X (sky130_fd_sc_hd__a2111o_1)
     2    0.01                           _05522_ (net)
                  0.12    0.00    7.00 v _12358_/A1 (sky130_fd_sc_hd__a21oi_4)
                  0.15    0.20    7.19 ^ _12358_/Y (sky130_fd_sc_hd__a21oi_4)
     5    0.01                           _05529_ (net)
                  0.15    0.00    7.19 ^ _12364_/A2 (sky130_fd_sc_hd__o211a_1)
                  0.12    0.23    7.42 ^ _12364_/X (sky130_fd_sc_hd__o211a_1)
     3    0.01                           _05535_ (net)
                  0.12    0.00    7.42 ^ _12375_/A2 (sky130_fd_sc_hd__o21ai_2)
                  0.08    0.09    7.50 v _12375_/Y (sky130_fd_sc_hd__o21ai_2)
     1    0.01                           _05545_ (net)
                  0.08    0.00    7.50 v _12390_/A1 (sky130_fd_sc_hd__a211oi_4)
                  0.42    0.44    7.94 ^ _12390_/Y (sky130_fd_sc_hd__a211oi_4)
     4    0.03                           _05560_ (net)
                  0.42    0.00    7.95 ^ _13117_/A (sky130_fd_sc_hd__buf_6)
                  0.08    0.21    8.15 ^ _13117_/X (sky130_fd_sc_hd__buf_6)
     6    0.03                           _05989_ (net)
                  0.08    0.00    8.15 ^ _13118_/A (sky130_fd_sc_hd__buf_6)
                  0.10    0.16    8.31 ^ _13118_/X (sky130_fd_sc_hd__buf_6)
    10    0.05                           _05990_ (net)
                  0.10    0.00    8.31 ^ _13119_/A (sky130_fd_sc_hd__inv_2)
                  0.07    0.09    8.40 v _13119_/Y (sky130_fd_sc_hd__inv_2)
     1    0.03                           net26 (net)
                  0.07    0.00    8.40 v output26/A (sky130_fd_sc_hd__clkbuf_4)
                  0.08    0.20    8.61 v output26/X (sky130_fd_sc_hd__clkbuf_4)
     1    0.03                           ALU_out[31] (net)
                  0.08    0.00    8.61 v ALU_out[31] (out)
                                  8.61   data arrival time

                         20.00   20.00   clock clk (rise edge)
                          0.00   20.00   clock network delay (propagated)
                         -0.25   19.75   clock uncertainty
                          0.00   19.75   clock reconvergence pessimism
                         -4.00   15.75   output external delay
                                 15.75   data required time
-----------------------------------------------------------------------------
                                 15.75   data required time
                                 -8.61   data arrival time
-----------------------------------------------------------------------------
                                  7.14   slack (MET)




===========================================================================
report_checks --slack_max -0.01
============================================================================
======================= Fastest Corner ===================================

No paths found.

======================= Slowest Corner ===================================

Startpoint: _15803_ (rising edge-triggered flip-flop clocked by clk)
Endpoint: WriteBack_out[30] (output port clocked by clk)
Path Group: clk
Path Type: max
Corner: Slowest

Fanout     Cap    Slew   Delay    Time   Description
-----------------------------------------------------------------------------
                          0.00    0.00   clock clk (rise edge)
                          0.00    0.00   clock source latency
                  0.50    0.37    0.37 ^ clk (in)
     2    0.07                           clk (net)
                  0.50    0.00    0.37 ^ clkbuf_0_clk/A (sky130_fd_sc_hd__clkbuf_16)
                  0.20    0.54    0.91 ^ clkbuf_0_clk/X (sky130_fd_sc_hd__clkbuf_16)
     4    0.11                           clknet_0_clk (net)
                  0.20    0.00    0.91 ^ clkbuf_2_0_0_clk/A (sky130_fd_sc_hd__clkbuf_8)
                  0.32    0.51    1.42 ^ clkbuf_2_0_0_clk/X (sky130_fd_sc_hd__clkbuf_8)
     8    0.12                           clknet_2_0_0_clk (net)
                  0.32    0.00    1.42 ^ clkbuf_5_7__f_clk/A (sky130_fd_sc_hd__clkbuf_16)
                  0.14    0.42    1.84 ^ clkbuf_5_7__f_clk/X (sky130_fd_sc_hd__clkbuf_16)
     6    0.08                           clknet_5_7__leaf_clk (net)
                  0.14    0.00    1.84 ^ clkbuf_leaf_236_clk/A (sky130_fd_sc_hd__clkbuf_16)
                  0.08    0.28    2.12 ^ clkbuf_leaf_236_clk/X (sky130_fd_sc_hd__clkbuf_16)
    10    0.03                           clknet_leaf_236_clk (net)
                  0.08    0.00    2.12 ^ _15803_/CLK (sky130_fd_sc_hd__dfrtp_4)
                  0.26    1.23    3.36 v _15803_/Q (sky130_fd_sc_hd__dfrtp_4)
     3    0.07                           net72 (net)
                  0.26    0.00    3.36 v _07847_/A (sky130_fd_sc_hd__buf_2)
                  0.18    0.47    3.83 v _07847_/X (sky130_fd_sc_hd__buf_2)
    10    0.04                           _06338_ (net)
                  0.18    0.00    3.83 v _11976_/A_N (sky130_fd_sc_hd__and3b_1)
                  0.17    0.56    4.39 ^ _11976_/X (sky130_fd_sc_hd__and3b_1)
     2    0.01                           _05150_ (net)
                  0.17    0.00    4.39 ^ _11978_/B (sky130_fd_sc_hd__nor3_2)
                  0.16    0.20    4.59 v _11978_/Y (sky130_fd_sc_hd__nor3_2)
     5    0.03                           _05152_ (net)
                  0.16    0.00    4.59 v max_cap120/A (sky130_fd_sc_hd__buf_2)
                  0.22    0.45    5.04 v max_cap120/X (sky130_fd_sc_hd__buf_2)
     6    0.05                           net120 (net)
                  0.22    0.00    5.04 v _11979_/A (sky130_fd_sc_hd__inv_4)
                  0.22    0.28    5.33 ^ _11979_/Y (sky130_fd_sc_hd__inv_4)
     4    0.05                           net39 (net)
                  0.22    0.00    5.33 ^ _11985_/A (sky130_fd_sc_hd__nor2_1)
                  0.13    0.22    5.55 v _11985_/Y (sky130_fd_sc_hd__nor2_1)
     3    0.01                           _05157_ (net)
                  0.13    0.00    5.55 v _11986_/A (sky130_fd_sc_hd__buf_4)
                  0.16    0.40    5.95 v _11986_/X (sky130_fd_sc_hd__buf_4)
    10    0.07                           _05158_ (net)
                  0.16    0.00    5.95 v _12049_/B1 (sky130_fd_sc_hd__a22o_1)
                  0.08    0.39    6.34 v _12049_/X (sky130_fd_sc_hd__a22o_1)
     1    0.00                           _05220_ (net)
                  0.08    0.00    6.34 v _12050_/A2 (sky130_fd_sc_hd__o21a_1)
                  0.19    0.45    6.80 v _12050_/X (sky130_fd_sc_hd__o21a_1)
     5    0.02                           _05221_ (net)
                  0.19    0.00    6.80 v _12055_/A (sky130_fd_sc_hd__or2_4)
                  0.13    0.62    7.42 v _12055_/X (sky130_fd_sc_hd__or2_4)
     5    0.02                           _05226_ (net)
                  0.13    0.00    7.42 v _12215_/A2 (sky130_fd_sc_hd__o31a_1)
                  0.14    0.64    8.06 v _12215_/X (sky130_fd_sc_hd__o31a_1)
     3    0.01                           _05386_ (net)
                  0.14    0.00    8.06 v _12218_/B (sky130_fd_sc_hd__or3_1)
                  0.17    0.92    8.98 v _12218_/X (sky130_fd_sc_hd__or3_1)
     2    0.01                           _05389_ (net)
                  0.17    0.00    8.98 v _12222_/C (sky130_fd_sc_hd__and3_1)
                  0.12    0.49    9.47 v _12222_/X (sky130_fd_sc_hd__and3_1)
     3    0.01                           _05393_ (net)
                  0.12    0.00    9.47 v _12227_/B (sky130_fd_sc_hd__or3_1)
                  0.18    0.92   10.39 v _12227_/X (sky130_fd_sc_hd__or3_1)
     2    0.01                           _05398_ (net)
                  0.18    0.00   10.39 v _12240_/B1 (sky130_fd_sc_hd__a2111o_1)
                  0.21    0.96   11.35 v _12240_/X (sky130_fd_sc_hd__a2111o_1)
     4    0.01                           _05411_ (net)
                  0.21    0.00   11.35 v _12241_/B (sky130_fd_sc_hd__or2_4)
                  0.13    0.59   11.94 v _12241_/X (sky130_fd_sc_hd__or2_4)
     5    0.02                           _05412_ (net)
                  0.13    0.00   11.94 v _12312_/A1 (sky130_fd_sc_hd__a211o_1)
                  0.22    0.69   12.63 v _12312_/X (sky130_fd_sc_hd__a211o_1)
     4    0.02                           _05483_ (net)
                  0.22    0.00   12.63 v _12351_/A1 (sky130_fd_sc_hd__a2111o_1)
                  0.21    0.95   13.58 v _12351_/X (sky130_fd_sc_hd__a2111o_1)
     2    0.01                           _05522_ (net)
                  0.21    0.00   13.58 v _12358_/A1 (sky130_fd_sc_hd__a21oi_4)
                  0.23    0.34   13.92 ^ _12358_/Y (sky130_fd_sc_hd__a21oi_4)
     5    0.01                           _05529_ (net)
                  0.23    0.00   13.92 ^ _12364_/A2 (sky130_fd_sc_hd__o211a_1)
                  0.20    0.46   14.38 ^ _12364_/X (sky130_fd_sc_hd__o211a_1)
     3    0.01                           _05535_ (net)
                  0.20    0.00   14.38 ^ _12449_/A (sky130_fd_sc_hd__nor2_1)
                  0.11    0.17   14.55 v _12449_/Y (sky130_fd_sc_hd__nor2_1)
     1    0.01                           _05612_ (net)
                  0.11    0.00   14.55 v _12453_/A2 (sky130_fd_sc_hd__a211o_4)
                  0.19    0.78   15.33 v _12453_/X (sky130_fd_sc_hd__a211o_4)
     3    0.06                           net25 (net)
                  0.19    0.00   15.33 v _12455_/A (sky130_fd_sc_hd__or2_1)
                  0.10    0.58   15.91 v _12455_/X (sky130_fd_sc_hd__or2_1)
     1    0.00                           _05617_ (net)
                  0.10    0.00   15.91 v _12456_/A (sky130_fd_sc_hd__buf_4)
                  0.11    0.34   16.26 v _12456_/X (sky130_fd_sc_hd__buf_4)
     3    0.04                           net105 (net)
                  0.11    0.00   16.26 v output105/A (sky130_fd_sc_hd__buf_4)
                  0.10    0.34   16.60 v output105/X (sky130_fd_sc_hd__buf_4)
     1    0.03                           WriteBack_out[30] (net)
                  0.10    0.00   16.60 v WriteBack_out[30] (out)
                                 16.60   data arrival time

                         20.00   20.00   clock clk (rise edge)
                          0.00   20.00   clock network delay (propagated)
                         -0.25   19.75   clock uncertainty
                          0.00   19.75   clock reconvergence pessimism
                         -4.00   15.75   output external delay
                                 15.75   data required time
-----------------------------------------------------------------------------
                                 15.75   data required time
                                -16.60   data arrival time
-----------------------------------------------------------------------------
                                 -0.85   slack (VIOLATED)



======================= Typical Corner ===================================

No paths found.


===========================================================================
 report_check_types -max_slew -max_cap -max_fanout -violators
============================================================================
======================= Fastest Corner ===================================

max fanout

Pin                                   Limit Fanout  Slack
---------------------------------------------------------
clkbuf_leaf_19_clk/X                     10     16     -6 (VIOLATED)
clkbuf_leaf_201_clk/X                    10     16     -6 (VIOLATED)
clkbuf_leaf_177_clk/X                    10     15     -5 (VIOLATED)
clkbuf_leaf_116_clk/X                    10     14     -4 (VIOLATED)
clkbuf_leaf_129_clk/X                    10     14     -4 (VIOLATED)
clkbuf_leaf_157_clk/X                    10     14     -4 (VIOLATED)
clkbuf_leaf_15_clk/X                     10     14     -4 (VIOLATED)
clkbuf_leaf_181_clk/X                    10     14     -4 (VIOLATED)
clkbuf_leaf_109_clk/X                    10     13     -3 (VIOLATED)
clkbuf_leaf_111_clk/X                    10     13     -3 (VIOLATED)
clkbuf_leaf_12_clk/X                     10     13     -3 (VIOLATED)
clkbuf_leaf_130_clk/X                    10     13     -3 (VIOLATED)
clkbuf_leaf_139_clk/X                    10     13     -3 (VIOLATED)
clkbuf_leaf_142_clk/X                    10     13     -3 (VIOLATED)
clkbuf_leaf_145_clk/X                    10     13     -3 (VIOLATED)
clkbuf_leaf_148_clk/X                    10     13     -3 (VIOLATED)
clkbuf_leaf_150_clk/X                    10     13     -3 (VIOLATED)
clkbuf_leaf_179_clk/X                    10     13     -3 (VIOLATED)
clkbuf_leaf_17_clk/X                     10     13     -3 (VIOLATED)
clkbuf_leaf_225_clk/X                    10     13     -3 (VIOLATED)
clkbuf_leaf_269_clk/X                    10     13     -3 (VIOLATED)
clkbuf_leaf_38_clk/X                     10     13     -3 (VIOLATED)
clkbuf_leaf_77_clk/X                     10     13     -3 (VIOLATED)
clkbuf_leaf_91_clk/X                     10     13     -3 (VIOLATED)
clkbuf_leaf_93_clk/X                     10     13     -3 (VIOLATED)
clkbuf_5_21__f_clk/X                     10     12     -2 (VIOLATED)
clkbuf_leaf_103_clk/X                    10     12     -2 (VIOLATED)
clkbuf_leaf_128_clk/X                    10     12     -2 (VIOLATED)
clkbuf_leaf_135_clk/X                    10     12     -2 (VIOLATED)
clkbuf_leaf_167_clk/X                    10     12     -2 (VIOLATED)
clkbuf_leaf_185_clk/X                    10     12     -2 (VIOLATED)
clkbuf_leaf_207_clk/X                    10     12     -2 (VIOLATED)
clkbuf_leaf_213_clk/X                    10     12     -2 (VIOLATED)
clkbuf_leaf_218_clk/X                    10     12     -2 (VIOLATED)
clkbuf_leaf_219_clk/X                    10     12     -2 (VIOLATED)
clkbuf_leaf_21_clk/X                     10     12     -2 (VIOLATED)
clkbuf_leaf_253_clk/X                    10     12     -2 (VIOLATED)
clkbuf_leaf_260_clk/X                    10     12     -2 (VIOLATED)
clkbuf_leaf_2_clk/X                      10     12     -2 (VIOLATED)
clkbuf_leaf_50_clk/X                     10     12     -2 (VIOLATED)
clkbuf_leaf_54_clk/X                     10     12     -2 (VIOLATED)
clkbuf_leaf_65_clk/X                     10     12     -2 (VIOLATED)
clkbuf_leaf_86_clk/X                     10     12     -2 (VIOLATED)
_11963_/X                                10     11        (VIOLATED)
_12024_/Y                                10     11        (VIOLATED)
clkbuf_5_14__f_clk/X                     10     11        (VIOLATED)
clkbuf_5_9__f_clk/X                      10     11        (VIOLATED)
clkbuf_leaf_121_clk/X                    10     11        (VIOLATED)
clkbuf_leaf_127_clk/X                    10     11        (VIOLATED)
clkbuf_leaf_132_clk/X                    10     11        (VIOLATED)
clkbuf_leaf_134_clk/X                    10     11        (VIOLATED)
clkbuf_leaf_137_clk/X                    10     11        (VIOLATED)
clkbuf_leaf_13_clk/X                     10     11        (VIOLATED)
clkbuf_leaf_152_clk/X                    10     11        (VIOLATED)
clkbuf_leaf_156_clk/X                    10     11        (VIOLATED)
clkbuf_leaf_159_clk/X                    10     11        (VIOLATED)
clkbuf_leaf_182_clk/X                    10     11        (VIOLATED)
clkbuf_leaf_188_clk/X                    10     11        (VIOLATED)
clkbuf_leaf_190_clk/X                    10     11        (VIOLATED)
clkbuf_leaf_1_clk/X                      10     11        (VIOLATED)
clkbuf_leaf_206_clk/X                    10     11        (VIOLATED)
clkbuf_leaf_223_clk/X                    10     11        (VIOLATED)
clkbuf_leaf_238_clk/X                    10     11        (VIOLATED)
clkbuf_leaf_240_clk/X                    10     11        (VIOLATED)
clkbuf_leaf_25_clk/X                     10     11        (VIOLATED)
clkbuf_leaf_264_clk/X                    10     11        (VIOLATED)
clkbuf_leaf_31_clk/X                     10     11        (VIOLATED)
clkbuf_leaf_35_clk/X                     10     11        (VIOLATED)
clkbuf_leaf_4_clk/X                      10     11        (VIOLATED)
clkbuf_leaf_61_clk/X                     10     11        (VIOLATED)
clkbuf_leaf_63_clk/X                     10     11        (VIOLATED)
clkbuf_leaf_67_clk/X                     10     11        (VIOLATED)
clkbuf_leaf_6_clk/X                      10     11        (VIOLATED)
clkbuf_leaf_7_clk/X                      10     11        (VIOLATED)
clkbuf_leaf_89_clk/X                     10     11        (VIOLATED)
clkbuf_leaf_8_clk/X                      10     11        (VIOLATED)
clkbuf_leaf_95_clk/X                     10     11        (VIOLATED)
clkbuf_leaf_97_clk/X                     10     11        (VIOLATED)


======================= Slowest Corner ===================================

max slew

Pin                                    Limit    Slew   Slack
------------------------------------------------------------
output47/A                              0.75    0.99   -0.24 (VIOLATED)
_13108_/Y                               0.75    0.99   -0.24 (VIOLATED)
output9/A                               0.75    0.90   -0.15 (VIOLATED)
ANTENNA_8/DIODE                         0.75    0.90   -0.15 (VIOLATED)
ANTENNA_7/DIODE                         0.75    0.90   -0.15 (VIOLATED)
_12621_/A                               0.75    0.90   -0.15 (VIOLATED)
_12618_/Y                               0.75    0.90   -0.15 (VIOLATED)
_13134_/A                               0.75    0.90   -0.15 (VIOLATED)
wire117/A                               0.75    0.78   -0.03 (VIOLATED)
_13135_/A                               0.75    0.78   -0.03 (VIOLATED)
_12545_/Y                               0.75    0.78   -0.03 (VIOLATED)
_12547_/A                               0.75    0.78   -0.03 (VIOLATED)
output49/A                              0.75    0.78   -0.03 (VIOLATED)
ANTENNA_19/DIODE                        0.75    0.78   -0.03 (VIOLATED)
ANTENNA_20/DIODE                        0.75    0.78   -0.03 (VIOLATED)
ANTENNA_18/DIODE                        0.75    0.78   -0.03 (VIOLATED)
_13109_/Y                               0.75    0.78   -0.03 (VIOLATED)
ANTENNA_16/DIODE                        0.75    0.78   -0.03 (VIOLATED)
output44/A                              0.75    0.78   -0.03 (VIOLATED)
_13102_/Y                               0.75    0.78   -0.03 (VIOLATED)
_13137_/Y                               0.75    0.77   -0.02 (VIOLATED)
wire114/A                               0.75    0.77   -0.02 (VIOLATED)
_11978_/Y                               0.75    0.76   -0.01 (VIOLATED)
_12025_/A2                              0.75    0.76   -0.01 (VIOLATED)
_12028_/A2                              0.75    0.76   -0.01 (VIOLATED)
_12036_/A2                              0.75    0.76   -0.01 (VIOLATED)
_12365_/B                               0.75    0.76   -0.01 (VIOLATED)
max_cap120/A                            0.75    0.76   -0.01 (VIOLATED)

max fanout

Pin                                   Limit Fanout  Slack
---------------------------------------------------------
clkbuf_leaf_19_clk/X                     10     16     -6 (VIOLATED)
clkbuf_leaf_201_clk/X                    10     16     -6 (VIOLATED)
clkbuf_leaf_177_clk/X                    10     15     -5 (VIOLATED)
clkbuf_leaf_116_clk/X                    10     14     -4 (VIOLATED)
clkbuf_leaf_129_clk/X                    10     14     -4 (VIOLATED)
clkbuf_leaf_157_clk/X                    10     14     -4 (VIOLATED)
clkbuf_leaf_15_clk/X                     10     14     -4 (VIOLATED)
clkbuf_leaf_181_clk/X                    10     14     -4 (VIOLATED)
clkbuf_leaf_109_clk/X                    10     13     -3 (VIOLATED)
clkbuf_leaf_111_clk/X                    10     13     -3 (VIOLATED)
clkbuf_leaf_12_clk/X                     10     13     -3 (VIOLATED)
clkbuf_leaf_130_clk/X                    10     13     -3 (VIOLATED)
clkbuf_leaf_139_clk/X                    10     13     -3 (VIOLATED)
clkbuf_leaf_142_clk/X                    10     13     -3 (VIOLATED)
clkbuf_leaf_145_clk/X                    10     13     -3 (VIOLATED)
clkbuf_leaf_148_clk/X                    10     13     -3 (VIOLATED)
clkbuf_leaf_150_clk/X                    10     13     -3 (VIOLATED)
clkbuf_leaf_179_clk/X                    10     13     -3 (VIOLATED)
clkbuf_leaf_17_clk/X                     10     13     -3 (VIOLATED)
clkbuf_leaf_225_clk/X                    10     13     -3 (VIOLATED)
clkbuf_leaf_269_clk/X                    10     13     -3 (VIOLATED)
clkbuf_leaf_38_clk/X                     10     13     -3 (VIOLATED)
clkbuf_leaf_77_clk/X                     10     13     -3 (VIOLATED)
clkbuf_leaf_91_clk/X                     10     13     -3 (VIOLATED)
clkbuf_leaf_93_clk/X                     10     13     -3 (VIOLATED)
clkbuf_5_21__f_clk/X                     10     12     -2 (VIOLATED)
clkbuf_leaf_103_clk/X                    10     12     -2 (VIOLATED)
clkbuf_leaf_128_clk/X                    10     12     -2 (VIOLATED)
clkbuf_leaf_135_clk/X                    10     12     -2 (VIOLATED)
clkbuf_leaf_167_clk/X                    10     12     -2 (VIOLATED)
clkbuf_leaf_185_clk/X                    10     12     -2 (VIOLATED)
clkbuf_leaf_207_clk/X                    10     12     -2 (VIOLATED)
clkbuf_leaf_213_clk/X                    10     12     -2 (VIOLATED)
clkbuf_leaf_218_clk/X                    10     12     -2 (VIOLATED)
clkbuf_leaf_219_clk/X                    10     12     -2 (VIOLATED)
clkbuf_leaf_21_clk/X                     10     12     -2 (VIOLATED)
clkbuf_leaf_253_clk/X                    10     12     -2 (VIOLATED)
clkbuf_leaf_260_clk/X                    10     12     -2 (VIOLATED)
clkbuf_leaf_2_clk/X                      10     12     -2 (VIOLATED)
clkbuf_leaf_50_clk/X                     10     12     -2 (VIOLATED)
clkbuf_leaf_54_clk/X                     10     12     -2 (VIOLATED)
clkbuf_leaf_65_clk/X                     10     12     -2 (VIOLATED)
clkbuf_leaf_86_clk/X                     10     12     -2 (VIOLATED)
_11963_/X                                10     11        (VIOLATED)
_12024_/Y                                10     11        (VIOLATED)
clkbuf_5_14__f_clk/X                     10     11        (VIOLATED)
clkbuf_5_9__f_clk/X                      10     11        (VIOLATED)
clkbuf_leaf_121_clk/X                    10     11        (VIOLATED)
clkbuf_leaf_127_clk/X                    10     11        (VIOLATED)
clkbuf_leaf_132_clk/X                    10     11        (VIOLATED)
clkbuf_leaf_134_clk/X                    10     11        (VIOLATED)
clkbuf_leaf_137_clk/X                    10     11        (VIOLATED)
clkbuf_leaf_13_clk/X                     10     11        (VIOLATED)
clkbuf_leaf_152_clk/X                    10     11        (VIOLATED)
clkbuf_leaf_156_clk/X                    10     11        (VIOLATED)
clkbuf_leaf_159_clk/X                    10     11        (VIOLATED)
clkbuf_leaf_182_clk/X                    10     11        (VIOLATED)
clkbuf_leaf_188_clk/X                    10     11        (VIOLATED)
clkbuf_leaf_190_clk/X                    10     11        (VIOLATED)
clkbuf_leaf_1_clk/X                      10     11        (VIOLATED)
clkbuf_leaf_206_clk/X                    10     11        (VIOLATED)
clkbuf_leaf_223_clk/X                    10     11        (VIOLATED)
clkbuf_leaf_238_clk/X                    10     11        (VIOLATED)
clkbuf_leaf_240_clk/X                    10     11        (VIOLATED)
clkbuf_leaf_25_clk/X                     10     11        (VIOLATED)
clkbuf_leaf_264_clk/X                    10     11        (VIOLATED)
clkbuf_leaf_31_clk/X                     10     11        (VIOLATED)
clkbuf_leaf_35_clk/X                     10     11        (VIOLATED)
clkbuf_leaf_4_clk/X                      10     11        (VIOLATED)
clkbuf_leaf_61_clk/X                     10     11        (VIOLATED)
clkbuf_leaf_63_clk/X                     10     11        (VIOLATED)
clkbuf_leaf_67_clk/X                     10     11        (VIOLATED)
clkbuf_leaf_6_clk/X                      10     11        (VIOLATED)
clkbuf_leaf_7_clk/X                      10     11        (VIOLATED)
clkbuf_leaf_89_clk/X                     10     11        (VIOLATED)
clkbuf_leaf_8_clk/X                      10     11        (VIOLATED)
clkbuf_leaf_95_clk/X                     10     11        (VIOLATED)
clkbuf_leaf_97_clk/X                     10     11        (VIOLATED)


======================= Typical Corner ===================================

max fanout

Pin                                   Limit Fanout  Slack
---------------------------------------------------------
clkbuf_leaf_19_clk/X                     10     16     -6 (VIOLATED)
clkbuf_leaf_201_clk/X                    10     16     -6 (VIOLATED)
clkbuf_leaf_177_clk/X                    10     15     -5 (VIOLATED)
clkbuf_leaf_116_clk/X                    10     14     -4 (VIOLATED)
clkbuf_leaf_129_clk/X                    10     14     -4 (VIOLATED)
clkbuf_leaf_157_clk/X                    10     14     -4 (VIOLATED)
clkbuf_leaf_15_clk/X                     10     14     -4 (VIOLATED)
clkbuf_leaf_181_clk/X                    10     14     -4 (VIOLATED)
clkbuf_leaf_109_clk/X                    10     13     -3 (VIOLATED)
clkbuf_leaf_111_clk/X                    10     13     -3 (VIOLATED)
clkbuf_leaf_12_clk/X                     10     13     -3 (VIOLATED)
clkbuf_leaf_130_clk/X                    10     13     -3 (VIOLATED)
clkbuf_leaf_139_clk/X                    10     13     -3 (VIOLATED)
clkbuf_leaf_142_clk/X                    10     13     -3 (VIOLATED)
clkbuf_leaf_145_clk/X                    10     13     -3 (VIOLATED)
clkbuf_leaf_148_clk/X                    10     13     -3 (VIOLATED)
clkbuf_leaf_150_clk/X                    10     13     -3 (VIOLATED)
clkbuf_leaf_179_clk/X                    10     13     -3 (VIOLATED)
clkbuf_leaf_17_clk/X                     10     13     -3 (VIOLATED)
clkbuf_leaf_225_clk/X                    10     13     -3 (VIOLATED)
clkbuf_leaf_269_clk/X                    10     13     -3 (VIOLATED)
clkbuf_leaf_38_clk/X                     10     13     -3 (VIOLATED)
clkbuf_leaf_77_clk/X                     10     13     -3 (VIOLATED)
clkbuf_leaf_91_clk/X                     10     13     -3 (VIOLATED)
clkbuf_leaf_93_clk/X                     10     13     -3 (VIOLATED)
clkbuf_5_21__f_clk/X                     10     12     -2 (VIOLATED)
clkbuf_leaf_103_clk/X                    10     12     -2 (VIOLATED)
clkbuf_leaf_128_clk/X                    10     12     -2 (VIOLATED)
clkbuf_leaf_135_clk/X                    10     12     -2 (VIOLATED)
clkbuf_leaf_167_clk/X                    10     12     -2 (VIOLATED)
clkbuf_leaf_185_clk/X                    10     12     -2 (VIOLATED)
clkbuf_leaf_207_clk/X                    10     12     -2 (VIOLATED)
clkbuf_leaf_213_clk/X                    10     12     -2 (VIOLATED)
clkbuf_leaf_218_clk/X                    10     12     -2 (VIOLATED)
clkbuf_leaf_219_clk/X                    10     12     -2 (VIOLATED)
clkbuf_leaf_21_clk/X                     10     12     -2 (VIOLATED)
clkbuf_leaf_253_clk/X                    10     12     -2 (VIOLATED)
clkbuf_leaf_260_clk/X                    10     12     -2 (VIOLATED)
clkbuf_leaf_2_clk/X                      10     12     -2 (VIOLATED)
clkbuf_leaf_50_clk/X                     10     12     -2 (VIOLATED)
clkbuf_leaf_54_clk/X                     10     12     -2 (VIOLATED)
clkbuf_leaf_65_clk/X                     10     12     -2 (VIOLATED)
clkbuf_leaf_86_clk/X                     10     12     -2 (VIOLATED)
_11963_/X                                10     11        (VIOLATED)
_12024_/Y                                10     11        (VIOLATED)
clkbuf_5_14__f_clk/X                     10     11        (VIOLATED)
clkbuf_5_9__f_clk/X                      10     11        (VIOLATED)
clkbuf_leaf_121_clk/X                    10     11        (VIOLATED)
clkbuf_leaf_127_clk/X                    10     11        (VIOLATED)
clkbuf_leaf_132_clk/X                    10     11        (VIOLATED)
clkbuf_leaf_134_clk/X                    10     11        (VIOLATED)
clkbuf_leaf_137_clk/X                    10     11        (VIOLATED)
clkbuf_leaf_13_clk/X                     10     11        (VIOLATED)
clkbuf_leaf_152_clk/X                    10     11        (VIOLATED)
clkbuf_leaf_156_clk/X                    10     11        (VIOLATED)
clkbuf_leaf_159_clk/X                    10     11        (VIOLATED)
clkbuf_leaf_182_clk/X                    10     11        (VIOLATED)
clkbuf_leaf_188_clk/X                    10     11        (VIOLATED)
clkbuf_leaf_190_clk/X                    10     11        (VIOLATED)
clkbuf_leaf_1_clk/X                      10     11        (VIOLATED)
clkbuf_leaf_206_clk/X                    10     11        (VIOLATED)
clkbuf_leaf_223_clk/X                    10     11        (VIOLATED)
clkbuf_leaf_238_clk/X                    10     11        (VIOLATED)
clkbuf_leaf_240_clk/X                    10     11        (VIOLATED)
clkbuf_leaf_25_clk/X                     10     11        (VIOLATED)
clkbuf_leaf_264_clk/X                    10     11        (VIOLATED)
clkbuf_leaf_31_clk/X                     10     11        (VIOLATED)
clkbuf_leaf_35_clk/X                     10     11        (VIOLATED)
clkbuf_leaf_4_clk/X                      10     11        (VIOLATED)
clkbuf_leaf_61_clk/X                     10     11        (VIOLATED)
clkbuf_leaf_63_clk/X                     10     11        (VIOLATED)
clkbuf_leaf_67_clk/X                     10     11        (VIOLATED)
clkbuf_leaf_6_clk/X                      10     11        (VIOLATED)
clkbuf_leaf_7_clk/X                      10     11        (VIOLATED)
clkbuf_leaf_89_clk/X                     10     11        (VIOLATED)
clkbuf_leaf_8_clk/X                      10     11        (VIOLATED)
clkbuf_leaf_95_clk/X                     10     11        (VIOLATED)
clkbuf_leaf_97_clk/X                     10     11        (VIOLATED)



===========================================================================
report_parasitic_annotation -report_unannotated
============================================================================
Found 16 unannotated drivers.
 top_124/HI
 top_125/HI
 top_126/HI
 top_127/HI
 top_128/HI
 top_129/HI
 top_130/HI
 top_131/HI
 top_132/HI
 top_133/HI
 top_134/HI
 top_135/HI
 top_136/HI
 top_137/HI
 top_138/LO
 top_139/LO
Found 0 partially unannotated drivers.

===========================================================================
max slew violation count 28
max fanout violation count 78
max cap violation count 0
============================================================================

===========================================================================
check_setup -verbose -unconstrained_endpoints -multiple_clock -no_clock -no_input_delay -loops -generated_clocks
===========================================================================
Warning: There are 16 unconstrained endpoints.
  Instr_out[0]
  Instr_out[10]
  Instr_out[11]
  Instr_out[17]
  Instr_out[18]
  Instr_out[19]
  Instr_out[1]
  Instr_out[24]
  Instr_out[25]
  Instr_out[26]
  Instr_out[27]
  Instr_out[28]
  Instr_out[29]
  Instr_out[2]
  Instr_out[31]
  Instr_out[3]
