[ERROR]: during executing openroad script /openlane/scripts/openroad/resizer_routing_design.tcl
[ERROR]: Log: designs/Singgle_cycle/runs/RUN_2026.10.05_13.01.03/logs/routing/15-resizer_design.log
[ERROR]: Last 10 lines:

[INFO GRT-0018] Total wirelength: 0 um
[INFO GRT-0014] Routed nets: 0
[INFO]: Setting RC values...
[INFO GRT-0019] Found 0 clock nets.
[INFO GRT-0001] Minimum degree: 2147483647
[INFO GRT-0002] Maximum degree: 1
[ERROR RSZ-0005] Run global_route before estimating parasitics for global routing.
Error: resizer_routing_design.tcl, 52 RSZ-0005
child process exited abnormally

[ERROR]: Creating issue reproducible...
[ERROR]: Step 15 (routing) failed with error:
-code 1 -level 0 -errorcode NONE -errorinfo {
    while executing
"throw_error"
    (procedure "run_tcl_script" line 219)
    invoked from within
"run_tcl_script -tool openroad -no_consume {*}$args"
    (procedure "run_openroad_script" line 2)
    invoked from within
"run_openroad_script $::env(SCRIPTS_DIR)/openroad/resizer_routing_design.tcl -indexed_log $log -save "dir=$::env(routing_tmpfiles),def,sdc,odb,netlist,..."
    (procedure "run_resizer_design_routing" line 9)
    invoked from within
"run_resizer_design_routing"
    (procedure "run_routing" line 8)
    invoked from within
"run_routing"
    (procedure "run_routing_step" line 7)
    invoked from within
"run_routing_step"} -errorline 1
[ERROR]: Flow failed.
