[INFO]: Run Directory: /openlane/designs/Singgle_cycle/runs/RUN_2026.10.05_13.01.03
[INFO]: Saving runtime environment...
[INFO]: Preparing LEF files for the nom corner...
[INFO]: Preparing LEF files for the min corner...
[INFO]: Preparing LEF files for the max corner...
[INFO]: Running linter (Verilator) (log: designs/Singgle_cycle/runs/RUN_2026.10.05_13.01.03/logs/synthesis/linter.log)...
[INFO]: 0 errors found by linter
[WARNING]: 24 warnings found by linter
[INFO]: Running Synthesis (log: designs/Singgle_cycle/runs/RUN_2026.10.05_13.01.03/logs/synthesis/1-synthesis.log)...
[INFO]: Running Single-Corner Static Timing Analysis (log: designs/Singgle_cycle/runs/RUN_2026.10.05_13.01.03/logs/synthesis/2-sta.log)...
[INFO]: Running Initial Floorplanning (log: designs/Singgle_cycle/runs/RUN_2026.10.05_13.01.03/logs/floorplan/3-initial_fp.log)...
[INFO]: Floorplanned with width 988.54 and height 976.48.
[INFO]: Running IO Placement...
[INFO]: Running Tap/Decap Insertion (log: designs/Singgle_cycle/runs/RUN_2026.10.05_13.01.03/logs/floorplan/5-tap.log)...
[INFO]: Power planning with power {VPWR} and ground {VGND}...
[INFO]: Generating PDN (log: designs/Singgle_cycle/runs/RUN_2026.10.05_13.01.03/logs/floorplan/6-pdn.log)...
[INFO]: Running Global Placement (log: designs/Singgle_cycle/runs/RUN_2026.10.05_13.01.03/logs/placement/7-global.log)...
[INFO]: Running Single-Corner Static Timing Analysis (log: designs/Singgle_cycle/runs/RUN_2026.10.05_13.01.03/logs/placement/8-gpl_sta.log)...
[INFO]: Running Placement Resizer Design Optimizations (log: designs/Singgle_cycle/runs/RUN_2026.10.05_13.01.03/logs/placement/9-resizer.log)...
[INFO]: Running Detailed Placement (log: designs/Singgle_cycle/runs/RUN_2026.10.05_13.01.03/logs/placement/10-detailed.log)...
[INFO]: Running Single-Corner Static Timing Analysis (log: designs/Singgle_cycle/runs/RUN_2026.10.05_13.01.03/logs/placement/11-dpl_sta.log)...
[INFO]: Running Clock Tree Synthesis (log: designs/Singgle_cycle/runs/RUN_2026.10.05_13.01.03/logs/cts/12-cts.log)...
[INFO]: Running Single-Corner Static Timing Analysis (log: designs/Singgle_cycle/runs/RUN_2026.10.05_13.01.03/logs/cts/13-cts_sta.log)...
[INFO]: Running Placement Resizer Timing Optimizations (log: designs/Singgle_cycle/runs/RUN_2026.10.05_13.01.03/logs/cts/14-resizer.log)...
[INFO]: Running Global Routing Resizer Design Optimizations (log: designs/Singgle_cycle/runs/RUN_2026.10.05_13.01.03/logs/routing/15-resizer_design.log)...
[ERROR]: during executing openroad script /openlane/scripts/openroad/resizer_routing_design.tcl
[ERROR]: Log: designs/Singgle_cycle/runs/RUN_2026.10.05_13.01.03/logs/routing/15-resizer_design.log
[ERROR]: Last 10 lines:

[INFO GRT-0018] Total wirelength: 0 um
[INFO GRT-0014] Routed nets: 0
[INFO]: Setting RC values...
[INFO GRT-0019] Found 0 clock nets.
[INFO GRT-0001] Minimum degree: 2147483647
[INFO GRT-0002] Maximum degree: 1
[ERROR RSZ-0005] Run global_route before estimating parasitics for global routing.
Error: resizer_routing_design.tcl, 52 RSZ-0005
child process exited abnormally

[ERROR]: Creating issue reproducible...
[INFO]: Saving runtime environment...
[INFO]: Reproducible packaged: Please tarball and upload 'designs/Singgle_cycle/runs/RUN_2026.10.05_13.01.03/issue_reproducible' if you're going to submit an issue.
[ERROR]: Step 15 (routing) failed with error:
-code 1 -level 0 -errorcode NONE -errorinfo {
    while executing
"throw_error"
    (procedure "run_tcl_script" line 219)
    invoked from within
"run_tcl_script -tool openroad -no_consume {*}$args"
    (procedure "run_openroad_script" line 2)
    invoked from within
"run_openroad_script $::env(SCRIPTS_DIR)/openroad/resizer_routing_design.tcl -indexed_log $log -save "dir=$::env(routing_tmpfiles),def,sdc,odb,netlist,..."
    (procedure "run_resizer_design_routing" line 9)
    invoked from within
"run_resizer_design_routing"
    (procedure "run_routing" line 8)
    invoked from within
"run_routing"
    (procedure "run_routing_step" line 7)
    invoked from within
"run_routing_step"} -errorline 1
[INFO]: Saving current set of views in 'designs/Singgle_cycle/runs/RUN_2026.10.05_13.01.03/results/final'...
[INFO]: Generating final set of reports...
[INFO]: Created manufacturability report at 'designs/Singgle_cycle/runs/RUN_2026.10.05_13.01.03/reports/manufacturability.rpt'.
[INFO]: Created metrics report at 'designs/Singgle_cycle/runs/RUN_2026.10.05_13.01.03/reports/metrics.csv'.
[INFO]: Saving runtime environment...
[ERROR]: Flow failed.
[INFO]: The failure may have been because of the following warnings:
