
===========================================================================
report_checks -unconstrained
===========================================================================
======================= Typical Corner ===================================

Startpoint: reset (input port clocked by clk)
Endpoint: _15867_ (recovery check against rising-edge clock clk)
Path Group: asynchronous
Path Type: max

Fanout     Cap    Slew   Delay    Time   Description
-----------------------------------------------------------------------------
                          0.00    0.00   clock clk (rise edge)
                          0.00    0.00   clock network delay (propagated)
                          4.00    4.00 v input external delay
                  0.01    0.00    4.00 v reset (in)
     1    0.00                           reset (net)
                  0.01    0.00    4.00 v input1/A (sky130_fd_sc_hd__buf_1)
                  0.05    0.10    4.11 v input1/X (sky130_fd_sc_hd__buf_1)
     1    0.01                           net1 (net)
                  0.05    0.00    4.11 v _13241_/A (sky130_fd_sc_hd__buf_8)
                  0.10    0.18    4.29 v _13241_/X (sky130_fd_sc_hd__buf_8)
     9    0.12                           _06082_ (net)
                  0.10    0.02    4.31 v _13242_/A (sky130_fd_sc_hd__buf_6)
                  0.11    0.23    4.53 v _13242_/X (sky130_fd_sc_hd__buf_6)
    10    0.13                           _06083_ (net)
                  0.12    0.01    4.55 v _13310_/A (sky130_fd_sc_hd__buf_4)
                  0.09    0.25    4.79 v _13310_/X (sky130_fd_sc_hd__buf_4)
    10    0.07                           _06091_ (net)
                  0.09    0.00    4.79 v _13311_/A (sky130_fd_sc_hd__clkbuf_8)
                  0.09    0.23    5.02 v _13311_/X (sky130_fd_sc_hd__clkbuf_8)
    10    0.08                           _06092_ (net)
                  0.09    0.00    5.03 v _13318_/A (sky130_fd_sc_hd__inv_2)
                  0.04    0.06    5.09 ^ _13318_/Y (sky130_fd_sc_hd__inv_2)
     1    0.00                           _00066_ (net)
                  0.04    0.00    5.09 ^ _15867_/RESET_B (sky130_fd_sc_hd__dfrtp_1)
                                  5.09   data arrival time

                         20.00   20.00   clock clk (rise edge)
                          0.00   20.00   clock source latency
                  0.34    0.23   20.23 ^ clk (in)
     2    0.08                           clk (net)
                  0.34    0.00   20.23 ^ clkbuf_0_clk/A (sky130_fd_sc_hd__clkbuf_16)
                  0.14    0.27   20.50 ^ clkbuf_0_clk/X (sky130_fd_sc_hd__clkbuf_16)
     4    0.12                           clknet_0_clk (net)
                  0.14    0.00   20.50 ^ clkbuf_2_2_0_clk/A (sky130_fd_sc_hd__clkbuf_8)
                  0.22    0.28   20.78 ^ clkbuf_2_2_0_clk/X (sky130_fd_sc_hd__clkbuf_8)
     8    0.13                           clknet_2_2_0_clk (net)
                  0.22    0.00   20.78 ^ clkbuf_5_18__f_clk/A (sky130_fd_sc_hd__clkbuf_16)
                  0.13    0.24   21.02 ^ clkbuf_5_18__f_clk/X (sky130_fd_sc_hd__clkbuf_16)
    10    0.11                           clknet_5_18__leaf_clk (net)
                  0.13    0.00   21.03 ^ _15867_/CLK (sky130_fd_sc_hd__dfrtp_1)
                         -0.25   20.78   clock uncertainty
                          0.00   20.78   clock reconvergence pessimism
                          0.26   21.03   library recovery time
                                 21.03   data required time
-----------------------------------------------------------------------------
                                 21.03   data required time
                                 -5.09   data arrival time
-----------------------------------------------------------------------------
                                 15.94   slack (MET)


Startpoint: _15803_ (rising edge-triggered flip-flop clocked by clk)
Endpoint: ALU_out[31] (output port clocked by clk)
Path Group: clk
Path Type: max

Fanout     Cap    Slew   Delay    Time   Description
-----------------------------------------------------------------------------
                          0.00    0.00   clock clk (rise edge)
                          0.00    0.00   clock source latency
                  0.34    0.25    0.25 ^ clk (in)
     2    0.08                           clk (net)
                  0.34    0.00    0.25 ^ clkbuf_0_clk/A (sky130_fd_sc_hd__clkbuf_16)
                  0.14    0.30    0.55 ^ clkbuf_0_clk/X (sky130_fd_sc_hd__clkbuf_16)
     4    0.12                           clknet_0_clk (net)
                  0.14    0.00    0.56 ^ clkbuf_2_0_0_clk/A (sky130_fd_sc_hd__clkbuf_8)
                  0.21    0.30    0.86 ^ clkbuf_2_0_0_clk/X (sky130_fd_sc_hd__clkbuf_8)
     8    0.12                           clknet_2_0_0_clk (net)
                  0.21    0.00    0.86 ^ clkbuf_5_7__f_clk/A (sky130_fd_sc_hd__clkbuf_16)
                  0.10    0.24    1.09 ^ clkbuf_5_7__f_clk/X (sky130_fd_sc_hd__clkbuf_16)
     6    0.08                           clknet_5_7__leaf_clk (net)
                  0.10    0.00    1.10 ^ clkbuf_leaf_236_clk/A (sky130_fd_sc_hd__clkbuf_16)
                  0.05    0.16    1.26 ^ clkbuf_leaf_236_clk/X (sky130_fd_sc_hd__clkbuf_16)
    10    0.03                           clknet_leaf_236_clk (net)
                  0.05    0.00    1.26 ^ _15803_/CLK (sky130_fd_sc_hd__dfrtp_4)
                  0.22    0.57    1.83 ^ _15803_/Q (sky130_fd_sc_hd__dfrtp_4)
     3    0.07                           net72 (net)
                  0.22    0.00    1.83 ^ _07847_/A (sky130_fd_sc_hd__buf_2)
                  0.21    0.29    2.13 ^ _07847_/X (sky130_fd_sc_hd__buf_2)
    10    0.04                           _06338_ (net)
                  0.21    0.00    2.13 ^ _11976_/A_N (sky130_fd_sc_hd__and3b_1)
                  0.06    0.24    2.37 v _11976_/X (sky130_fd_sc_hd__and3b_1)
     2    0.01                           _05150_ (net)
                  0.06    0.00    2.37 v _11978_/B (sky130_fd_sc_hd__nor3_2)
                  0.49    0.45    2.82 ^ _11978_/Y (sky130_fd_sc_hd__nor3_2)
     5    0.03                           _05152_ (net)
                  0.49    0.00    2.82 ^ max_cap120/A (sky130_fd_sc_hd__buf_2)
                  0.26    0.38    3.20 ^ max_cap120/X (sky130_fd_sc_hd__buf_2)
     6    0.05                           net120 (net)
                  0.26    0.01    3.21 ^ _11979_/A (sky130_fd_sc_hd__inv_4)
                  0.11    0.14    3.35 v _11979_/Y (sky130_fd_sc_hd__inv_4)
     4    0.05                           net39 (net)
                  0.11    0.00    3.35 v _11985_/A (sky130_fd_sc_hd__nor2_1)
                  0.26    0.27    3.62 ^ _11985_/Y (sky130_fd_sc_hd__nor2_1)
     3    0.01                           _05157_ (net)
                  0.26    0.00    3.62 ^ _12044_/A2 (sky130_fd_sc_hd__a21oi_1)
                  0.11    0.17    3.78 v _12044_/Y (sky130_fd_sc_hd__a21oi_1)
     2    0.01                           _05215_ (net)
                  0.11    0.00    3.78 v _12045_/B (sky130_fd_sc_hd__or2_1)
                  0.05    0.25    4.03 v _12045_/X (sky130_fd_sc_hd__or2_1)
     1    0.00                           _05216_ (net)
                  0.05    0.00    4.03 v _12046_/A (sky130_fd_sc_hd__clkbuf_2)
                  0.09    0.17    4.20 v _12046_/X (sky130_fd_sc_hd__clkbuf_2)
     5    0.02                           _05217_ (net)
                  0.09    0.00    4.20 v _12138_/D (sky130_fd_sc_hd__and4b_1)
                  0.11    0.30    4.50 v _12138_/X (sky130_fd_sc_hd__and4b_1)
     2    0.02                           _05309_ (net)
                  0.11    0.00    4.50 v _12141_/B (sky130_fd_sc_hd__and4_1)
                  0.06    0.24    4.73 v _12141_/X (sky130_fd_sc_hd__and4_1)
     2    0.01                           _05312_ (net)
                  0.06    0.00    4.73 v _12142_/A1 (sky130_fd_sc_hd__a21o_1)
                  0.06    0.20    4.93 v _12142_/X (sky130_fd_sc_hd__a21o_1)
     1    0.01                           _05313_ (net)
                  0.06    0.00    4.93 v _12143_/B (sky130_fd_sc_hd__xnor2_2)
                  0.23    0.22    5.15 ^ _12143_/Y (sky130_fd_sc_hd__xnor2_2)
     3    0.01                           _05314_ (net)
                  0.23    0.00    5.15 ^ _12144_/B (sky130_fd_sc_hd__xor2_2)
                  0.09    0.13    5.29 v _12144_/X (sky130_fd_sc_hd__xor2_2)
     4    0.01                           _05315_ (net)
                  0.09    0.00    5.29 v _12161_/A (sky130_fd_sc_hd__or4bb_1)
                  0.10    0.56    5.85 v _12161_/X (sky130_fd_sc_hd__or4bb_1)
     2    0.01                           _05332_ (net)
                  0.10    0.00    5.85 v _12255_/A1 (sky130_fd_sc_hd__o221a_2)
                  0.10    0.39    6.24 v _12255_/X (sky130_fd_sc_hd__o221a_2)
     5    0.03                           _05426_ (net)
                  0.10    0.00    6.24 v _12312_/A2 (sky130_fd_sc_hd__a211o_1)
                  0.13    0.41    6.65 v _12312_/X (sky130_fd_sc_hd__a211o_1)
     4    0.02                           _05483_ (net)
                  0.13    0.00    6.65 v _12351_/A1 (sky130_fd_sc_hd__a2111o_1)
                  0.12    0.48    7.13 v _12351_/X (sky130_fd_sc_hd__a2111o_1)
     2    0.02                           _05522_ (net)
                  0.12    0.00    7.13 v _12358_/A1 (sky130_fd_sc_hd__a21oi_4)
                  0.16    0.20    7.33 ^ _12358_/Y (sky130_fd_sc_hd__a21oi_4)
     5    0.02                           _05529_ (net)
                  0.16    0.00    7.33 ^ _12364_/A2 (sky130_fd_sc_hd__o211a_1)
                  0.12    0.23    7.56 ^ _12364_/X (sky130_fd_sc_hd__o211a_1)
     3    0.01                           _05535_ (net)
                  0.12    0.00    7.56 ^ _12375_/A2 (sky130_fd_sc_hd__o21ai_2)
                  0.08    0.09    7.65 v _12375_/Y (sky130_fd_sc_hd__o21ai_2)
     1    0.01                           _05545_ (net)
                  0.08    0.00    7.65 v _12390_/A1 (sky130_fd_sc_hd__a211oi_4)
                  0.44    0.45    8.10 ^ _12390_/Y (sky130_fd_sc_hd__a211oi_4)
     4    0.04                           _05560_ (net)
                  0.44    0.00    8.11 ^ _13117_/A (sky130_fd_sc_hd__buf_6)
                  0.08    0.21    8.32 ^ _13117_/X (sky130_fd_sc_hd__buf_6)
     6    0.03                           _05989_ (net)
                  0.08    0.00    8.32 ^ _13118_/A (sky130_fd_sc_hd__buf_6)
                  0.10    0.16    8.48 ^ _13118_/X (sky130_fd_sc_hd__buf_6)
    10    0.05                           _05990_ (net)
                  0.10    0.00    8.48 ^ _13119_/A (sky130_fd_sc_hd__inv_2)
                  0.07    0.09    8.57 v _13119_/Y (sky130_fd_sc_hd__inv_2)
     1    0.03                           net26 (net)
                  0.07    0.00    8.58 v output26/A (sky130_fd_sc_hd__clkbuf_4)
                  0.08    0.21    8.78 v output26/X (sky130_fd_sc_hd__clkbuf_4)
     1    0.03                           ALU_out[31] (net)
                  0.08    0.00    8.78 v ALU_out[31] (out)
                                  8.78   data arrival time

                         20.00   20.00   clock clk (rise edge)
                          0.00   20.00   clock network delay (propagated)
                         -0.25   19.75   clock uncertainty
                          0.00   19.75   clock reconvergence pessimism
                         -4.00   15.75   output external delay
                                 15.75   data required time
-----------------------------------------------------------------------------
                                 15.75   data required time
                                 -8.78   data arrival time
-----------------------------------------------------------------------------
                                  6.97   slack (MET)




===========================================================================
report_checks --slack_max -0.01
============================================================================
======================= Typical Corner ===================================

No paths found.


===========================================================================
 report_check_types -max_slew -max_cap -max_fanout -violators
============================================================================
======================= Typical Corner ===================================

max fanout

Pin                                   Limit Fanout  Slack
---------------------------------------------------------
clkbuf_leaf_19_clk/X                     10     16     -6 (VIOLATED)
clkbuf_leaf_201_clk/X                    10     16     -6 (VIOLATED)
clkbuf_leaf_177_clk/X                    10     15     -5 (VIOLATED)
clkbuf_leaf_116_clk/X                    10     14     -4 (VIOLATED)
clkbuf_leaf_129_clk/X                    10     14     -4 (VIOLATED)
clkbuf_leaf_157_clk/X                    10     14     -4 (VIOLATED)
clkbuf_leaf_15_clk/X                     10     14     -4 (VIOLATED)
clkbuf_leaf_181_clk/X                    10     14     -4 (VIOLATED)
clkbuf_leaf_109_clk/X                    10     13     -3 (VIOLATED)
clkbuf_leaf_111_clk/X                    10     13     -3 (VIOLATED)
clkbuf_leaf_12_clk/X                     10     13     -3 (VIOLATED)
clkbuf_leaf_130_clk/X                    10     13     -3 (VIOLATED)
clkbuf_leaf_139_clk/X                    10     13     -3 (VIOLATED)
clkbuf_leaf_142_clk/X                    10     13     -3 (VIOLATED)
clkbuf_leaf_145_clk/X                    10     13     -3 (VIOLATED)
clkbuf_leaf_148_clk/X                    10     13     -3 (VIOLATED)
clkbuf_leaf_150_clk/X                    10     13     -3 (VIOLATED)
clkbuf_leaf_179_clk/X                    10     13     -3 (VIOLATED)
clkbuf_leaf_17_clk/X                     10     13     -3 (VIOLATED)
clkbuf_leaf_225_clk/X                    10     13     -3 (VIOLATED)
clkbuf_leaf_269_clk/X                    10     13     -3 (VIOLATED)
clkbuf_leaf_38_clk/X                     10     13     -3 (VIOLATED)
clkbuf_leaf_77_clk/X                     10     13     -3 (VIOLATED)
clkbuf_leaf_91_clk/X                     10     13     -3 (VIOLATED)
clkbuf_leaf_93_clk/X                     10     13     -3 (VIOLATED)
clkbuf_5_21__f_clk/X                     10     12     -2 (VIOLATED)
clkbuf_leaf_103_clk/X                    10     12     -2 (VIOLATED)
clkbuf_leaf_128_clk/X                    10     12     -2 (VIOLATED)
clkbuf_leaf_135_clk/X                    10     12     -2 (VIOLATED)
clkbuf_leaf_167_clk/X                    10     12     -2 (VIOLATED)
clkbuf_leaf_185_clk/X                    10     12     -2 (VIOLATED)
clkbuf_leaf_207_clk/X                    10     12     -2 (VIOLATED)
clkbuf_leaf_213_clk/X                    10     12     -2 (VIOLATED)
clkbuf_leaf_218_clk/X                    10     12     -2 (VIOLATED)
clkbuf_leaf_219_clk/X                    10     12     -2 (VIOLATED)
clkbuf_leaf_21_clk/X                     10     12     -2 (VIOLATED)
clkbuf_leaf_253_clk/X                    10     12     -2 (VIOLATED)
clkbuf_leaf_260_clk/X                    10     12     -2 (VIOLATED)
clkbuf_leaf_2_clk/X                      10     12     -2 (VIOLATED)
clkbuf_leaf_50_clk/X                     10     12     -2 (VIOLATED)
clkbuf_leaf_54_clk/X                     10     12     -2 (VIOLATED)
clkbuf_leaf_65_clk/X                     10     12     -2 (VIOLATED)
clkbuf_leaf_86_clk/X                     10     12     -2 (VIOLATED)
_11963_/X                                10     11        (VIOLATED)
_12024_/Y                                10     11        (VIOLATED)
clkbuf_5_14__f_clk/X                     10     11        (VIOLATED)
clkbuf_5_9__f_clk/X                      10     11        (VIOLATED)
clkbuf_leaf_121_clk/X                    10     11        (VIOLATED)
clkbuf_leaf_127_clk/X                    10     11        (VIOLATED)
clkbuf_leaf_132_clk/X                    10     11        (VIOLATED)
clkbuf_leaf_134_clk/X                    10     11        (VIOLATED)
clkbuf_leaf_137_clk/X                    10     11        (VIOLATED)
clkbuf_leaf_13_clk/X                     10     11        (VIOLATED)
clkbuf_leaf_152_clk/X                    10     11        (VIOLATED)
clkbuf_leaf_156_clk/X                    10     11        (VIOLATED)
clkbuf_leaf_159_clk/X                    10     11        (VIOLATED)
clkbuf_leaf_182_clk/X                    10     11        (VIOLATED)
clkbuf_leaf_188_clk/X                    10     11        (VIOLATED)
clkbuf_leaf_190_clk/X                    10     11        (VIOLATED)
clkbuf_leaf_1_clk/X                      10     11        (VIOLATED)
clkbuf_leaf_206_clk/X                    10     11        (VIOLATED)
clkbuf_leaf_223_clk/X                    10     11        (VIOLATED)
clkbuf_leaf_238_clk/X                    10     11        (VIOLATED)
clkbuf_leaf_240_clk/X                    10     11        (VIOLATED)
clkbuf_leaf_25_clk/X                     10     11        (VIOLATED)
clkbuf_leaf_264_clk/X                    10     11        (VIOLATED)
clkbuf_leaf_31_clk/X                     10     11        (VIOLATED)
clkbuf_leaf_35_clk/X                     10     11        (VIOLATED)
clkbuf_leaf_4_clk/X                      10     11        (VIOLATED)
clkbuf_leaf_61_clk/X                     10     11        (VIOLATED)
clkbuf_leaf_63_clk/X                     10     11        (VIOLATED)
clkbuf_leaf_67_clk/X                     10     11        (VIOLATED)
clkbuf_leaf_6_clk/X                      10     11        (VIOLATED)
clkbuf_leaf_7_clk/X                      10     11        (VIOLATED)
clkbuf_leaf_89_clk/X                     10     11        (VIOLATED)
clkbuf_leaf_8_clk/X                      10     11        (VIOLATED)
clkbuf_leaf_95_clk/X                     10     11        (VIOLATED)
clkbuf_leaf_97_clk/X                     10     11        (VIOLATED)



===========================================================================
report_parasitic_annotation -report_unannotated
============================================================================
Found 16 unannotated drivers.
 top_124/HI
 top_125/HI
 top_126/HI
 top_127/HI
 top_128/HI
 top_129/HI
 top_130/HI
 top_131/HI
 top_132/HI
 top_133/HI
 top_134/HI
 top_135/HI
 top_136/HI
 top_137/HI
 top_138/LO
 top_139/LO
Found 0 partially unannotated drivers.

===========================================================================
max slew violation count 0
max fanout violation count 78
max cap violation count 0
============================================================================

===========================================================================
check_setup -verbose -unconstrained_endpoints -multiple_clock -no_clock -no_input_delay -loops -generated_clocks
===========================================================================
Warning: There are 16 unconstrained endpoints.
  Instr_out[0]
  Instr_out[10]
  Instr_out[11]
  Instr_out[17]
  Instr_out[18]
  Instr_out[19]
  Instr_out[1]
  Instr_out[24]
  Instr_out[25]
  Instr_out[26]
  Instr_out[27]
  Instr_out[28]
  Instr_out[29]
  Instr_out[2]
  Instr_out[31]
  Instr_out[3]
