Partial/Required:  4.42, Required:    400.0, Partial:  1768.11, Net: net65, Pin: _13213_/A, Layer: met1
Partial/Required:  3.29, Required:    400.0, Partial:  1315.56, Net: net82, Pin: _13017_/A1, Layer: met1
Partial/Required:  3.26, Required:    400.0, Partial:  1304.38, Net: net55, Pin: output55/A, Layer: met1
Partial/Required:  3.19, Required:    400.0, Partial:  1275.06, Net: net58, Pin: output58/A, Layer: met1
Partial/Required:  3.12, Required:    400.0, Partial:  1249.62, Net: net101, Pin: output101/A, Layer: met1
Partial/Required:  3.08, Required:    400.0, Partial:  1231.44, Net: net110, Pin: _12961_/A1, Layer: met1
Partial/Required:  3.00, Required:    400.0, Partial:   1200.3, Net: net28, Pin: output28/A, Layer: met1
Partial/Required:  2.94, Required:    400.0, Partial:  1177.67, Net: net93, Pin: _12971_/A1, Layer: met1
Partial/Required:  2.87, Required:    400.0, Partial:  1149.78, Net: net109, Pin: _12963_/A1, Layer: met1
Partial/Required:  2.45, Required:    400.0, Partial:   980.88, Net: net61, Pin: output61/A, Layer: met1
Partial/Required:  2.13, Required:    400.0, Partial:   850.91, Net: net60, Pin: output60/A, Layer: met1
Partial/Required:  2.11, Required:    400.0, Partial:   844.27, Net: net35, Pin: output35/A, Layer: met1
Partial/Required:  2.07, Required:    400.0, Partial:   826.33, Net: net64, Pin: output64/A, Layer: met1
Partial/Required:  2.05, Required:    400.0, Partial:   818.84, Net: net68, Pin: output68/A, Layer: met1
Partial/Required:  2.02, Required:    400.0, Partial:   808.78, Net: net80, Pin: output80/A, Layer: met1
Partial/Required:  2.01, Required:    400.0, Partial:   803.52, Net: net157, Pin: output42/A, Layer: met1
Partial/Required:  1.89, Required:    400.0, Partial:    757.5, Net: net19, Pin: output19/A, Layer: met1
Partial/Required:  1.87, Required:    400.0, Partial:   747.68, Net: net6, Pin: output6/A, Layer: met2
Partial/Required:  1.87, Required:    400.0, Partial:   747.68, Net: net6, Pin: _12659_/A, Layer: met2
Partial/Required:  1.85, Required:    400.0, Partial:   741.24, Net: net53, Pin: _13175_/A, Layer: met1
Partial/Required:  1.84, Required:    400.0, Partial:   735.11, Net: net99, Pin: _12921_/A1, Layer: met1
Partial/Required:  1.84, Required:    400.0, Partial:   734.47, Net: net18, Pin: output18/A, Layer: met2
Partial/Required:  1.72, Required:    400.0, Partial:    688.5, Net: net31, Pin: output31/A, Layer: met1
Partial/Required:  1.68, Required:    400.0, Partial:   673.78, Net: net91, Pin: _12936_/A1, Layer: met1
Partial/Required:  1.67, Required:    400.0, Partial:   667.27, Net: net113, Pin: output113/A, Layer: met1
Partial/Required:  1.67, Required:    400.0, Partial:   667.25, Net: net36, Pin: fanout119/A, Layer: met1
Partial/Required:  1.65, Required:    400.0, Partial:   661.55, Net: net22, Pin: output22/A, Layer: met1
Partial/Required:  1.61, Required:    400.0, Partial:   643.87, Net: net72, Pin: output72/A, Layer: met1
Partial/Required:  1.59, Required:    400.0, Partial:   635.72, Net: net34, Pin: _13001_/S, Layer: met1
Partial/Required:  1.52, Required:    400.0, Partial:   608.38, Net: net88, Pin: output88/A, Layer: met1
Partial/Required:  1.43, Required:    400.0, Partial:   571.78, Net: net106, Pin: _12909_/A1, Layer: met1
Partial/Required:  1.38, Required:    400.0, Partial:   551.22, Net: net111, Pin: _12959_/A1, Layer: met1
Partial/Required:  1.23, Required:    400.0, Partial:   491.56, Net: _06146_, Pin: _14421_/A, Layer: met1
Partial/Required:  1.22, Required:    400.0, Partial:   486.06, Net: net85, Pin: _12949_/A1, Layer: met1
Partial/Required:  1.22, Required:    400.0, Partial:   486.06, Net: net85, Pin: _13044_/A1, Layer: met1
Partial/Required:  1.15, Required:    400.0, Partial:   458.83, Net: net17, Pin: output17/A, Layer: met1
