Mon Oct 05 13:20:57 UTC 2026 - Executing "openroad -exit -no_init -python /openlane/scripts/odbpy/lefutil.py get_metal_layers -o /openlane/designs/Singgle_cycle/runs/RUN_2026.10.05_13.20.55/tmp/layers.list /home/thiennb/.ciel/sky130A/libs.ref/sky130_fd_sc_hd/techlef/sky130_fd_sc_hd__nom.tlef"

Mon Oct 05 13:20:58 UTC 2026 - Executing "/openlane/scripts/mergeLef.py -o /openlane/designs/Singgle_cycle/runs/RUN_2026.10.05_13.20.55/tmp/merged.nom.lef -i /home/thiennb/.ciel/sky130A/libs.ref/sky130_fd_sc_hd/techlef/sky130_fd_sc_hd__nom.tlef {/home/thiennb/.ciel/sky130A/libs.ref/sky130_fd_sc_hd/lef/sky130_fd_sc_hd.lef /home/thiennb/.ciel/sky130A/libs.ref/sky130_fd_sc_hd/lef/sky130_ef_sc_hd.lef} |& tee /dev/null"

Mon Oct 05 13:20:58 UTC 2026 - Executing "/openlane/scripts/mergeLef.py -o /openlane/designs/Singgle_cycle/runs/RUN_2026.10.05_13.20.55/tmp/merged.min.lef -i /home/thiennb/.ciel/sky130A/libs.ref/sky130_fd_sc_hd/techlef/sky130_fd_sc_hd__min.tlef {/home/thiennb/.ciel/sky130A/libs.ref/sky130_fd_sc_hd/lef/sky130_fd_sc_hd.lef /home/thiennb/.ciel/sky130A/libs.ref/sky130_fd_sc_hd/lef/sky130_ef_sc_hd.lef} |& tee /dev/null"

Mon Oct 05 13:20:58 UTC 2026 - Executing "/openlane/scripts/mergeLef.py -o /openlane/designs/Singgle_cycle/runs/RUN_2026.10.05_13.20.55/tmp/merged.max.lef -i /home/thiennb/.ciel/sky130A/libs.ref/sky130_fd_sc_hd/techlef/sky130_fd_sc_hd__max.tlef {/home/thiennb/.ciel/sky130A/libs.ref/sky130_fd_sc_hd/lef/sky130_fd_sc_hd.lef /home/thiennb/.ciel/sky130A/libs.ref/sky130_fd_sc_hd/lef/sky130_ef_sc_hd.lef} |& tee /dev/null"

Mon Oct 05 13:20:59 UTC 2026 - Executing "python3 /openlane/scripts/mergeLib.py --output /openlane/designs/Singgle_cycle/runs/RUN_2026.10.05_13.20.55/tmp/synthesis/merged.lib --name sky130A_merged /home/thiennb/.ciel/sky130A/libs.ref/sky130_fd_sc_hd/lib/sky130_fd_sc_hd__tt_025C_1v80.lib"

Mon Oct 05 13:20:59 UTC 2026 - Executing "python3 /openlane/scripts/libtrim.py --cell-file /openlane/designs/Singgle_cycle/runs/RUN_2026.10.05_13.20.55/tmp/synthesis/trimmed.lib.exclude.list --output /openlane/designs/Singgle_cycle/runs/RUN_2026.10.05_13.20.55/tmp/synthesis/trimmed.lib /openlane/designs/Singgle_cycle/runs/RUN_2026.10.05_13.20.55/tmp/synthesis/merged.lib"

Mon Oct 05 13:21:00 UTC 2026 - Executing "python3 /openlane/scripts/libtrim.py --cell-file /openlane/designs/Singgle_cycle/runs/RUN_2026.10.05_13.20.55/tmp/cts/cts.lib.exclude.list --output /openlane/designs/Singgle_cycle/runs/RUN_2026.10.05_13.20.55/tmp/cts/cts.lib /home/thiennb/.ciel/sky130A/libs.ref/sky130_fd_sc_hd/lib/sky130_fd_sc_hd__tt_025C_1v80.lib"

Mon Oct 05 13:21:01 UTC 2026 - Executing "python3 /openlane/scripts/libtrim.py --cell-file /openlane/designs/Singgle_cycle/runs/RUN_2026.10.05_13.20.55/tmp/cts/cts-fastest.lib.exclude.list --output /openlane/designs/Singgle_cycle/runs/RUN_2026.10.05_13.20.55/tmp/cts/cts-fastest.lib /home/thiennb/.ciel/sky130A/libs.ref/sky130_fd_sc_hd/lib/sky130_fd_sc_hd__ff_n40C_1v95.lib"

Mon Oct 05 13:21:01 UTC 2026 - Executing "python3 /openlane/scripts/libtrim.py --cell-file /openlane/designs/Singgle_cycle/runs/RUN_2026.10.05_13.20.55/tmp/cts/cts-slowest.lib.exclude.list --output /openlane/designs/Singgle_cycle/runs/RUN_2026.10.05_13.20.55/tmp/cts/cts-slowest.lib /home/thiennb/.ciel/sky130A/libs.ref/sky130_fd_sc_hd/lib/sky130_fd_sc_hd__ss_100C_1v60.lib"

Mon Oct 05 13:21:02 UTC 2026 - Executing "python3 /openlane/scripts/new_tracks.py -i /home/thiennb/.ciel/sky130A/libs.tech/openlane/sky130_fd_sc_hd/tracks.info -o /openlane/designs/Singgle_cycle/runs/RUN_2026.10.05_13.20.55/tmp/routing/config.tracks"

Mon Oct 05 13:21:02 UTC 2026 - Executing "echo {OpenLane ff5509f65b17bfa4068d5336495ab1718987ff69} > /openlane/designs/Singgle_cycle/runs/RUN_2026.10.05_13.20.55/OPENLANE_COMMIT"

Mon Oct 05 13:21:03 UTC 2026 - Executing "bash -c {verilator  --lint-only  -Wall  --Wno-DECLFILENAME  --top-module top  /openlane/designs/Singgle_cycle/src/Adder.sv /openlane/designs/Singgle_cycle/src/ALU_Control.sv /openlane/designs/Singgle_cycle/src/ALU_unit.sv /openlane/designs/Singgle_cycle/src/Control_Unit.sv /openlane/designs/Singgle_cycle/src/Data_Memory.sv /openlane/designs/Singgle_cycle/src/ImmGen.sv /openlane/designs/Singgle_cycle/src/Instruction_Mem.sv /openlane/designs/Singgle_cycle/src/Mux2to1.sv /openlane/designs/Singgle_cycle/src/PCplus4.sv /openlane/designs/Singgle_cycle/src/Program_Counter.sv /openlane/designs/Singgle_cycle/src/Reg_file.sv /openlane/designs/Singgle_cycle/src/top.sv -Wno-fatal --relative-includes |& tee /openlane/designs/Singgle_cycle/runs/RUN_2026.10.05_13.20.55/logs/synthesis/linter.log /dev/null}"

Mon Oct 05 13:21:03 UTC 2026 - Executing "sed -E {s/^([[:space:]]+)pg_pin(.*)/\1pin\2\n\1    direction : "inout";/g} /home/thiennb/.ciel/sky130A/libs.ref/sky130_fd_sc_hd/lib/sky130_fd_sc_hd__tt_025C_1v80.lib > /openlane/designs/Singgle_cycle/runs/RUN_2026.10.05_13.20.55/tmp/synthesis/1-sky130_fd_sc_hd__tt_025C_1v80.no_pg.lib"

Mon Oct 05 13:21:05 UTC 2026 - Executing "sed -E {s/^([[:space:]]+)pg_pin(.*)/\1pin\2\n\1    direction : "inout";/g} /openlane/designs/Singgle_cycle/runs/RUN_2026.10.05_13.20.55/tmp/synthesis/trimmed.lib > /openlane/designs/Singgle_cycle/runs/RUN_2026.10.05_13.20.55/tmp/synthesis/1-trimmed.no_pg.lib"

Mon Oct 05 13:21:05 UTC 2026 - Executing "yosys -c /openlane/scripts/yosys/synth.tcl |& tee /dev/null /openlane/designs/Singgle_cycle/runs/RUN_2026.10.05_13.20.55/logs/synthesis/1-synthesis.log"

Mon Oct 05 13:21:06 UTC 2026 - Executing "sed -i.bak -e {s/\(set ::env(CURRENT_NETLIST)\).*/\1 \/openlane\/designs\/Singgle_cycle\/runs\/RUN_2026.10.05_13.20.55\/results\/synthesis\/top.v/} /openlane/designs/Singgle_cycle/runs/RUN_2026.10.05_13.20.55/config.tcl"

Mon Oct 05 13:21:07 UTC 2026 - Executing "sed -i.bak /defparam/d /openlane/designs/Singgle_cycle/runs/RUN_2026.10.05_13.20.55/results/synthesis/top.v"

Mon Oct 05 13:21:07 UTC 2026 - Executing "sta -exit -no_init /openlane/scripts/openroad/sta/multi_corner.tcl |& tee /dev/null /openlane/designs/Singgle_cycle/runs/RUN_2026.10.05_13.20.55/logs/synthesis/2-sta.log"

Mon Oct 05 13:21:08 UTC 2026 - Executing "openroad -exit /openlane/scripts/openroad/floorplan.tcl |& tee /dev/null /openlane/designs/Singgle_cycle/runs/RUN_2026.10.05_13.20.55/logs/floorplan/3-initial_fp.log"

Mon Oct 05 13:21:10 UTC 2026 - Executing "openroad -exit -no_init -python /openlane/scripts/odbpy/defutil.py extract_core_dims --output-data /openlane/designs/Singgle_cycle/runs/RUN_2026.10.05_13.20.55/tmp/dimensions.txt --input-lef /openlane/designs/Singgle_cycle/runs/RUN_2026.10.05_13.20.55/tmp/merged.nom.lef /openlane/designs/Singgle_cycle/runs/RUN_2026.10.05_13.20.55/tmp/floorplan/3-initial_fp.def"

Mon Oct 05 13:21:11 UTC 2026 - Executing "openroad -exit /openlane/scripts/openroad/ioplacer.tcl |& tee /dev/null /openlane/designs/Singgle_cycle/runs/RUN_2026.10.05_13.20.55/logs/floorplan/4-io.log"

Mon Oct 05 13:21:12 UTC 2026 - Executing "openroad -exit /openlane/scripts/openroad/tapcell.tcl |& tee /dev/null /openlane/designs/Singgle_cycle/runs/RUN_2026.10.05_13.20.55/logs/floorplan/5-tap.log"

Mon Oct 05 13:21:14 UTC 2026 - Executing "openroad -exit /openlane/scripts/openroad/pdn.tcl |& tee /dev/null /openlane/designs/Singgle_cycle/runs/RUN_2026.10.05_13.20.55/logs/floorplan/6-pdn.log"

Mon Oct 05 13:21:19 UTC 2026 - Executing "openroad -exit /openlane/scripts/openroad/gpl.tcl |& tee /dev/null /openlane/designs/Singgle_cycle/runs/RUN_2026.10.05_13.20.55/logs/placement/7-global.log"

Mon Oct 05 13:21:20 UTC 2026 - Executing "sed -i.bak -e {s/\(set ::env(CURRENT_NETLIST)\).*/\1 \/openlane\/designs\/Singgle_cycle\/runs\/RUN_2026.10.05_13.20.55\/tmp\/placement\/7-global.nl.v/} /openlane/designs/Singgle_cycle/runs/RUN_2026.10.05_13.20.55/config.tcl"

Mon Oct 05 13:21:21 UTC 2026 - Executing "openroad -exit /openlane/scripts/openroad/sta/multi_corner.tcl |& tee /dev/null /openlane/designs/Singgle_cycle/runs/RUN_2026.10.05_13.20.55/logs/placement/8-gpl_sta.log"

Mon Oct 05 13:21:23 UTC 2026 - Executing "openroad -exit /openlane/scripts/openroad/resizer.tcl |& tee /dev/null /openlane/designs/Singgle_cycle/runs/RUN_2026.10.05_13.20.55/logs/placement/9-resizer.log"

Mon Oct 05 13:21:26 UTC 2026 - Executing "sed -i.bak -e {s/\(set ::env(CURRENT_NETLIST)\).*/\1 \/openlane\/designs\/Singgle_cycle\/runs\/RUN_2026.10.05_13.20.55\/tmp\/placement\/9-resizer.nl.v/} /openlane/designs/Singgle_cycle/runs/RUN_2026.10.05_13.20.55/config.tcl"

Mon Oct 05 13:21:27 UTC 2026 - Executing "openroad -exit /openlane/scripts/openroad/dpl.tcl |& tee /dev/null /openlane/designs/Singgle_cycle/runs/RUN_2026.10.05_13.20.55/logs/placement/10-detailed.log"

Mon Oct 05 13:21:29 UTC 2026 - Executing "sed -i.bak -e {s/\(set ::env(CURRENT_NETLIST)\).*/\1 \/openlane\/designs\/Singgle_cycle\/runs\/RUN_2026.10.05_13.20.55\/results\/placement\/top.nl.v/} /openlane/designs/Singgle_cycle/runs/RUN_2026.10.05_13.20.55/config.tcl"

Mon Oct 05 13:21:29 UTC 2026 - Executing "openroad -exit /openlane/scripts/openroad/sta/multi_corner.tcl |& tee /dev/null /openlane/designs/Singgle_cycle/runs/RUN_2026.10.05_13.20.55/logs/placement/11-dpl_sta.log"

Mon Oct 05 13:21:30 UTC 2026 - Executing "openroad -exit /openlane/scripts/openroad/cts.tcl |& tee /dev/null /openlane/designs/Singgle_cycle/runs/RUN_2026.10.05_13.20.55/logs/cts/12-cts.log"

Mon Oct 05 13:22:11 UTC 2026 - Executing "openroad -exit /openlane/scripts/openroad/sta/multi_corner.tcl |& tee /dev/null /openlane/designs/Singgle_cycle/runs/RUN_2026.10.05_13.20.55/logs/cts/13-cts_sta.log"

Mon Oct 05 13:22:13 UTC 2026 - Executing "openroad -exit /openlane/scripts/openroad/resizer_timing.tcl |& tee /dev/null /openlane/designs/Singgle_cycle/runs/RUN_2026.10.05_13.20.55/logs/cts/14-resizer.log"

Mon Oct 05 13:22:16 UTC 2026 - Executing "sed -i.bak -e {s/\(set ::env(CURRENT_NETLIST)\).*/\1 \/openlane\/designs\/Singgle_cycle\/runs\/RUN_2026.10.05_13.20.55\/tmp\/cts\/14-top.resized.nl.v/} /openlane/designs/Singgle_cycle/runs/RUN_2026.10.05_13.20.55/config.tcl"

Mon Oct 05 13:22:17 UTC 2026 - Executing "openroad -exit /openlane/scripts/openroad/resizer_routing_design.tcl |& tee /dev/null /openlane/designs/Singgle_cycle/runs/RUN_2026.10.05_13.20.55/logs/routing/15-resizer_design.log"

