Mon Oct 05 13:27:25 UTC 2026 - Executing "openroad -exit -no_init -python /openlane/scripts/odbpy/lefutil.py get_metal_layers -o /openlane/designs/Singgle_cycle/runs/RUN_2026.10.05_13.27.22/tmp/layers.list /home/thiennb/.ciel/sky130A/libs.ref/sky130_fd_sc_hd/techlef/sky130_fd_sc_hd__nom.tlef"

Mon Oct 05 13:27:26 UTC 2026 - Executing "/openlane/scripts/mergeLef.py -o /openlane/designs/Singgle_cycle/runs/RUN_2026.10.05_13.27.22/tmp/merged.nom.lef -i /home/thiennb/.ciel/sky130A/libs.ref/sky130_fd_sc_hd/techlef/sky130_fd_sc_hd__nom.tlef {/home/thiennb/.ciel/sky130A/libs.ref/sky130_fd_sc_hd/lef/sky130_fd_sc_hd.lef /home/thiennb/.ciel/sky130A/libs.ref/sky130_fd_sc_hd/lef/sky130_ef_sc_hd.lef} |& tee /dev/null"

Mon Oct 05 13:27:26 UTC 2026 - Executing "/openlane/scripts/mergeLef.py -o /openlane/designs/Singgle_cycle/runs/RUN_2026.10.05_13.27.22/tmp/merged.min.lef -i /home/thiennb/.ciel/sky130A/libs.ref/sky130_fd_sc_hd/techlef/sky130_fd_sc_hd__min.tlef {/home/thiennb/.ciel/sky130A/libs.ref/sky130_fd_sc_hd/lef/sky130_fd_sc_hd.lef /home/thiennb/.ciel/sky130A/libs.ref/sky130_fd_sc_hd/lef/sky130_ef_sc_hd.lef} |& tee /dev/null"

Mon Oct 05 13:27:26 UTC 2026 - Executing "/openlane/scripts/mergeLef.py -o /openlane/designs/Singgle_cycle/runs/RUN_2026.10.05_13.27.22/tmp/merged.max.lef -i /home/thiennb/.ciel/sky130A/libs.ref/sky130_fd_sc_hd/techlef/sky130_fd_sc_hd__max.tlef {/home/thiennb/.ciel/sky130A/libs.ref/sky130_fd_sc_hd/lef/sky130_fd_sc_hd.lef /home/thiennb/.ciel/sky130A/libs.ref/sky130_fd_sc_hd/lef/sky130_ef_sc_hd.lef} |& tee /dev/null"

Mon Oct 05 13:27:26 UTC 2026 - Executing "python3 /openlane/scripts/mergeLib.py --output /openlane/designs/Singgle_cycle/runs/RUN_2026.10.05_13.27.22/tmp/synthesis/merged.lib --name sky130A_merged /home/thiennb/.ciel/sky130A/libs.ref/sky130_fd_sc_hd/lib/sky130_fd_sc_hd__tt_025C_1v80.lib"

Mon Oct 05 13:27:27 UTC 2026 - Executing "python3 /openlane/scripts/libtrim.py --cell-file /openlane/designs/Singgle_cycle/runs/RUN_2026.10.05_13.27.22/tmp/synthesis/trimmed.lib.exclude.list --output /openlane/designs/Singgle_cycle/runs/RUN_2026.10.05_13.27.22/tmp/synthesis/trimmed.lib /openlane/designs/Singgle_cycle/runs/RUN_2026.10.05_13.27.22/tmp/synthesis/merged.lib"

Mon Oct 05 13:27:27 UTC 2026 - Executing "python3 /openlane/scripts/libtrim.py --cell-file /openlane/designs/Singgle_cycle/runs/RUN_2026.10.05_13.27.22/tmp/cts/cts.lib.exclude.list --output /openlane/designs/Singgle_cycle/runs/RUN_2026.10.05_13.27.22/tmp/cts/cts.lib /home/thiennb/.ciel/sky130A/libs.ref/sky130_fd_sc_hd/lib/sky130_fd_sc_hd__tt_025C_1v80.lib"

Mon Oct 05 13:27:28 UTC 2026 - Executing "python3 /openlane/scripts/libtrim.py --cell-file /openlane/designs/Singgle_cycle/runs/RUN_2026.10.05_13.27.22/tmp/cts/cts-fastest.lib.exclude.list --output /openlane/designs/Singgle_cycle/runs/RUN_2026.10.05_13.27.22/tmp/cts/cts-fastest.lib /home/thiennb/.ciel/sky130A/libs.ref/sky130_fd_sc_hd/lib/sky130_fd_sc_hd__ff_n40C_1v95.lib"

Mon Oct 05 13:27:29 UTC 2026 - Executing "python3 /openlane/scripts/libtrim.py --cell-file /openlane/designs/Singgle_cycle/runs/RUN_2026.10.05_13.27.22/tmp/cts/cts-slowest.lib.exclude.list --output /openlane/designs/Singgle_cycle/runs/RUN_2026.10.05_13.27.22/tmp/cts/cts-slowest.lib /home/thiennb/.ciel/sky130A/libs.ref/sky130_fd_sc_hd/lib/sky130_fd_sc_hd__ss_100C_1v60.lib"

Mon Oct 05 13:27:30 UTC 2026 - Executing "python3 /openlane/scripts/new_tracks.py -i /home/thiennb/.ciel/sky130A/libs.tech/openlane/sky130_fd_sc_hd/tracks.info -o /openlane/designs/Singgle_cycle/runs/RUN_2026.10.05_13.27.22/tmp/routing/config.tracks"

Mon Oct 05 13:27:30 UTC 2026 - Executing "echo {OpenLane ff5509f65b17bfa4068d5336495ab1718987ff69} > /openlane/designs/Singgle_cycle/runs/RUN_2026.10.05_13.27.22/OPENLANE_COMMIT"

Mon Oct 05 13:27:30 UTC 2026 - Executing "bash -c {verilator  --lint-only  -Wall  --Wno-DECLFILENAME  --top-module top  /openlane/designs/Singgle_cycle/src/Adder.sv /openlane/designs/Singgle_cycle/src/ALU_Control.sv /openlane/designs/Singgle_cycle/src/ALU_unit.sv /openlane/designs/Singgle_cycle/src/Control_Unit.sv /openlane/designs/Singgle_cycle/src/Data_Memory.sv /openlane/designs/Singgle_cycle/src/ImmGen.sv /openlane/designs/Singgle_cycle/src/Instruction_Mem.sv /openlane/designs/Singgle_cycle/src/Mux2to1.sv /openlane/designs/Singgle_cycle/src/PCplus4.sv /openlane/designs/Singgle_cycle/src/Program_Counter.sv /openlane/designs/Singgle_cycle/src/Reg_file.sv /openlane/designs/Singgle_cycle/src/top.sv -Wno-fatal --relative-includes |& tee /openlane/designs/Singgle_cycle/runs/RUN_2026.10.05_13.27.22/logs/synthesis/linter.log /dev/null}"

Mon Oct 05 13:27:30 UTC 2026 - Executing "sed -E {s/^([[:space:]]+)pg_pin(.*)/\1pin\2\n\1    direction : "inout";/g} /home/thiennb/.ciel/sky130A/libs.ref/sky130_fd_sc_hd/lib/sky130_fd_sc_hd__tt_025C_1v80.lib > /openlane/designs/Singgle_cycle/runs/RUN_2026.10.05_13.27.22/tmp/synthesis/1-sky130_fd_sc_hd__tt_025C_1v80.no_pg.lib"

Mon Oct 05 13:27:32 UTC 2026 - Executing "sed -E {s/^([[:space:]]+)pg_pin(.*)/\1pin\2\n\1    direction : "inout";/g} /openlane/designs/Singgle_cycle/runs/RUN_2026.10.05_13.27.22/tmp/synthesis/trimmed.lib > /openlane/designs/Singgle_cycle/runs/RUN_2026.10.05_13.27.22/tmp/synthesis/1-trimmed.no_pg.lib"

Mon Oct 05 13:27:33 UTC 2026 - Executing "yosys -c /openlane/scripts/yosys/synth.tcl |& tee /dev/null /openlane/designs/Singgle_cycle/runs/RUN_2026.10.05_13.27.22/logs/synthesis/1-synthesis.log"

Mon Oct 05 13:27:45 UTC 2026 - Executing "sed -i.bak -e {s/\(set ::env(CURRENT_NETLIST)\).*/\1 \/openlane\/designs\/Singgle_cycle\/runs\/RUN_2026.10.05_13.27.22\/results\/synthesis\/top.v/} /openlane/designs/Singgle_cycle/runs/RUN_2026.10.05_13.27.22/config.tcl"

Mon Oct 05 13:27:45 UTC 2026 - Executing "sed -i.bak /defparam/d /openlane/designs/Singgle_cycle/runs/RUN_2026.10.05_13.27.22/results/synthesis/top.v"

Mon Oct 05 13:28:05 UTC 2026 - Executing "sta -exit -no_init /openlane/scripts/openroad/sta/multi_corner.tcl |& tee /dev/null /openlane/designs/Singgle_cycle/runs/RUN_2026.10.05_13.27.22/logs/synthesis/2-sta.log"

Mon Oct 05 13:28:08 UTC 2026 - Executing "openroad -exit /openlane/scripts/openroad/floorplan.tcl |& tee /dev/null /openlane/designs/Singgle_cycle/runs/RUN_2026.10.05_13.27.22/logs/floorplan/3-initial_fp.log"

Mon Oct 05 13:28:10 UTC 2026 - Executing "openroad -exit -no_init -python /openlane/scripts/odbpy/defutil.py extract_core_dims --output-data /openlane/designs/Singgle_cycle/runs/RUN_2026.10.05_13.27.22/tmp/dimensions.txt --input-lef /openlane/designs/Singgle_cycle/runs/RUN_2026.10.05_13.27.22/tmp/merged.nom.lef /openlane/designs/Singgle_cycle/runs/RUN_2026.10.05_13.27.22/tmp/floorplan/3-initial_fp.def"

Mon Oct 05 13:28:11 UTC 2026 - Executing "openroad -exit /openlane/scripts/openroad/ioplacer.tcl |& tee /dev/null /openlane/designs/Singgle_cycle/runs/RUN_2026.10.05_13.27.22/logs/floorplan/4-io.log"

Mon Oct 05 13:28:13 UTC 2026 - Executing "openroad -exit /openlane/scripts/openroad/tapcell.tcl |& tee /dev/null /openlane/designs/Singgle_cycle/runs/RUN_2026.10.05_13.27.22/logs/floorplan/5-tap.log"

Mon Oct 05 13:28:15 UTC 2026 - Executing "openroad -exit /openlane/scripts/openroad/pdn.tcl |& tee /dev/null /openlane/designs/Singgle_cycle/runs/RUN_2026.10.05_13.27.22/logs/floorplan/6-pdn.log"

Mon Oct 05 13:28:18 UTC 2026 - Executing "openroad -exit /openlane/scripts/openroad/gpl.tcl |& tee /dev/null /openlane/designs/Singgle_cycle/runs/RUN_2026.10.05_13.27.22/logs/placement/7-global.log"

Mon Oct 05 13:28:39 UTC 2026 - Executing "sed -i.bak -e {s/\(set ::env(CURRENT_NETLIST)\).*/\1 \/openlane\/designs\/Singgle_cycle\/runs\/RUN_2026.10.05_13.27.22\/tmp\/placement\/7-global.nl.v/} /openlane/designs/Singgle_cycle/runs/RUN_2026.10.05_13.27.22/config.tcl"

Mon Oct 05 13:28:39 UTC 2026 - Executing "openroad -exit /openlane/scripts/openroad/sta/multi_corner.tcl |& tee /dev/null /openlane/designs/Singgle_cycle/runs/RUN_2026.10.05_13.27.22/logs/placement/8-gpl_sta.log"

Mon Oct 05 13:28:43 UTC 2026 - Executing "openroad -exit /openlane/scripts/openroad/resizer.tcl |& tee /dev/null /openlane/designs/Singgle_cycle/runs/RUN_2026.10.05_13.27.22/logs/placement/9-resizer.log"

Mon Oct 05 13:28:49 UTC 2026 - Executing "sed -i.bak -e {s/\(set ::env(CURRENT_NETLIST)\).*/\1 \/openlane\/designs\/Singgle_cycle\/runs\/RUN_2026.10.05_13.27.22\/tmp\/placement\/9-resizer.nl.v/} /openlane/designs/Singgle_cycle/runs/RUN_2026.10.05_13.27.22/config.tcl"

Mon Oct 05 13:28:50 UTC 2026 - Executing "openroad -exit /openlane/scripts/openroad/dpl.tcl |& tee /dev/null /openlane/designs/Singgle_cycle/runs/RUN_2026.10.05_13.27.22/logs/placement/10-detailed.log"

Mon Oct 05 13:28:52 UTC 2026 - Executing "sed -i.bak -e {s/\(set ::env(CURRENT_NETLIST)\).*/\1 \/openlane\/designs\/Singgle_cycle\/runs\/RUN_2026.10.05_13.27.22\/results\/placement\/top.nl.v/} /openlane/designs/Singgle_cycle/runs/RUN_2026.10.05_13.27.22/config.tcl"

Mon Oct 05 13:28:53 UTC 2026 - Executing "openroad -exit /openlane/scripts/openroad/sta/multi_corner.tcl |& tee /dev/null /openlane/designs/Singgle_cycle/runs/RUN_2026.10.05_13.27.22/logs/placement/11-dpl_sta.log"

Mon Oct 05 13:28:56 UTC 2026 - Executing "openroad -exit /openlane/scripts/openroad/cts.tcl |& tee /dev/null /openlane/designs/Singgle_cycle/runs/RUN_2026.10.05_13.27.22/logs/cts/12-cts.log"

Mon Oct 05 13:29:37 UTC 2026 - Executing "openroad -exit /openlane/scripts/openroad/sta/multi_corner.tcl |& tee /dev/null /openlane/designs/Singgle_cycle/runs/RUN_2026.10.05_13.27.22/logs/cts/13-cts_sta.log"

Mon Oct 05 13:29:41 UTC 2026 - Executing "openroad -exit /openlane/scripts/openroad/resizer_timing.tcl |& tee /dev/null /openlane/designs/Singgle_cycle/runs/RUN_2026.10.05_13.27.22/logs/cts/14-resizer.log"

Mon Oct 05 13:29:52 UTC 2026 - Executing "sed -i.bak -e {s/\(set ::env(CURRENT_NETLIST)\).*/\1 \/openlane\/designs\/Singgle_cycle\/runs\/RUN_2026.10.05_13.27.22\/tmp\/cts\/14-top.resized.nl.v/} /openlane/designs/Singgle_cycle/runs/RUN_2026.10.05_13.27.22/config.tcl"

Mon Oct 05 13:29:53 UTC 2026 - Executing "openroad -exit /openlane/scripts/openroad/resizer_routing_design.tcl |& tee /dev/null /openlane/designs/Singgle_cycle/runs/RUN_2026.10.05_13.27.22/logs/routing/15-resizer_design.log"

Mon Oct 05 13:30:01 UTC 2026 - Executing "sed -i.bak -e {s/\(set ::env(CURRENT_NETLIST)\).*/\1 \/openlane\/designs\/Singgle_cycle\/runs\/RUN_2026.10.05_13.27.22\/tmp\/15-top.nl.v/} /openlane/designs/Singgle_cycle/runs/RUN_2026.10.05_13.27.22/config.tcl"

Mon Oct 05 13:30:01 UTC 2026 - Executing "openroad -exit /openlane/scripts/openroad/sta/multi_corner.tcl |& tee /dev/null /openlane/designs/Singgle_cycle/runs/RUN_2026.10.05_13.27.22/logs/routing/16-rsz_design_sta.log"

Mon Oct 05 13:30:06 UTC 2026 - Executing "openroad -exit /openlane/scripts/openroad/resizer_routing_timing.tcl |& tee /dev/null /openlane/designs/Singgle_cycle/runs/RUN_2026.10.05_13.27.22/logs/routing/17-resizer_timing.log"

Mon Oct 05 13:30:14 UTC 2026 - Executing "sed -i.bak -e {s/\(set ::env(CURRENT_NETLIST)\).*/\1 \/openlane\/designs\/Singgle_cycle\/runs\/RUN_2026.10.05_13.27.22\/tmp\/17-top.nl.v/} /openlane/designs/Singgle_cycle/runs/RUN_2026.10.05_13.27.22/config.tcl"

Mon Oct 05 13:30:14 UTC 2026 - Executing "openroad -exit /openlane/scripts/openroad/sta/multi_corner.tcl |& tee /dev/null /openlane/designs/Singgle_cycle/runs/RUN_2026.10.05_13.27.22/logs/routing/18-rsz_timing_sta.log"

Mon Oct 05 13:30:18 UTC 2026 - Executing "openroad -exit /openlane/scripts/openroad/groute.tcl |& tee /dev/null /openlane/designs/Singgle_cycle/runs/RUN_2026.10.05_13.27.22/logs/routing/19-global.log"

Mon Oct 05 13:30:24 UTC 2026 - Executing "openroad -exit /openlane/scripts/openroad/write_views.tcl |& tee /dev/null /openlane/designs/Singgle_cycle/runs/RUN_2026.10.05_13.27.22/logs/routing/19-global_write_netlist.log"

Mon Oct 05 13:30:25 UTC 2026 - Executing "sed -i.bak -e {s/\(set ::env(CURRENT_NETLIST)\).*/\1 \/openlane\/designs\/Singgle_cycle\/runs\/RUN_2026.10.05_13.27.22\/tmp\/routing\/global.nl.v/} /openlane/designs/Singgle_cycle/runs/RUN_2026.10.05_13.27.22/config.tcl"

Mon Oct 05 13:30:25 UTC 2026 - Executing "openroad -exit /openlane/scripts/openroad/sta/multi_corner.tcl |& tee /dev/null /openlane/designs/Singgle_cycle/runs/RUN_2026.10.05_13.27.22/logs/routing/21-grt_sta.log"

Mon Oct 05 13:30:29 UTC 2026 - Executing "openroad -exit /openlane/scripts/openroad/fill.tcl |& tee /dev/null /openlane/designs/Singgle_cycle/runs/RUN_2026.10.05_13.27.22/logs/routing/22-fill.log"

Mon Oct 05 13:30:32 UTC 2026 - Executing "sed -i.bak -e {s/\(set ::env(CURRENT_NETLIST)\).*/\1 \/openlane\/designs\/Singgle_cycle\/runs\/RUN_2026.10.05_13.27.22\/tmp\/routing\/22-fill.nl.v/} /openlane/designs/Singgle_cycle/runs/RUN_2026.10.05_13.27.22/config.tcl"

Mon Oct 05 13:30:33 UTC 2026 - Executing "openroad -exit /openlane/scripts/openroad/droute.tcl |& tee /dev/null /openlane/designs/Singgle_cycle/runs/RUN_2026.10.05_13.27.22/logs/routing/23-detailed.log"

Mon Oct 05 13:33:56 UTC 2026 - Executing "sed -i.bak -e {s/\(set ::env(CURRENT_NETLIST)\).*/\1 \/openlane\/designs\/Singgle_cycle\/runs\/RUN_2026.10.05_13.27.22\/results\/routing\/top.nl.v/} /openlane/designs/Singgle_cycle/runs/RUN_2026.10.05_13.27.22/config.tcl"

Mon Oct 05 13:33:56 UTC 2026 - Executing "python3 /openlane/scripts/drc_rosetta.py tr to_klayout -o /openlane/designs/Singgle_cycle/runs/RUN_2026.10.05_13.27.22/reports/routing/drt.klayout.xml --design-name top /openlane/designs/Singgle_cycle/runs/RUN_2026.10.05_13.27.22/reports/routing/drt.drc"

Mon Oct 05 13:33:56 UTC 2026 - Executing "openroad -exit -no_init -python /openlane/scripts/odbpy/wire_lengths.py --report-out /openlane/designs/Singgle_cycle/runs/RUN_2026.10.05_13.27.22/reports/routing/24-wire_lengths.csv --input-lef /openlane/designs/Singgle_cycle/runs/RUN_2026.10.05_13.27.22/tmp/merged.nom.lef --output-def /dev/null --output /openlane/designs/Singgle_cycle/runs/RUN_2026.10.05_13.27.22/results/routing/top.odb /openlane/designs/Singgle_cycle/runs/RUN_2026.10.05_13.27.22/results/routing/top.odb |& tee /dev/null /openlane/designs/Singgle_cycle/runs/RUN_2026.10.05_13.27.22/logs/routing/24-wire_lengths.log"

Mon Oct 05 13:34:00 UTC 2026 - Executing "openroad -exit /openlane/scripts/openroad/rcx.tcl |& tee /dev/null /openlane/designs/Singgle_cycle/runs/RUN_2026.10.05_13.27.22/logs/signoff/25-parasitics_extraction.min.log"

Mon Oct 05 13:34:04 UTC 2026 - Executing "sta -exit -no_init /openlane/scripts/openroad/sta/multi_corner.tcl |& tee /dev/null /openlane/designs/Singgle_cycle/runs/RUN_2026.10.05_13.27.22/logs/signoff/26-rcx_mcsta.min.log"

Mon Oct 05 13:34:19 UTC 2026 - Executing "openroad -exit /openlane/scripts/openroad/rcx.tcl |& tee /dev/null /openlane/designs/Singgle_cycle/runs/RUN_2026.10.05_13.27.22/logs/signoff/27-parasitics_extraction.max.log"

Mon Oct 05 13:34:24 UTC 2026 - Executing "sta -exit -no_init /openlane/scripts/openroad/sta/multi_corner.tcl |& tee /dev/null /openlane/designs/Singgle_cycle/runs/RUN_2026.10.05_13.27.22/logs/signoff/28-rcx_mcsta.max.log"

Mon Oct 05 13:34:40 UTC 2026 - Executing "openroad -exit /openlane/scripts/openroad/rcx.tcl |& tee /dev/null /openlane/designs/Singgle_cycle/runs/RUN_2026.10.05_13.27.22/logs/signoff/29-parasitics_extraction.nom.log"

Mon Oct 05 13:34:45 UTC 2026 - Executing "sta -exit -no_init /openlane/scripts/openroad/sta/multi_corner.tcl |& tee /dev/null /openlane/designs/Singgle_cycle/runs/RUN_2026.10.05_13.27.22/logs/signoff/30-rcx_mcsta.nom.log"

Mon Oct 05 13:34:58 UTC 2026 - Executing "sta -exit -no_init /openlane/scripts/openroad/sta/multi_corner.tcl |& tee /dev/null /openlane/designs/Singgle_cycle/runs/RUN_2026.10.05_13.27.22/logs/signoff/31-rcx_sta.log"

Mon Oct 05 13:35:06 UTC 2026 - Executing "openroad -exit /openlane/scripts/openroad/irdrop.tcl |& tee /dev/null /openlane/designs/Singgle_cycle/runs/RUN_2026.10.05_13.27.22/logs/signoff/32-irdrop.log"

Mon Oct 05 13:35:10 UTC 2026 - Executing "magic -noconsole -dnull -rcfile /home/thiennb/.ciel/sky130A/libs.tech/magic/sky130A.magicrc < /openlane/scripts/magic/wrapper.tcl |& tee /dev/null /openlane/designs/Singgle_cycle/runs/RUN_2026.10.05_13.27.22/logs/signoff/33-gdsii.log"

Mon Oct 05 13:35:20 UTC 2026 - Executing "magic -noconsole -dnull -rcfile /home/thiennb/.ciel/sky130A/libs.tech/magic/sky130A.magicrc < /openlane/scripts/magic/wrapper.tcl |& tee /dev/null /openlane/designs/Singgle_cycle/runs/RUN_2026.10.05_13.27.22/logs/signoff/33-gds_ptrs.log"

Mon Oct 05 13:35:26 UTC 2026 - Executing "sed -i.bak -n {/^<< properties >>/,/^<< end >>/p} /openlane/designs/Singgle_cycle/runs/RUN_2026.10.05_13.27.22/tmp/signoff/gds_ptrs.mag"

Mon Oct 05 13:35:27 UTC 2026 - Executing "magic -noconsole -dnull -rcfile /home/thiennb/.ciel/sky130A/libs.tech/magic/sky130A.magicrc < /openlane/scripts/magic/wrapper.tcl |& tee /dev/null /openlane/designs/Singgle_cycle/runs/RUN_2026.10.05_13.27.22/logs/signoff/33-lef.log"

Mon Oct 05 13:35:38 UTC 2026 - Executing "magic -noconsole -dnull -rcfile /home/thiennb/.ciel/sky130A/libs.tech/magic/sky130A.magicrc < /openlane/scripts/magic/wrapper.tcl |& tee /dev/null /openlane/designs/Singgle_cycle/runs/RUN_2026.10.05_13.27.22/logs/signoff/33-maglef.log"

Mon Oct 05 13:35:39 UTC 2026 - Executing "python3 /openlane/scripts/klayout/stream_out.py --output /openlane/designs/Singgle_cycle/runs/RUN_2026.10.05_13.27.22/results/signoff/top.klayout.gds --lyt /home/thiennb/.ciel/sky130A/libs.tech/klayout/tech/sky130A.lyt --lym /home/thiennb/.ciel/sky130A/libs.tech/klayout/tech/sky130A.map --lyp /home/thiennb/.ciel/sky130A/libs.tech/klayout/tech/sky130A.lyp --top top --with-gds-file /home/thiennb/.ciel/sky130A/libs.ref/sky130_fd_sc_hd/gds/sky130_fd_sc_hd.gds --input-lef /openlane/designs/Singgle_cycle/runs/RUN_2026.10.05_13.27.22/tmp/merged.nom.lef /openlane/designs/Singgle_cycle/runs/RUN_2026.10.05_13.27.22/results/routing/top.def |& tee /dev/null /openlane/designs/Singgle_cycle/runs/RUN_2026.10.05_13.27.22/logs/signoff/34-gdsii-klayout.log"

Mon Oct 05 13:35:42 UTC 2026 - Executing "klayout -b -r /openlane/scripts/klayout/xor.drc -rd a=/openlane/designs/Singgle_cycle/runs/RUN_2026.10.05_13.27.22/results/signoff/top.gds -rd b=/openlane/designs/Singgle_cycle/runs/RUN_2026.10.05_13.27.22/results/signoff/top.klayout.gds -rd jobs=1 -rd rdb_out=/openlane/designs/Singgle_cycle/runs/RUN_2026.10.05_13.27.22/reports/signoff/35-xor.xml -rd ignore=81/14 -rd rpt_out=/openlane/designs/Singgle_cycle/runs/RUN_2026.10.05_13.27.22/reports/signoff/35-xor.rpt |& tee /dev/null /openlane/designs/Singgle_cycle/runs/RUN_2026.10.05_13.27.22/logs/signoff/35-xor.log"

Mon Oct 05 13:36:02 UTC 2026 - Executing "magic -noconsole -dnull -rcfile /home/thiennb/.ciel/sky130A/libs.tech/magic/sky130A.magicrc < /openlane/scripts/magic/wrapper.tcl |& tee /dev/null /openlane/designs/Singgle_cycle/runs/RUN_2026.10.05_13.27.22/logs/signoff/36-spice.log"

Mon Oct 05 13:36:28 UTC 2026 - Executing "openroad -exit -no_init -python /openlane/scripts/odbpy/power_utils.py write_powered_def --output /openlane/designs/Singgle_cycle/runs/RUN_2026.10.05_13.27.22/tmp/signoff/36-top.p.def --input-lef /openlane/designs/Singgle_cycle/runs/RUN_2026.10.05_13.27.22/tmp/merged.nom.lef --power-port VPWR --ground-port VGND --powered-netlist {} /openlane/designs/Singgle_cycle/runs/RUN_2026.10.05_13.27.22/results/routing/top.def |& tee /dev/null /openlane/designs/Singgle_cycle/runs/RUN_2026.10.05_13.27.22/logs/signoff/37-write_powered_def.log"

Mon Oct 05 13:36:31 UTC 2026 - Executing "openroad -exit /openlane/scripts/openroad/write_views.tcl |& tee /dev/null /openlane/designs/Singgle_cycle/runs/RUN_2026.10.05_13.27.22/logs/signoff/37-write_powered_verilog.log"

Mon Oct 05 13:36:33 UTC 2026 - Executing "sed -i.bak -e {s/\(set ::env(CURRENT_NETLIST)\).*/\1 \/openlane\/designs\/Singgle_cycle\/runs\/RUN_2026.10.05_13.27.22\/tmp\/signoff\/36-top.nl.v/} /openlane/designs/Singgle_cycle/runs/RUN_2026.10.05_13.27.22/config.tcl"

Mon Oct 05 13:36:34 UTC 2026 - Executing "netgen -batch source /openlane/designs/Singgle_cycle/runs/RUN_2026.10.05_13.27.22/tmp/signoff/39-setup_file.lef.lvs |& tee /dev/null /openlane/designs/Singgle_cycle/runs/RUN_2026.10.05_13.27.22/logs/signoff/39-lvs.lef.log"

Mon Oct 05 13:36:39 UTC 2026 - Executing "magic -noconsole -dnull -rcfile /home/thiennb/.ciel/sky130A/libs.tech/magic/sky130A.magicrc < /openlane/scripts/magic/wrapper.tcl |& tee /dev/null /openlane/designs/Singgle_cycle/runs/RUN_2026.10.05_13.27.22/logs/signoff/40-drc.log"

Mon Oct 05 13:36:45 UTC 2026 - Executing "python3 /openlane/scripts/drc_rosetta.py magic to_tcl -o /openlane/designs/Singgle_cycle/runs/RUN_2026.10.05_13.27.22/reports/signoff/drc.tcl /openlane/designs/Singgle_cycle/runs/RUN_2026.10.05_13.27.22/reports/signoff/drc.rpt"

Mon Oct 05 13:36:45 UTC 2026 - Executing "python3 /openlane/scripts/drc_rosetta.py magic to_tr -o /openlane/designs/Singgle_cycle/runs/RUN_2026.10.05_13.27.22/reports/signoff/drc.tr /openlane/designs/Singgle_cycle/runs/RUN_2026.10.05_13.27.22/reports/signoff/drc.rpt"

Mon Oct 05 13:36:45 UTC 2026 - Executing "python3 /openlane/scripts/drc_rosetta.py tr to_klayout -o /openlane/designs/Singgle_cycle/runs/RUN_2026.10.05_13.27.22/reports/signoff/drc.klayout.xml --design-name top /openlane/designs/Singgle_cycle/runs/RUN_2026.10.05_13.27.22/reports/signoff/drc.tr"

Mon Oct 05 13:36:45 UTC 2026 - Executing "python3 /openlane/scripts/drc_rosetta.py magic to_rdb -o /openlane/designs/Singgle_cycle/runs/RUN_2026.10.05_13.27.22/reports/signoff/drc.rdb /openlane/designs/Singgle_cycle/runs/RUN_2026.10.05_13.27.22/reports/signoff/drc.rpt"

Mon Oct 05 13:36:46 UTC 2026 - Executing "openroad -exit /openlane/scripts/openroad/antenna_check.tcl |& tee /dev/null /openlane/designs/Singgle_cycle/runs/RUN_2026.10.05_13.27.22/logs/signoff/41-arc.log"

Mon Oct 05 13:36:49 UTC 2026 - Executing "python3 /openlane/scripts/extract_antenna_violators.py --output /openlane/designs/Singgle_cycle/runs/RUN_2026.10.05_13.27.22/reports/signoff/41-antenna_violators.rpt --plain-out /openlane/designs/Singgle_cycle/runs/RUN_2026.10.05_13.27.22/reports/signoff/41-antenna_violators_pins.txt /openlane/designs/Singgle_cycle/runs/RUN_2026.10.05_13.27.22/logs/signoff/41-arc.log"

Mon Oct 05 13:36:49 UTC 2026 - Executing "awk -v vdd=VPWR -v gnd=VGND -f /home/thiennb/.ciel/sky130A/libs.tech/openlane/cvc/power.awk /openlane/designs/Singgle_cycle/runs/RUN_2026.10.05_13.27.22/tmp/signoff/36-top.nl.v > /openlane/designs/Singgle_cycle/runs/RUN_2026.10.05_13.27.22/tmp/signoff/top.power"

Mon Oct 05 13:36:49 UTC 2026 - Executing "awk -f /home/thiennb/.ciel/sky130A/libs.tech/openlane/cvc/cdl.awk /home/thiennb/.ciel/sky130A/libs.ref/sky130_fd_sc_hd/cdl/sky130_fd_sc_hd.cdl /openlane/designs/Singgle_cycle/runs/RUN_2026.10.05_13.27.22/results/signoff/top.lef.spice > /openlane/designs/Singgle_cycle/runs/RUN_2026.10.05_13.27.22/tmp/signoff/top.cdl"

Mon Oct 05 13:36:50 UTC 2026 - Executing "cvc_rv /home/thiennb/.ciel/sky130A/libs.tech/openlane/cvc/cvcrc |& tee /dev/null /openlane/designs/Singgle_cycle/runs/RUN_2026.10.05_13.27.22/logs/signoff/42-erc_screen.log"

